[13:06:35]       main | Dataset: gisette -> gisette.binary.scale
[13:06:35]       main | Comparison run ！ results ★ D:\LocalLLM\jobs\runs\333cf722-1132-480a-a899-c6f36e758299\work\results\fdr_exact_two\gisette
[13:06:44]       data | gisette: 6000 samples, 5000 features -> 4800 train / 1200 test
[13:06:44]       data | Worker 0: 480 train, 1200 test
[13:06:44]       data | Worker 1: 480 train, 1200 test
[13:06:44]       data | Worker 2: 480 train, 1200 test
[13:06:44]       data | Worker 3: 480 train, 1200 test
[13:06:44]       data | Worker 4: 480 train, 1200 test
[13:06:44]       data | Worker 5: 480 train, 1200 test
[13:06:44]       data | Worker 6: 480 train, 1200 test
[13:06:44]       data | Worker 7: 480 train, 1200 test
[13:06:44]       data | Worker 8: 480 train, 1200 test
[13:06:44]       data | Worker 9: 480 train, 1200 test
[13:06:44]       main | === SDCA ===
[13:06:44]    network | 10 nodes built (protocol 0=Linkable, 1=SDCA)
[13:06:44]       main | Training ！ topology=random_kout, k=3, max_cycles=5000, gap_threshold=0.0001
[13:06:44]       init | Node 0 loaded ！ 480 local samples  (+warm start)
[13:06:44]       init | Node 1 loaded ！ 480 local samples  (+warm start)
[13:06:44]       init | Node 2 loaded ！ 480 local samples  (+warm start)
[13:06:44]       init | Node 3 loaded ！ 480 local samples  (+warm start)
[13:06:44]       init | Node 4 loaded ！ 480 local samples  (+warm start)
[13:06:44]       init | Node 5 loaded ！ 480 local samples  (+warm start)
[13:06:44]       init | Node 6 loaded ！ 480 local samples  (+warm start)
[13:06:44]       init | Node 7 loaded ！ 480 local samples  (+warm start)
[13:06:44]       init | Node 8 loaded ！ 480 local samples  (+warm start)
[13:06:44]       init | Node 9 loaded ！ 480 local samples  (+warm start)
[13:06:44]      cdsim | Initialised ！ 10 nodes, 5000 cycles max
[13:06:47]   observer | cycle=0  mean_gap=1.606e-01  max_gap=2.556e-01  max_consensus=5.497e-01  stopped=0/10
[13:07:08]   observer | cycle=10  mean_gap=1.598e-02  max_gap=2.784e-02  max_consensus=6.577e-02  stopped=0/10
[13:07:29]   observer | cycle=20  mean_gap=1.176e-02  max_gap=2.850e-02  max_consensus=1.180e-02  stopped=0/10
[13:07:50]   observer | cycle=30  mean_gap=1.102e-02  max_gap=2.776e-02  max_consensus=5.971e-03  stopped=0/10
[13:08:10]   observer | cycle=40  mean_gap=1.086e-02  max_gap=2.755e-02  max_consensus=4.479e-03  stopped=0/10
[13:08:31]   observer | cycle=50  mean_gap=1.070e-02  max_gap=2.710e-02  max_consensus=4.143e-03  stopped=0/10
[13:08:52]   observer | cycle=60  mean_gap=1.057e-02  max_gap=2.672e-02  max_consensus=3.926e-03  stopped=0/10
[13:09:13]   observer | cycle=70  mean_gap=1.056e-02  max_gap=2.659e-02  max_consensus=3.947e-03  stopped=0/10
[13:09:33]   observer | cycle=80  mean_gap=1.037e-02  max_gap=2.584e-02  max_consensus=3.852e-03  stopped=0/10
[13:09:54]   observer | cycle=90  mean_gap=1.027e-02  max_gap=2.571e-02  max_consensus=3.885e-03  stopped=0/10
[13:10:14]   observer | cycle=100  mean_gap=1.010e-02  max_gap=2.481e-02  max_consensus=3.747e-03  stopped=0/10
[13:10:34]   observer | cycle=110  mean_gap=9.946e-03  max_gap=2.455e-02  max_consensus=3.693e-03  stopped=0/10
[13:10:55]   observer | cycle=120  mean_gap=9.798e-03  max_gap=2.416e-02  max_consensus=3.597e-03  stopped=0/10
[13:11:16]   observer | cycle=130  mean_gap=9.684e-03  max_gap=2.392e-02  max_consensus=3.638e-03  stopped=0/10
[13:11:36]   observer | cycle=140  mean_gap=9.600e-03  max_gap=2.355e-02  max_consensus=3.517e-03  stopped=0/10
[13:11:57]   observer | cycle=150  mean_gap=9.455e-03  max_gap=2.319e-02  max_consensus=3.466e-03  stopped=0/10
[13:12:17]   observer | cycle=160  mean_gap=9.399e-03  max_gap=2.304e-02  max_consensus=3.450e-03  stopped=0/10
[13:12:38]   observer | cycle=170  mean_gap=9.302e-03  max_gap=2.270e-02  max_consensus=3.408e-03  stopped=0/10
[13:12:58]   observer | cycle=180  mean_gap=9.215e-03  max_gap=2.235e-02  max_consensus=3.336e-03  stopped=0/10
[13:13:18]   observer | cycle=190  mean_gap=9.003e-03  max_gap=2.160e-02  max_consensus=3.823e-03  stopped=0/10
[13:13:39]   observer | cycle=200  mean_gap=8.967e-03  max_gap=2.122e-02  max_consensus=3.327e-03  stopped=0/10
[13:13:59]   observer | cycle=210  mean_gap=8.886e-03  max_gap=2.098e-02  max_consensus=3.190e-03  stopped=0/10
[13:14:20]   observer | cycle=220  mean_gap=8.786e-03  max_gap=2.075e-02  max_consensus=3.146e-03  stopped=0/10
[13:14:40]   observer | cycle=230  mean_gap=8.619e-03  max_gap=2.029e-02  max_consensus=3.061e-03  stopped=0/10
[13:15:00]   observer | cycle=240  mean_gap=8.437e-03  max_gap=1.976e-02  max_consensus=3.034e-03  stopped=0/10
[13:15:21]   observer | cycle=250  mean_gap=8.365e-03  max_gap=1.942e-02  max_consensus=2.993e-03  stopped=0/10
[13:15:41]   observer | cycle=260  mean_gap=8.272e-03  max_gap=1.915e-02  max_consensus=2.899e-03  stopped=0/10
[13:16:02]   observer | cycle=270  mean_gap=8.184e-03  max_gap=1.875e-02  max_consensus=2.876e-03  stopped=0/10
[13:16:22]   observer | cycle=280  mean_gap=8.096e-03  max_gap=1.856e-02  max_consensus=2.936e-03  stopped=0/10
[13:16:43]   observer | cycle=290  mean_gap=8.054e-03  max_gap=1.846e-02  max_consensus=2.819e-03  stopped=0/10
[13:17:03]   observer | cycle=300  mean_gap=7.961e-03  max_gap=1.813e-02  max_consensus=2.756e-03  stopped=0/10
[13:17:24]   observer | cycle=310  mean_gap=7.891e-03  max_gap=1.803e-02  max_consensus=2.763e-03  stopped=0/10
[13:17:44]   observer | cycle=320  mean_gap=7.822e-03  max_gap=1.790e-02  max_consensus=2.715e-03  stopped=0/10
[13:18:05]   observer | cycle=330  mean_gap=7.728e-03  max_gap=1.763e-02  max_consensus=2.673e-03  stopped=0/10
[13:18:25]   observer | cycle=340  mean_gap=7.626e-03  max_gap=1.730e-02  max_consensus=2.653e-03  stopped=0/10
[13:18:46]   observer | cycle=350  mean_gap=7.563e-03  max_gap=1.710e-02  max_consensus=2.593e-03  stopped=0/10
[13:19:06]   observer | cycle=360  mean_gap=7.495e-03  max_gap=1.683e-02  max_consensus=2.586e-03  stopped=0/10
[13:19:27]   observer | cycle=370  mean_gap=7.443e-03  max_gap=1.664e-02  max_consensus=2.550e-03  stopped=0/10
[13:19:47]   observer | cycle=380  mean_gap=7.385e-03  max_gap=1.643e-02  max_consensus=2.504e-03  stopped=0/10
[13:20:08]   observer | cycle=390  mean_gap=7.304e-03  max_gap=1.611e-02  max_consensus=2.572e-03  stopped=0/10
[13:20:28]   observer | cycle=400  mean_gap=7.205e-03  max_gap=1.591e-02  max_consensus=2.466e-03  stopped=0/10
[13:20:49]   observer | cycle=410  mean_gap=7.175e-03  max_gap=1.584e-02  max_consensus=2.417e-03  stopped=0/10
[13:21:09]   observer | cycle=420  mean_gap=7.128e-03  max_gap=1.567e-02  max_consensus=2.384e-03  stopped=0/10
[13:21:30]   observer | cycle=430  mean_gap=7.063e-03  max_gap=1.555e-02  max_consensus=2.382e-03  stopped=0/10
[13:21:50]   observer | cycle=440  mean_gap=7.007e-03  max_gap=1.536e-02  max_consensus=2.343e-03  stopped=0/10
[13:22:11]   observer | cycle=450  mean_gap=6.927e-03  max_gap=1.509e-02  max_consensus=2.345e-03  stopped=0/10
[13:22:31]   observer | cycle=460  mean_gap=6.916e-03  max_gap=1.499e-02  max_consensus=2.323e-03  stopped=0/10
[13:22:52]   observer | cycle=470  mean_gap=6.848e-03  max_gap=1.488e-02  max_consensus=2.270e-03  stopped=0/10
[13:23:12]   observer | cycle=480  mean_gap=6.797e-03  max_gap=1.463e-02  max_consensus=2.269e-03  stopped=0/10
[13:23:33]   observer | cycle=490  mean_gap=6.736e-03  max_gap=1.452e-02  max_consensus=2.242e-03  stopped=0/10
[13:23:54]   observer | cycle=500  mean_gap=6.685e-03  max_gap=1.439e-02  max_consensus=2.220e-03  stopped=0/10
[13:24:14]   observer | cycle=510  mean_gap=6.622e-03  max_gap=1.422e-02  max_consensus=2.210e-03  stopped=0/10
[13:24:35]   observer | cycle=520  mean_gap=6.569e-03  max_gap=1.404e-02  max_consensus=2.178e-03  stopped=0/10
[13:24:56]   observer | cycle=530  mean_gap=6.505e-03  max_gap=1.404e-02  max_consensus=2.350e-03  stopped=0/10
[13:25:16]   observer | cycle=540  mean_gap=6.401e-03  max_gap=1.360e-02  max_consensus=2.123e-03  stopped=0/10
[13:25:37]   observer | cycle=550  mean_gap=6.317e-03  max_gap=1.318e-02  max_consensus=2.240e-03  stopped=0/10
[13:25:57]   observer | cycle=560  mean_gap=6.226e-03  max_gap=1.292e-02  max_consensus=1.987e-03  stopped=0/10
[13:26:18]   observer | cycle=570  mean_gap=6.188e-03  max_gap=1.282e-02  max_consensus=2.009e-03  stopped=0/10
[13:26:38]   observer | cycle=580  mean_gap=6.128e-03  max_gap=1.268e-02  max_consensus=1.958e-03  stopped=0/10
[13:26:38]   observer | cycle=580  1 node(s) stopped on stall (rel_change < 0.001)
[13:26:57]   observer | cycle=590  mean_gap=6.073e-03  max_gap=1.250e-02  max_consensus=1.969e-03  stopped=1/10
[13:27:15]   observer | cycle=600  mean_gap=5.999e-03  max_gap=1.234e-02  max_consensus=2.018e-03  stopped=1/10
[13:27:34]   observer | cycle=610  mean_gap=5.965e-03  max_gap=1.223e-02  max_consensus=2.387e-03  stopped=1/10
[13:27:34]   observer | cycle=610  1 node(s) stopped on stall (rel_change < 0.001)
[13:27:50]   observer | cycle=620  mean_gap=5.929e-03  max_gap=1.209e-02  max_consensus=2.804e-03  stopped=2/10
[13:28:07]   observer | cycle=630  mean_gap=5.892e-03  max_gap=1.182e-02  max_consensus=3.412e-03  stopped=2/10
[13:28:07]   observer | cycle=630  3 node(s) stopped on stall (rel_change < 0.001)
[13:28:17]   observer | cycle=640  mean_gap=5.884e-03  max_gap=1.175e-02  max_consensus=3.504e-03  stopped=5/10
[13:28:17]   observer | cycle=640  5 node(s) stopped on stall (rel_change < 0.001)
[13:28:17]      cdsim | Convergence threshold met ！ stopping at cycle 640
[13:28:17]      cdsim | Simulation finished after 641 cycle(s)
[13:28:17]       main | Training complete
[13:28:17]       sdca | Node 0 test accuracy = 0.9708
[13:28:17]       sdca | Node 1 test accuracy = 0.9708
[13:28:17]       sdca | Node 2 test accuracy = 0.9708
[13:28:17]       sdca | Node 3 test accuracy = 0.9708
[13:28:17]       sdca | Node 4 test accuracy = 0.9700
[13:28:17]       sdca | Node 5 test accuracy = 0.9708
[13:28:17]       sdca | Node 6 test accuracy = 0.9700
[13:28:17]       sdca | Node 7 test accuracy = 0.9692
[13:28:17]       sdca | Node 8 test accuracy = 0.9667
[13:28:17]       sdca | Node 9 test accuracy = 0.9700
[13:28:17]       sdca | Average test accuracy across nodes = 0.9700
[13:28:17]       sdca | Total communication = 7,414,484,608 bytes (7414.48 MB) over 10 nodes
[13:28:17]       sdca | Node stop cycles: [640, 640, 610, 630, 640, 640, 630, 580, 640, 630]
[13:28:17]       sdca | Node stop reasons: ['stall', 'stall', 'stall', 'stall', 'stall', 'stall', 'stall', 'stall', 'stall', 'stall']
[13:28:17]       main | sdca metrics ★ D:\LocalLLM\jobs\runs\333cf722-1132-480a-a899-c6f36e758299\work\results\fdr_exact_two\gisette\sdca_metrics.json
[13:28:17]       main | === FDR_SVM ===
[13:28:17]       init | Node 0 loaded ！ 480 local samples
[13:28:17]       init | Node 1 loaded ！ 480 local samples
[13:28:17]       init | Node 2 loaded ！ 480 local samples
[13:28:17]       init | Node 3 loaded ！ 480 local samples
[13:28:17]       init | Node 4 loaded ！ 480 local samples
[13:28:17]       init | Node 5 loaded ！ 480 local samples
[13:28:17]       init | Node 6 loaded ！ 480 local samples
[13:28:17]       init | Node 7 loaded ！ 480 local samples
[13:28:17]       init | Node 8 loaded ！ 480 local samples
[13:28:17]       init | Node 9 loaded ！ 480 local samples
[13:28:17]      cdsim | Initialised ！ 10 nodes, 5000 cycles max
[13:28:17]   observer | cycle=0  mean_rel_change=nan  max_consensus=2.031e+00  stopped=0/10
[13:28:18]   observer | cycle=10  mean_rel_change=1.719e+00  max_consensus=1.934e+00  stopped=0/10
[13:28:19]   observer | cycle=20  mean_rel_change=4.626e-01  max_consensus=1.925e+00  stopped=0/10
[13:28:19]   observer | cycle=30  mean_rel_change=3.362e-01  max_consensus=2.060e+00  stopped=0/10
[13:28:20]   observer | cycle=40  mean_rel_change=5.627e-01  max_consensus=9.080e+00  stopped=0/10
[13:28:20]   observer | cycle=50  mean_rel_change=4.003e-01  max_consensus=4.086e+00  stopped=0/10
[13:28:21]   observer | cycle=60  mean_rel_change=3.216e-01  max_consensus=8.687e+00  stopped=0/10
[13:28:22]   observer | cycle=70  mean_rel_change=2.246e-01  max_consensus=6.477e+00  stopped=0/10
[13:28:22]   observer | cycle=80  mean_rel_change=2.392e-01  max_consensus=3.608e+00  stopped=0/10
[13:28:23]   observer | cycle=90  mean_rel_change=2.282e-01  max_consensus=9.760e+00  stopped=0/10
[13:28:23]   observer | cycle=100  mean_rel_change=2.732e-01  max_consensus=5.021e+00  stopped=0/10
[13:28:24]   observer | cycle=110  mean_rel_change=2.001e-01  max_consensus=4.365e+00  stopped=0/10
[13:28:25]   observer | cycle=120  mean_rel_change=2.038e-01  max_consensus=6.029e+00  stopped=0/10
[13:28:25]   observer | cycle=130  mean_rel_change=1.921e-01  max_consensus=6.336e+00  stopped=0/10
[13:28:26]   observer | cycle=140  mean_rel_change=1.910e-01  max_consensus=8.832e+00  stopped=0/10
[13:28:26]   observer | cycle=150  mean_rel_change=1.894e-01  max_consensus=5.210e+00  stopped=0/10
[13:28:27]   observer | cycle=160  mean_rel_change=2.095e-01  max_consensus=6.028e+00  stopped=0/10
[13:28:28]   observer | cycle=170  mean_rel_change=1.871e-01  max_consensus=5.431e+00  stopped=0/10
[13:28:28]   observer | cycle=180  mean_rel_change=1.954e-01  max_consensus=7.986e+00  stopped=0/10
[13:28:29]   observer | cycle=190  mean_rel_change=2.033e-01  max_consensus=5.548e+00  stopped=0/10
[13:28:30]   observer | cycle=200  mean_rel_change=2.195e-01  max_consensus=4.135e+00  stopped=0/10
[13:28:30]   observer | cycle=210  mean_rel_change=2.165e-01  max_consensus=4.802e+00  stopped=0/10
[13:28:31]   observer | cycle=220  mean_rel_change=2.389e-01  max_consensus=5.595e+00  stopped=0/10
[13:28:31]   observer | cycle=230  mean_rel_change=2.167e-01  max_consensus=5.768e+00  stopped=0/10
[13:28:32]   observer | cycle=240  mean_rel_change=2.129e-01  max_consensus=5.904e+00  stopped=0/10
[13:28:33]   observer | cycle=250  mean_rel_change=2.375e-01  max_consensus=7.266e+00  stopped=0/10
[13:28:33]   observer | cycle=260  mean_rel_change=2.061e-01  max_consensus=4.736e+00  stopped=0/10
[13:28:34]   observer | cycle=270  mean_rel_change=2.226e-01  max_consensus=4.092e+00  stopped=0/10
[13:28:34]   observer | cycle=280  mean_rel_change=2.179e-01  max_consensus=4.599e+00  stopped=0/10
[13:28:35]   observer | cycle=290  mean_rel_change=2.010e-01  max_consensus=5.699e+00  stopped=0/10
[13:28:36]   observer | cycle=300  mean_rel_change=2.474e-01  max_consensus=5.587e+00  stopped=0/10
[13:28:36]   observer | cycle=310  mean_rel_change=2.415e-01  max_consensus=5.249e+00  stopped=0/10
[13:28:37]   observer | cycle=320  mean_rel_change=2.660e-01  max_consensus=3.140e+00  stopped=0/10
[13:28:37]   observer | cycle=330  mean_rel_change=2.080e-01  max_consensus=4.521e+00  stopped=0/10
[13:28:38]   observer | cycle=340  mean_rel_change=2.352e-01  max_consensus=3.886e+00  stopped=0/10
[13:28:39]   observer | cycle=350  mean_rel_change=2.891e-01  max_consensus=6.354e+00  stopped=0/10
[13:28:39]   observer | cycle=360  mean_rel_change=2.025e-01  max_consensus=4.477e+00  stopped=0/10
[13:28:40]   observer | cycle=370  mean_rel_change=2.140e-01  max_consensus=6.852e+00  stopped=0/10
[13:28:40]   observer | cycle=380  mean_rel_change=2.163e-01  max_consensus=8.395e+00  stopped=0/10
[13:28:41]   observer | cycle=390  mean_rel_change=2.131e-01  max_consensus=5.819e+00  stopped=0/10
[13:28:42]   observer | cycle=400  mean_rel_change=1.997e-01  max_consensus=5.974e+00  stopped=0/10
[13:28:42]   observer | cycle=410  mean_rel_change=3.080e-01  max_consensus=1.197e+01  stopped=0/10
[13:28:43]   observer | cycle=420  mean_rel_change=2.201e-01  max_consensus=4.659e+00  stopped=0/10
[13:28:44]   observer | cycle=430  mean_rel_change=2.692e-01  max_consensus=3.057e+00  stopped=0/10
[13:28:44]   observer | cycle=440  mean_rel_change=2.140e-01  max_consensus=4.349e+00  stopped=0/10
[13:28:45]   observer | cycle=450  mean_rel_change=2.905e-01  max_consensus=7.099e+00  stopped=0/10
[13:28:45]   observer | cycle=460  mean_rel_change=2.463e-01  max_consensus=1.007e+01  stopped=0/10
[13:28:46]   observer | cycle=470  mean_rel_change=2.160e-01  max_consensus=7.232e+00  stopped=0/10
[13:28:47]   observer | cycle=480  mean_rel_change=1.976e-01  max_consensus=8.196e+00  stopped=0/10
[13:28:47]   observer | cycle=490  mean_rel_change=2.213e-01  max_consensus=3.534e+00  stopped=0/10
[13:28:48]   observer | cycle=500  mean_rel_change=2.157e-01  max_consensus=9.143e+00  stopped=0/10
[13:28:48]   observer | cycle=510  mean_rel_change=2.048e-01  max_consensus=5.569e+00  stopped=0/10
[13:28:49]   observer | cycle=520  mean_rel_change=1.951e-01  max_consensus=4.659e+00  stopped=0/10
[13:28:50]   observer | cycle=530  mean_rel_change=1.971e-01  max_consensus=4.960e+00  stopped=0/10
[13:28:50]   observer | cycle=540  mean_rel_change=1.981e-01  max_consensus=4.174e+00  stopped=0/10
[13:28:51]   observer | cycle=550  mean_rel_change=2.804e-01  max_consensus=7.372e+00  stopped=0/10
[13:28:51]   observer | cycle=560  mean_rel_change=2.414e-01  max_consensus=4.725e+00  stopped=0/10
[13:28:52]   observer | cycle=570  mean_rel_change=2.096e-01  max_consensus=6.676e+00  stopped=0/10
[13:28:53]   observer | cycle=580  mean_rel_change=2.112e-01  max_consensus=5.007e+00  stopped=0/10
[13:28:53]   observer | cycle=590  mean_rel_change=2.258e-01  max_consensus=1.175e+01  stopped=0/10
[13:28:54]   observer | cycle=600  mean_rel_change=2.134e-01  max_consensus=1.332e+01  stopped=0/10
[13:28:55]   observer | cycle=610  mean_rel_change=2.065e-01  max_consensus=9.311e+00  stopped=0/10
[13:28:55]   observer | cycle=620  mean_rel_change=2.007e-01  max_consensus=5.683e+00  stopped=0/10
[13:28:56]   observer | cycle=630  mean_rel_change=2.123e-01  max_consensus=8.330e+00  stopped=0/10
[13:28:56]   observer | cycle=640  mean_rel_change=2.397e-01  max_consensus=4.934e+00  stopped=0/10
[13:28:57]   observer | cycle=650  mean_rel_change=2.332e-01  max_consensus=5.319e+00  stopped=0/10
[13:28:58]   observer | cycle=660  mean_rel_change=2.137e-01  max_consensus=9.791e+00  stopped=0/10
[13:28:58]   observer | cycle=670  mean_rel_change=2.046e-01  max_consensus=5.082e+00  stopped=0/10
[13:28:59]   observer | cycle=680  mean_rel_change=1.926e-01  max_consensus=6.345e+00  stopped=0/10
[13:28:59]   observer | cycle=690  mean_rel_change=2.004e-01  max_consensus=8.177e+00  stopped=0/10
[13:29:00]   observer | cycle=700  mean_rel_change=2.164e-01  max_consensus=4.588e+00  stopped=0/10
[13:29:01]   observer | cycle=710  mean_rel_change=1.987e-01  max_consensus=6.488e+00  stopped=0/10
[13:29:01]   observer | cycle=720  mean_rel_change=2.269e-01  max_consensus=1.026e+01  stopped=0/10
[13:29:02]   observer | cycle=730  mean_rel_change=2.164e-01  max_consensus=6.099e+00  stopped=0/10
[13:29:03]   observer | cycle=740  mean_rel_change=2.182e-01  max_consensus=5.823e+00  stopped=0/10
[13:29:03]   observer | cycle=750  mean_rel_change=2.174e-01  max_consensus=4.741e+00  stopped=0/10
[13:29:04]   observer | cycle=760  mean_rel_change=2.147e-01  max_consensus=6.498e+00  stopped=0/10
[13:29:04]   observer | cycle=770  mean_rel_change=1.991e-01  max_consensus=6.019e+00  stopped=0/10
[13:29:05]   observer | cycle=780  mean_rel_change=2.195e-01  max_consensus=8.918e+00  stopped=0/10
[13:29:06]   observer | cycle=790  mean_rel_change=2.118e-01  max_consensus=3.969e+00  stopped=0/10
[13:29:06]   observer | cycle=800  mean_rel_change=1.990e-01  max_consensus=7.959e+00  stopped=0/10
[13:29:07]   observer | cycle=810  mean_rel_change=1.994e-01  max_consensus=7.219e+00  stopped=0/10
[13:29:07]   observer | cycle=820  mean_rel_change=1.972e-01  max_consensus=5.133e+00  stopped=0/10
[13:29:08]   observer | cycle=830  mean_rel_change=2.103e-01  max_consensus=5.323e+00  stopped=0/10
[13:29:09]   observer | cycle=840  mean_rel_change=2.130e-01  max_consensus=7.348e+00  stopped=0/10
[13:29:09]   observer | cycle=850  mean_rel_change=2.248e-01  max_consensus=9.279e+00  stopped=0/10
[13:29:10]   observer | cycle=860  mean_rel_change=2.206e-01  max_consensus=3.657e+00  stopped=0/10
[13:29:11]   observer | cycle=870  mean_rel_change=1.984e-01  max_consensus=5.077e+00  stopped=0/10
[13:29:11]   observer | cycle=880  mean_rel_change=1.997e-01  max_consensus=4.447e+00  stopped=0/10
[13:29:12]   observer | cycle=890  mean_rel_change=1.995e-01  max_consensus=5.788e+00  stopped=0/10
[13:29:12]   observer | cycle=900  mean_rel_change=2.303e-01  max_consensus=4.502e+00  stopped=0/10
[13:29:13]   observer | cycle=910  mean_rel_change=3.084e-01  max_consensus=2.629e+00  stopped=0/10
[13:29:14]   observer | cycle=920  mean_rel_change=2.505e-01  max_consensus=3.946e+00  stopped=0/10
[13:29:14]   observer | cycle=930  mean_rel_change=6.121e-01  max_consensus=1.262e+01  stopped=0/10
[13:29:15]   observer | cycle=940  mean_rel_change=2.499e-01  max_consensus=8.179e+00  stopped=0/10
[13:29:15]   observer | cycle=950  mean_rel_change=2.068e-01  max_consensus=5.466e+00  stopped=0/10
[13:29:16]   observer | cycle=960  mean_rel_change=2.134e-01  max_consensus=4.200e+00  stopped=0/10
[13:29:17]   observer | cycle=970  mean_rel_change=2.285e-01  max_consensus=5.746e+00  stopped=0/10
[13:29:17]   observer | cycle=980  mean_rel_change=2.515e-01  max_consensus=5.579e+00  stopped=0/10
[13:29:18]   observer | cycle=990  mean_rel_change=1.905e-01  max_consensus=6.690e+00  stopped=0/10
[13:29:18]   observer | cycle=1000  mean_rel_change=1.991e-01  max_consensus=6.429e+00  stopped=0/10
[13:29:19]   observer | cycle=1010  mean_rel_change=2.128e-01  max_consensus=8.862e+00  stopped=0/10
[13:29:20]   observer | cycle=1020  mean_rel_change=2.142e-01  max_consensus=8.376e+00  stopped=0/10
[13:29:20]   observer | cycle=1030  mean_rel_change=1.955e-01  max_consensus=6.388e+00  stopped=0/10
[13:29:21]   observer | cycle=1040  mean_rel_change=2.100e-01  max_consensus=8.278e+00  stopped=0/10
[13:29:22]   observer | cycle=1050  mean_rel_change=1.911e-01  max_consensus=6.738e+00  stopped=0/10
[13:29:22]   observer | cycle=1060  mean_rel_change=2.012e-01  max_consensus=8.289e+00  stopped=0/10
[13:29:23]   observer | cycle=1070  mean_rel_change=2.258e-01  max_consensus=4.436e+00  stopped=0/10
[13:29:23]   observer | cycle=1080  mean_rel_change=2.143e-01  max_consensus=5.991e+00  stopped=0/10
[13:29:24]   observer | cycle=1090  mean_rel_change=1.870e-01  max_consensus=5.263e+00  stopped=0/10
[13:29:25]   observer | cycle=1100  mean_rel_change=2.248e-01  max_consensus=5.707e+00  stopped=0/10
[13:29:25]   observer | cycle=1110  mean_rel_change=2.271e-01  max_consensus=1.090e+01  stopped=0/10
[13:29:26]   observer | cycle=1120  mean_rel_change=1.930e-01  max_consensus=1.197e+01  stopped=0/10
[13:29:26]   observer | cycle=1130  mean_rel_change=2.002e-01  max_consensus=4.510e+00  stopped=0/10
[13:29:27]   observer | cycle=1140  mean_rel_change=2.079e-01  max_consensus=3.987e+00  stopped=0/10
[13:29:28]   observer | cycle=1150  mean_rel_change=2.500e-01  max_consensus=8.480e+00  stopped=0/10
[13:29:28]   observer | cycle=1160  mean_rel_change=2.113e-01  max_consensus=7.057e+00  stopped=0/10
[13:29:29]   observer | cycle=1170  mean_rel_change=2.170e-01  max_consensus=4.896e+00  stopped=0/10
[13:29:30]   observer | cycle=1180  mean_rel_change=2.502e-01  max_consensus=1.189e+01  stopped=0/10
[13:29:30]   observer | cycle=1190  mean_rel_change=2.393e-01  max_consensus=4.419e+00  stopped=0/10
[13:29:31]   observer | cycle=1200  mean_rel_change=2.673e-01  max_consensus=9.879e+00  stopped=0/10
[13:29:31]   observer | cycle=1210  mean_rel_change=2.474e-01  max_consensus=4.359e+00  stopped=0/10
[13:29:32]   observer | cycle=1220  mean_rel_change=2.378e-01  max_consensus=5.914e+00  stopped=0/10
[13:29:33]   observer | cycle=1230  mean_rel_change=2.157e-01  max_consensus=8.184e+00  stopped=0/10
[13:29:33]   observer | cycle=1240  mean_rel_change=2.077e-01  max_consensus=7.278e+00  stopped=0/10
[13:29:34]   observer | cycle=1250  mean_rel_change=2.166e-01  max_consensus=6.721e+00  stopped=0/10
[13:29:34]   observer | cycle=1260  mean_rel_change=2.121e-01  max_consensus=9.446e+00  stopped=0/10
[13:29:35]   observer | cycle=1270  mean_rel_change=1.998e-01  max_consensus=1.068e+01  stopped=0/10
[13:29:36]   observer | cycle=1280  mean_rel_change=1.971e-01  max_consensus=6.204e+00  stopped=0/10
[13:29:36]   observer | cycle=1290  mean_rel_change=2.174e-01  max_consensus=1.003e+01  stopped=0/10
[13:29:37]   observer | cycle=1300  mean_rel_change=2.234e-01  max_consensus=1.136e+01  stopped=0/10
[13:29:38]   observer | cycle=1310  mean_rel_change=2.155e-01  max_consensus=1.349e+01  stopped=0/10
[13:29:38]   observer | cycle=1320  mean_rel_change=2.572e-01  max_consensus=3.835e+00  stopped=0/10
[13:29:39]   observer | cycle=1330  mean_rel_change=2.154e-01  max_consensus=9.200e+00  stopped=0/10
[13:29:39]   observer | cycle=1340  mean_rel_change=2.096e-01  max_consensus=4.876e+00  stopped=0/10
[13:29:40]   observer | cycle=1350  mean_rel_change=2.147e-01  max_consensus=6.316e+00  stopped=0/10
[13:29:41]   observer | cycle=1360  mean_rel_change=1.976e-01  max_consensus=9.225e+00  stopped=0/10
[13:29:41]   observer | cycle=1370  mean_rel_change=2.397e-01  max_consensus=1.200e+01  stopped=0/10
[13:29:42]   observer | cycle=1380  mean_rel_change=2.187e-01  max_consensus=7.016e+00  stopped=0/10
[13:29:42]   observer | cycle=1390  mean_rel_change=2.644e-01  max_consensus=1.113e+01  stopped=0/10
[13:29:43]   observer | cycle=1400  mean_rel_change=2.308e-01  max_consensus=7.880e+00  stopped=0/10
[13:29:44]   observer | cycle=1410  mean_rel_change=2.189e-01  max_consensus=5.455e+00  stopped=0/10
[13:29:44]   observer | cycle=1420  mean_rel_change=1.948e-01  max_consensus=4.768e+00  stopped=0/10
[13:29:45]   observer | cycle=1430  mean_rel_change=2.087e-01  max_consensus=7.915e+00  stopped=0/10
[13:29:46]   observer | cycle=1440  mean_rel_change=2.151e-01  max_consensus=6.407e+00  stopped=0/10
[13:29:46]   observer | cycle=1450  mean_rel_change=2.449e-01  max_consensus=7.427e+00  stopped=0/10
[13:29:47]   observer | cycle=1460  mean_rel_change=2.021e-01  max_consensus=9.269e+00  stopped=0/10
[13:29:47]   observer | cycle=1470  mean_rel_change=2.112e-01  max_consensus=8.501e+00  stopped=0/10
[13:29:48]   observer | cycle=1480  mean_rel_change=2.149e-01  max_consensus=1.018e+01  stopped=0/10
[13:29:49]   observer | cycle=1490  mean_rel_change=1.921e-01  max_consensus=6.738e+00  stopped=0/10
[13:29:49]   observer | cycle=1500  mean_rel_change=2.051e-01  max_consensus=6.070e+00  stopped=0/10
[13:29:50]   observer | cycle=1510  mean_rel_change=2.157e-01  max_consensus=4.161e+00  stopped=0/10
[13:29:50]   observer | cycle=1520  mean_rel_change=1.861e-01  max_consensus=7.598e+00  stopped=0/10
[13:29:51]   observer | cycle=1530  mean_rel_change=2.056e-01  max_consensus=7.006e+00  stopped=0/10
[13:29:52]   observer | cycle=1540  mean_rel_change=1.877e-01  max_consensus=6.301e+00  stopped=0/10
[13:29:52]   observer | cycle=1550  mean_rel_change=1.891e-01  max_consensus=7.186e+00  stopped=0/10
[13:29:53]   observer | cycle=1560  mean_rel_change=2.093e-01  max_consensus=4.230e+00  stopped=0/10
[13:29:54]   observer | cycle=1570  mean_rel_change=2.356e-01  max_consensus=9.719e+00  stopped=0/10
[13:29:54]   observer | cycle=1580  mean_rel_change=2.062e-01  max_consensus=1.017e+01  stopped=0/10
[13:29:55]   observer | cycle=1590  mean_rel_change=2.510e-01  max_consensus=1.189e+01  stopped=0/10
[13:29:55]   observer | cycle=1600  mean_rel_change=2.367e-01  max_consensus=1.088e+01  stopped=0/10
[13:29:56]   observer | cycle=1610  mean_rel_change=2.873e-01  max_consensus=1.153e+01  stopped=0/10
[13:29:57]   observer | cycle=1620  mean_rel_change=2.190e-01  max_consensus=6.170e+00  stopped=0/10
[13:29:57]   observer | cycle=1630  mean_rel_change=1.875e-01  max_consensus=8.242e+00  stopped=0/10
[13:29:58]   observer | cycle=1640  mean_rel_change=1.884e-01  max_consensus=6.285e+00  stopped=0/10
[13:29:58]   observer | cycle=1650  mean_rel_change=1.969e-01  max_consensus=6.212e+00  stopped=0/10
[13:29:59]   observer | cycle=1660  mean_rel_change=2.084e-01  max_consensus=5.609e+00  stopped=0/10
[13:30:00]   observer | cycle=1670  mean_rel_change=1.951e-01  max_consensus=3.904e+00  stopped=0/10
[13:30:00]   observer | cycle=1680  mean_rel_change=2.170e-01  max_consensus=5.835e+00  stopped=0/10
[13:30:01]   observer | cycle=1690  mean_rel_change=2.565e-01  max_consensus=8.104e+00  stopped=0/10
[13:30:01]   observer | cycle=1700  mean_rel_change=2.381e-01  max_consensus=6.418e+00  stopped=0/10
[13:30:02]   observer | cycle=1710  mean_rel_change=2.172e-01  max_consensus=6.122e+00  stopped=0/10
[13:30:03]   observer | cycle=1720  mean_rel_change=2.275e-01  max_consensus=6.083e+00  stopped=0/10
[13:30:03]   observer | cycle=1730  mean_rel_change=2.237e-01  max_consensus=9.859e+00  stopped=0/10
[13:30:04]   observer | cycle=1740  mean_rel_change=1.997e-01  max_consensus=4.282e+00  stopped=0/10
[13:30:05]   observer | cycle=1750  mean_rel_change=2.021e-01  max_consensus=7.310e+00  stopped=0/10
[13:30:05]   observer | cycle=1760  mean_rel_change=2.272e-01  max_consensus=5.179e+00  stopped=0/10
[13:30:06]   observer | cycle=1770  mean_rel_change=2.394e-01  max_consensus=2.901e+00  stopped=0/10
[13:30:06]   observer | cycle=1780  mean_rel_change=2.248e-01  max_consensus=3.945e+00  stopped=0/10
[13:30:07]   observer | cycle=1790  mean_rel_change=2.885e-01  max_consensus=6.811e+00  stopped=0/10
[13:30:08]   observer | cycle=1800  mean_rel_change=2.305e-01  max_consensus=5.166e+00  stopped=0/10
[13:30:08]   observer | cycle=1810  mean_rel_change=2.506e-01  max_consensus=9.546e+00  stopped=0/10
[13:30:09]   observer | cycle=1820  mean_rel_change=2.371e-01  max_consensus=4.385e+00  stopped=0/10
[13:30:09]   observer | cycle=1830  mean_rel_change=2.017e-01  max_consensus=3.945e+00  stopped=0/10
[13:30:10]   observer | cycle=1840  mean_rel_change=2.195e-01  max_consensus=5.449e+00  stopped=0/10
[13:30:11]   observer | cycle=1850  mean_rel_change=2.459e-01  max_consensus=7.812e+00  stopped=0/10
[13:30:11]   observer | cycle=1860  mean_rel_change=2.385e-01  max_consensus=1.083e+01  stopped=0/10
[13:30:12]   observer | cycle=1870  mean_rel_change=2.230e-01  max_consensus=7.541e+00  stopped=0/10
[13:30:12]   observer | cycle=1880  mean_rel_change=2.234e-01  max_consensus=7.085e+00  stopped=0/10
[13:30:13]   observer | cycle=1890  mean_rel_change=2.166e-01  max_consensus=7.977e+00  stopped=0/10
[13:30:14]   observer | cycle=1900  mean_rel_change=2.048e-01  max_consensus=1.306e+01  stopped=0/10
[13:30:14]   observer | cycle=1910  mean_rel_change=2.103e-01  max_consensus=6.461e+00  stopped=0/10
[13:30:15]   observer | cycle=1920  mean_rel_change=2.027e-01  max_consensus=5.582e+00  stopped=0/10
[13:30:16]   observer | cycle=1930  mean_rel_change=1.906e-01  max_consensus=5.415e+00  stopped=0/10
[13:30:16]   observer | cycle=1940  mean_rel_change=1.923e-01  max_consensus=6.182e+00  stopped=0/10
[13:30:17]   observer | cycle=1950  mean_rel_change=1.871e-01  max_consensus=5.967e+00  stopped=0/10
[13:30:17]   observer | cycle=1960  mean_rel_change=2.070e-01  max_consensus=3.854e+00  stopped=0/10
[13:30:18]   observer | cycle=1970  mean_rel_change=2.447e-01  max_consensus=4.865e+00  stopped=0/10
[13:30:19]   observer | cycle=1980  mean_rel_change=2.335e-01  max_consensus=9.098e+00  stopped=0/10
[13:30:19]   observer | cycle=1990  mean_rel_change=2.445e-01  max_consensus=3.605e+00  stopped=0/10
[13:30:20]   observer | cycle=2000  mean_rel_change=2.615e-01  max_consensus=7.707e+00  stopped=0/10
[13:30:20]   observer | cycle=2010  mean_rel_change=2.347e-01  max_consensus=5.410e+00  stopped=0/10
[13:30:21]   observer | cycle=2020  mean_rel_change=2.284e-01  max_consensus=8.054e+00  stopped=0/10
[13:30:22]   observer | cycle=2030  mean_rel_change=2.435e-01  max_consensus=4.051e+00  stopped=0/10
[13:30:22]   observer | cycle=2040  mean_rel_change=2.374e-01  max_consensus=7.695e+00  stopped=0/10
[13:30:23]   observer | cycle=2050  mean_rel_change=2.445e-01  max_consensus=7.312e+00  stopped=0/10
[13:30:23]   observer | cycle=2060  mean_rel_change=2.579e-01  max_consensus=4.789e+00  stopped=0/10
[13:30:24]   observer | cycle=2070  mean_rel_change=2.088e-01  max_consensus=5.600e+00  stopped=0/10
[13:30:25]   observer | cycle=2080  mean_rel_change=2.371e-01  max_consensus=6.028e+00  stopped=0/10
[13:30:25]   observer | cycle=2090  mean_rel_change=2.365e-01  max_consensus=4.954e+00  stopped=0/10
[13:30:26]   observer | cycle=2100  mean_rel_change=2.074e-01  max_consensus=3.357e+00  stopped=0/10
[13:30:27]   observer | cycle=2110  mean_rel_change=2.090e-01  max_consensus=2.942e+00  stopped=0/10
[13:30:27]   observer | cycle=2120  mean_rel_change=2.386e-01  max_consensus=9.031e+00  stopped=0/10
[13:30:28]   observer | cycle=2130  mean_rel_change=3.740e-01  max_consensus=6.724e+00  stopped=0/10
[13:30:28]   observer | cycle=2140  mean_rel_change=2.308e-01  max_consensus=4.137e+00  stopped=0/10
[13:30:29]   observer | cycle=2150  mean_rel_change=2.289e-01  max_consensus=5.227e+00  stopped=0/10
[13:30:30]   observer | cycle=2160  mean_rel_change=2.301e-01  max_consensus=8.056e+00  stopped=0/10
[13:30:30]   observer | cycle=2170  mean_rel_change=1.952e-01  max_consensus=8.193e+00  stopped=0/10
[13:30:31]   observer | cycle=2180  mean_rel_change=2.224e-01  max_consensus=4.392e+00  stopped=0/10
[13:30:31]   observer | cycle=2190  mean_rel_change=1.992e-01  max_consensus=4.529e+00  stopped=0/10
[13:30:32]   observer | cycle=2200  mean_rel_change=1.967e-01  max_consensus=5.959e+00  stopped=0/10
[13:30:33]   observer | cycle=2210  mean_rel_change=1.990e-01  max_consensus=5.712e+00  stopped=0/10
[13:30:33]   observer | cycle=2220  mean_rel_change=2.060e-01  max_consensus=5.055e+00  stopped=0/10
[13:30:34]   observer | cycle=2230  mean_rel_change=1.965e-01  max_consensus=4.188e+00  stopped=0/10
[13:30:34]   observer | cycle=2240  mean_rel_change=2.454e-01  max_consensus=4.932e+00  stopped=0/10
[13:30:35]   observer | cycle=2250  mean_rel_change=3.106e-01  max_consensus=1.341e+01  stopped=0/10
[13:30:36]   observer | cycle=2260  mean_rel_change=2.154e-01  max_consensus=7.895e+00  stopped=0/10
[13:30:36]   observer | cycle=2270  mean_rel_change=2.245e-01  max_consensus=1.037e+01  stopped=0/10
[13:30:37]   observer | cycle=2280  mean_rel_change=2.363e-01  max_consensus=6.539e+00  stopped=0/10
[13:30:38]   observer | cycle=2290  mean_rel_change=2.135e-01  max_consensus=5.537e+00  stopped=0/10
[13:30:38]   observer | cycle=2300  mean_rel_change=2.281e-01  max_consensus=5.997e+00  stopped=0/10
[13:30:39]   observer | cycle=2310  mean_rel_change=2.346e-01  max_consensus=9.003e+00  stopped=0/10
[13:30:39]   observer | cycle=2320  mean_rel_change=2.235e-01  max_consensus=7.978e+00  stopped=0/10
[13:30:40]   observer | cycle=2330  mean_rel_change=2.080e-01  max_consensus=3.935e+00  stopped=0/10
[13:30:41]   observer | cycle=2340  mean_rel_change=2.140e-01  max_consensus=4.885e+00  stopped=0/10
[13:30:41]   observer | cycle=2350  mean_rel_change=2.223e-01  max_consensus=4.298e+00  stopped=0/10
[13:30:42]   observer | cycle=2360  mean_rel_change=2.314e-01  max_consensus=3.661e+00  stopped=0/10
[13:30:42]   observer | cycle=2370  mean_rel_change=2.134e-01  max_consensus=3.433e+00  stopped=0/10
[13:30:43]   observer | cycle=2380  mean_rel_change=3.945e-01  max_consensus=1.008e+01  stopped=0/10
[13:30:44]   observer | cycle=2390  mean_rel_change=2.422e-01  max_consensus=8.326e+00  stopped=0/10
[13:30:44]   observer | cycle=2400  mean_rel_change=2.026e-01  max_consensus=5.144e+00  stopped=0/10
[13:30:45]   observer | cycle=2410  mean_rel_change=1.935e-01  max_consensus=6.641e+00  stopped=0/10
[13:30:46]   observer | cycle=2420  mean_rel_change=2.268e-01  max_consensus=1.184e+01  stopped=0/10
[13:30:46]   observer | cycle=2430  mean_rel_change=2.282e-01  max_consensus=7.564e+00  stopped=0/10
[13:30:47]   observer | cycle=2440  mean_rel_change=2.080e-01  max_consensus=5.251e+00  stopped=0/10
[13:30:47]   observer | cycle=2450  mean_rel_change=3.037e-01  max_consensus=2.935e+00  stopped=0/10
[13:30:48]   observer | cycle=2460  mean_rel_change=3.160e-01  max_consensus=5.341e+00  stopped=0/10
[13:30:49]   observer | cycle=2470  mean_rel_change=2.823e-01  max_consensus=6.081e+00  stopped=0/10
[13:30:49]   observer | cycle=2480  mean_rel_change=2.132e-01  max_consensus=4.583e+00  stopped=0/10
[13:30:50]   observer | cycle=2490  mean_rel_change=1.882e-01  max_consensus=3.820e+00  stopped=0/10
[13:30:50]   observer | cycle=2500  mean_rel_change=1.919e-01  max_consensus=4.287e+00  stopped=0/10
[13:30:51]   observer | cycle=2510  mean_rel_change=2.217e-01  max_consensus=8.464e+00  stopped=0/10
[13:30:52]   observer | cycle=2520  mean_rel_change=2.125e-01  max_consensus=4.532e+00  stopped=0/10
[13:30:52]   observer | cycle=2530  mean_rel_change=2.948e-01  max_consensus=5.885e+00  stopped=0/10
[13:30:53]   observer | cycle=2540  mean_rel_change=2.036e-01  max_consensus=6.966e+00  stopped=0/10
[13:30:53]   observer | cycle=2550  mean_rel_change=1.962e-01  max_consensus=1.034e+01  stopped=0/10
[13:30:54]   observer | cycle=2560  mean_rel_change=2.093e-01  max_consensus=4.984e+00  stopped=0/10
[13:30:55]   observer | cycle=2570  mean_rel_change=2.097e-01  max_consensus=3.674e+00  stopped=0/10
[13:30:55]   observer | cycle=2580  mean_rel_change=2.377e-01  max_consensus=3.173e+00  stopped=0/10
[13:30:56]   observer | cycle=2590  mean_rel_change=2.635e-01  max_consensus=9.207e+00  stopped=0/10
[13:30:56]   observer | cycle=2600  mean_rel_change=3.867e-01  max_consensus=7.120e+00  stopped=0/10
[13:30:57]   observer | cycle=2610  mean_rel_change=2.480e-01  max_consensus=6.600e+00  stopped=0/10
[13:30:58]   observer | cycle=2620  mean_rel_change=2.223e-01  max_consensus=6.971e+00  stopped=0/10
[13:30:58]   observer | cycle=2630  mean_rel_change=2.526e-01  max_consensus=7.860e+00  stopped=0/10
[13:30:59]   observer | cycle=2640  mean_rel_change=2.585e-01  max_consensus=6.035e+00  stopped=0/10
[13:31:00]   observer | cycle=2650  mean_rel_change=2.318e-01  max_consensus=3.946e+00  stopped=0/10
[13:31:00]   observer | cycle=2660  mean_rel_change=2.834e-01  max_consensus=1.045e+01  stopped=0/10
[13:31:01]   observer | cycle=2670  mean_rel_change=2.088e-01  max_consensus=6.907e+00  stopped=0/10
[13:31:01]   observer | cycle=2680  mean_rel_change=2.115e-01  max_consensus=5.587e+00  stopped=0/10
[13:31:02]   observer | cycle=2690  mean_rel_change=2.860e-01  max_consensus=7.639e+00  stopped=0/10
[13:31:03]   observer | cycle=2700  mean_rel_change=2.263e-01  max_consensus=8.608e+00  stopped=0/10
[13:31:03]   observer | cycle=2710  mean_rel_change=2.227e-01  max_consensus=7.831e+00  stopped=0/10
[13:31:04]   observer | cycle=2720  mean_rel_change=2.242e-01  max_consensus=4.824e+00  stopped=0/10
[13:31:04]   observer | cycle=2730  mean_rel_change=2.183e-01  max_consensus=6.990e+00  stopped=0/10
[13:31:05]   observer | cycle=2740  mean_rel_change=2.573e-01  max_consensus=5.895e+00  stopped=0/10
[13:31:06]   observer | cycle=2750  mean_rel_change=2.141e-01  max_consensus=6.976e+00  stopped=0/10
[13:31:06]   observer | cycle=2760  mean_rel_change=1.998e-01  max_consensus=6.981e+00  stopped=0/10
[13:31:07]   observer | cycle=2770  mean_rel_change=2.069e-01  max_consensus=7.853e+00  stopped=0/10
[13:31:08]   observer | cycle=2780  mean_rel_change=1.985e-01  max_consensus=4.402e+00  stopped=0/10
[13:31:08]   observer | cycle=2790  mean_rel_change=3.059e-01  max_consensus=9.170e+00  stopped=0/10
[13:31:09]   observer | cycle=2800  mean_rel_change=1.969e-01  max_consensus=5.543e+00  stopped=0/10
[13:31:09]   observer | cycle=2810  mean_rel_change=1.828e-01  max_consensus=6.005e+00  stopped=0/10
[13:31:10]   observer | cycle=2820  mean_rel_change=2.702e-01  max_consensus=3.084e+00  stopped=0/10
[13:31:11]   observer | cycle=2830  mean_rel_change=2.428e-01  max_consensus=1.124e+01  stopped=0/10
[13:31:11]   observer | cycle=2840  mean_rel_change=2.263e-01  max_consensus=2.742e+00  stopped=0/10
[13:31:12]   observer | cycle=2850  mean_rel_change=2.131e-01  max_consensus=3.436e+00  stopped=0/10
[13:31:12]   observer | cycle=2860  mean_rel_change=2.824e-01  max_consensus=8.827e+00  stopped=0/10
[13:31:13]   observer | cycle=2870  mean_rel_change=2.881e-01  max_consensus=1.054e+01  stopped=0/10
[13:31:14]   observer | cycle=2880  mean_rel_change=2.380e-01  max_consensus=3.816e+00  stopped=0/10
[13:31:14]   observer | cycle=2890  mean_rel_change=2.207e-01  max_consensus=7.597e+00  stopped=0/10
[13:31:15]   observer | cycle=2900  mean_rel_change=2.059e-01  max_consensus=6.320e+00  stopped=0/10
[13:31:16]   observer | cycle=2910  mean_rel_change=2.163e-01  max_consensus=4.362e+00  stopped=0/10
[13:31:16]   observer | cycle=2920  mean_rel_change=2.537e-01  max_consensus=8.869e+00  stopped=0/10
[13:31:17]   observer | cycle=2930  mean_rel_change=2.161e-01  max_consensus=5.528e+00  stopped=0/10
[13:31:17]   observer | cycle=2940  mean_rel_change=1.949e-01  max_consensus=5.239e+00  stopped=0/10
[13:31:18]   observer | cycle=2950  mean_rel_change=2.260e-01  max_consensus=5.773e+00  stopped=0/10
[13:31:19]   observer | cycle=2960  mean_rel_change=2.225e-01  max_consensus=4.121e+00  stopped=0/10
[13:31:19]   observer | cycle=2970  mean_rel_change=2.356e-01  max_consensus=7.182e+00  stopped=0/10
[13:31:20]   observer | cycle=2980  mean_rel_change=2.199e-01  max_consensus=5.846e+00  stopped=0/10
[13:31:20]   observer | cycle=2990  mean_rel_change=2.005e-01  max_consensus=6.957e+00  stopped=0/10
[13:31:21]   observer | cycle=3000  mean_rel_change=2.241e-01  max_consensus=3.567e+00  stopped=0/10
[13:31:22]   observer | cycle=3010  mean_rel_change=2.044e-01  max_consensus=3.952e+00  stopped=0/10
[13:31:22]   observer | cycle=3020  mean_rel_change=3.271e-01  max_consensus=9.431e+00  stopped=0/10
[13:31:23]   observer | cycle=3030  mean_rel_change=2.744e-01  max_consensus=6.172e+00  stopped=0/10
[13:31:23]   observer | cycle=3040  mean_rel_change=2.289e-01  max_consensus=6.462e+00  stopped=0/10
[13:31:24]   observer | cycle=3050  mean_rel_change=2.149e-01  max_consensus=4.798e+00  stopped=0/10
[13:31:25]   observer | cycle=3060  mean_rel_change=2.499e-01  max_consensus=1.030e+01  stopped=0/10
[13:31:25]   observer | cycle=3070  mean_rel_change=2.586e-01  max_consensus=9.096e+00  stopped=0/10
[13:31:26]   observer | cycle=3080  mean_rel_change=2.490e-01  max_consensus=7.742e+00  stopped=0/10
[13:31:27]   observer | cycle=3090  mean_rel_change=2.357e-01  max_consensus=4.631e+00  stopped=0/10
[13:31:27]   observer | cycle=3100  mean_rel_change=2.465e-01  max_consensus=1.243e+01  stopped=0/10
[13:31:28]   observer | cycle=3110  mean_rel_change=2.149e-01  max_consensus=5.291e+00  stopped=0/10
[13:31:28]   observer | cycle=3120  mean_rel_change=2.148e-01  max_consensus=4.126e+00  stopped=0/10
[13:31:29]   observer | cycle=3130  mean_rel_change=2.065e-01  max_consensus=4.250e+00  stopped=0/10
[13:31:30]   observer | cycle=3140  mean_rel_change=2.591e-01  max_consensus=7.283e+00  stopped=0/10
[13:31:30]   observer | cycle=3150  mean_rel_change=1.990e-01  max_consensus=3.563e+00  stopped=0/10
[13:31:31]   observer | cycle=3160  mean_rel_change=2.163e-01  max_consensus=5.607e+00  stopped=0/10
[13:31:31]   observer | cycle=3170  mean_rel_change=2.638e-01  max_consensus=1.390e+01  stopped=0/10
[13:31:32]   observer | cycle=3180  mean_rel_change=2.224e-01  max_consensus=7.143e+00  stopped=0/10
[13:31:33]   observer | cycle=3190  mean_rel_change=2.297e-01  max_consensus=4.003e+00  stopped=0/10
[13:31:33]   observer | cycle=3200  mean_rel_change=2.348e-01  max_consensus=4.445e+00  stopped=0/10
[13:31:34]   observer | cycle=3210  mean_rel_change=2.262e-01  max_consensus=9.220e+00  stopped=0/10
[13:31:35]   observer | cycle=3220  mean_rel_change=2.533e-01  max_consensus=4.435e+00  stopped=0/10
[13:31:35]   observer | cycle=3230  mean_rel_change=2.288e-01  max_consensus=5.685e+00  stopped=0/10
[13:31:36]   observer | cycle=3240  mean_rel_change=2.066e-01  max_consensus=4.462e+00  stopped=0/10
[13:31:36]   observer | cycle=3250  mean_rel_change=2.221e-01  max_consensus=6.320e+00  stopped=0/10
[13:31:37]   observer | cycle=3260  mean_rel_change=1.968e-01  max_consensus=5.383e+00  stopped=0/10
[13:31:38]   observer | cycle=3270  mean_rel_change=1.866e-01  max_consensus=6.667e+00  stopped=0/10
[13:31:38]   observer | cycle=3280  mean_rel_change=2.017e-01  max_consensus=4.389e+00  stopped=0/10
[13:31:39]   observer | cycle=3290  mean_rel_change=1.993e-01  max_consensus=3.986e+00  stopped=0/10
[13:31:39]   observer | cycle=3300  mean_rel_change=1.805e-01  max_consensus=3.482e+00  stopped=0/10
[13:31:40]   observer | cycle=3310  mean_rel_change=2.388e-01  max_consensus=3.409e+00  stopped=0/10
[13:31:41]   observer | cycle=3320  mean_rel_change=2.187e-01  max_consensus=4.036e+00  stopped=0/10
[13:31:41]   observer | cycle=3330  mean_rel_change=3.884e-01  max_consensus=6.364e+00  stopped=0/10
[13:31:42]   observer | cycle=3340  mean_rel_change=3.085e-01  max_consensus=5.130e+00  stopped=0/10
[13:31:42]   observer | cycle=3350  mean_rel_change=2.381e-01  max_consensus=1.353e+01  stopped=0/10
[13:31:43]   observer | cycle=3360  mean_rel_change=2.282e-01  max_consensus=5.747e+00  stopped=0/10
[13:31:44]   observer | cycle=3370  mean_rel_change=2.282e-01  max_consensus=3.671e+00  stopped=0/10
[13:31:44]   observer | cycle=3380  mean_rel_change=2.181e-01  max_consensus=4.969e+00  stopped=0/10
[13:31:45]   observer | cycle=3390  mean_rel_change=2.360e-01  max_consensus=6.898e+00  stopped=0/10
[13:31:46]   observer | cycle=3400  mean_rel_change=2.386e-01  max_consensus=5.326e+00  stopped=0/10
[13:31:46]   observer | cycle=3410  mean_rel_change=2.326e-01  max_consensus=5.568e+00  stopped=0/10
[13:31:47]   observer | cycle=3420  mean_rel_change=1.971e-01  max_consensus=6.590e+00  stopped=0/10
[13:31:47]   observer | cycle=3430  mean_rel_change=2.649e-01  max_consensus=4.280e+00  stopped=0/10
[13:31:48]   observer | cycle=3440  mean_rel_change=1.951e-01  max_consensus=4.249e+00  stopped=0/10
[13:31:49]   observer | cycle=3450  mean_rel_change=2.082e-01  max_consensus=5.578e+00  stopped=0/10
[13:31:49]   observer | cycle=3460  mean_rel_change=2.101e-01  max_consensus=1.217e+01  stopped=0/10
[13:31:50]   observer | cycle=3470  mean_rel_change=2.221e-01  max_consensus=7.986e+00  stopped=0/10
[13:31:50]   observer | cycle=3480  mean_rel_change=1.996e-01  max_consensus=7.253e+00  stopped=0/10
[13:31:51]   observer | cycle=3490  mean_rel_change=2.817e-01  max_consensus=3.778e+00  stopped=0/10
[13:31:52]   observer | cycle=3500  mean_rel_change=2.477e-01  max_consensus=4.964e+00  stopped=0/10
[13:31:52]   observer | cycle=3510  mean_rel_change=2.589e-01  max_consensus=7.061e+00  stopped=0/10
[13:31:53]   observer | cycle=3520  mean_rel_change=2.406e-01  max_consensus=4.070e+00  stopped=0/10
[13:31:53]   observer | cycle=3530  mean_rel_change=2.514e-01  max_consensus=1.334e+01  stopped=0/10
[13:31:54]   observer | cycle=3540  mean_rel_change=2.448e-01  max_consensus=4.528e+00  stopped=0/10
[13:31:55]   observer | cycle=3550  mean_rel_change=2.269e-01  max_consensus=4.930e+00  stopped=0/10
[13:31:55]   observer | cycle=3560  mean_rel_change=2.095e-01  max_consensus=6.300e+00  stopped=0/10
[13:31:56]   observer | cycle=3570  mean_rel_change=2.002e-01  max_consensus=5.070e+00  stopped=0/10
[13:31:57]   observer | cycle=3580  mean_rel_change=2.391e-01  max_consensus=8.403e+00  stopped=0/10
[13:31:57]   observer | cycle=3590  mean_rel_change=2.097e-01  max_consensus=4.743e+00  stopped=0/10
[13:31:58]   observer | cycle=3600  mean_rel_change=2.026e-01  max_consensus=5.097e+00  stopped=0/10
[13:31:58]   observer | cycle=3610  mean_rel_change=2.095e-01  max_consensus=3.727e+00  stopped=0/10
[13:31:59]   observer | cycle=3620  mean_rel_change=2.081e-01  max_consensus=4.972e+00  stopped=0/10
[13:32:00]   observer | cycle=3630  mean_rel_change=2.549e-01  max_consensus=5.860e+00  stopped=0/10
[13:32:00]   observer | cycle=3640  mean_rel_change=2.425e-01  max_consensus=1.123e+01  stopped=0/10
[13:32:01]   observer | cycle=3650  mean_rel_change=2.183e-01  max_consensus=5.000e+00  stopped=0/10
[13:32:01]   observer | cycle=3660  mean_rel_change=1.898e-01  max_consensus=5.711e+00  stopped=0/10
[13:32:02]   observer | cycle=3670  mean_rel_change=2.003e-01  max_consensus=6.643e+00  stopped=0/10
[13:32:03]   observer | cycle=3680  mean_rel_change=2.176e-01  max_consensus=3.673e+00  stopped=0/10
[13:32:03]   observer | cycle=3690  mean_rel_change=3.586e-01  max_consensus=1.239e+01  stopped=0/10
[13:32:04]   observer | cycle=3700  mean_rel_change=2.114e-01  max_consensus=5.671e+00  stopped=0/10
[13:32:04]   observer | cycle=3710  mean_rel_change=2.078e-01  max_consensus=1.094e+01  stopped=0/10
[13:32:05]   observer | cycle=3720  mean_rel_change=2.044e-01  max_consensus=4.682e+00  stopped=0/10
[13:32:06]   observer | cycle=3730  mean_rel_change=1.984e-01  max_consensus=5.266e+00  stopped=0/10
[13:32:06]   observer | cycle=3740  mean_rel_change=2.290e-01  max_consensus=1.036e+01  stopped=0/10
[13:32:07]   observer | cycle=3750  mean_rel_change=2.246e-01  max_consensus=6.789e+00  stopped=0/10
[13:32:08]   observer | cycle=3760  mean_rel_change=1.996e-01  max_consensus=8.602e+00  stopped=0/10
[13:32:08]   observer | cycle=3770  mean_rel_change=2.114e-01  max_consensus=4.747e+00  stopped=0/10
[13:32:09]   observer | cycle=3780  mean_rel_change=2.227e-01  max_consensus=3.976e+00  stopped=0/10
[13:32:09]   observer | cycle=3790  mean_rel_change=2.504e-01  max_consensus=4.757e+00  stopped=0/10
[13:32:10]   observer | cycle=3800  mean_rel_change=2.874e-01  max_consensus=7.517e+00  stopped=0/10
[13:32:11]   observer | cycle=3810  mean_rel_change=2.447e-01  max_consensus=7.970e+00  stopped=0/10
[13:32:11]   observer | cycle=3820  mean_rel_change=2.401e-01  max_consensus=9.367e+00  stopped=0/10
[13:32:12]   observer | cycle=3830  mean_rel_change=2.270e-01  max_consensus=5.402e+00  stopped=0/10
[13:32:12]   observer | cycle=3840  mean_rel_change=1.984e-01  max_consensus=7.727e+00  stopped=0/10
[13:32:13]   observer | cycle=3850  mean_rel_change=2.400e-01  max_consensus=7.602e+00  stopped=0/10
[13:32:14]   observer | cycle=3860  mean_rel_change=2.518e-01  max_consensus=9.620e+00  stopped=0/10
[13:32:14]   observer | cycle=3870  mean_rel_change=2.148e-01  max_consensus=5.280e+00  stopped=0/10
[13:32:15]   observer | cycle=3880  mean_rel_change=2.741e-01  max_consensus=8.623e+00  stopped=0/10
[13:32:15]   observer | cycle=3890  mean_rel_change=2.313e-01  max_consensus=4.100e+00  stopped=0/10
[13:32:16]   observer | cycle=3900  mean_rel_change=2.255e-01  max_consensus=5.733e+00  stopped=0/10
[13:32:17]   observer | cycle=3910  mean_rel_change=2.328e-01  max_consensus=8.524e+00  stopped=0/10
[13:32:17]   observer | cycle=3920  mean_rel_change=2.293e-01  max_consensus=4.801e+00  stopped=0/10
[13:32:18]   observer | cycle=3930  mean_rel_change=2.187e-01  max_consensus=9.674e+00  stopped=0/10
[13:32:19]   observer | cycle=3940  mean_rel_change=1.899e-01  max_consensus=9.751e+00  stopped=0/10
[13:32:19]   observer | cycle=3950  mean_rel_change=2.003e-01  max_consensus=4.177e+00  stopped=0/10
[13:32:20]   observer | cycle=3960  mean_rel_change=2.339e-01  max_consensus=5.476e+00  stopped=0/10
[13:32:20]   observer | cycle=3970  mean_rel_change=2.227e-01  max_consensus=4.833e+00  stopped=0/10
[13:32:21]   observer | cycle=3980  mean_rel_change=2.520e-01  max_consensus=6.640e+00  stopped=0/10
[13:32:22]   observer | cycle=3990  mean_rel_change=2.300e-01  max_consensus=5.025e+00  stopped=0/10
[13:32:22]   observer | cycle=4000  mean_rel_change=2.184e-01  max_consensus=5.446e+00  stopped=0/10
[13:32:23]   observer | cycle=4010  mean_rel_change=2.119e-01  max_consensus=3.225e+00  stopped=0/10
[13:32:23]   observer | cycle=4020  mean_rel_change=2.985e-01  max_consensus=8.284e+00  stopped=0/10
[13:32:24]   observer | cycle=4030  mean_rel_change=2.352e-01  max_consensus=4.982e+00  stopped=0/10
[13:32:25]   observer | cycle=4040  mean_rel_change=2.718e-01  max_consensus=6.649e+00  stopped=0/10
[13:32:25]   observer | cycle=4050  mean_rel_change=2.014e-01  max_consensus=6.666e+00  stopped=0/10
[13:32:26]   observer | cycle=4060  mean_rel_change=2.201e-01  max_consensus=3.956e+00  stopped=0/10
[13:32:26]   observer | cycle=4070  mean_rel_change=2.095e-01  max_consensus=3.551e+00  stopped=0/10
[13:32:27]   observer | cycle=4080  mean_rel_change=2.600e-01  max_consensus=6.535e+00  stopped=0/10
[13:32:28]   observer | cycle=4090  mean_rel_change=2.153e-01  max_consensus=6.104e+00  stopped=0/10
[13:32:28]   observer | cycle=4100  mean_rel_change=2.012e-01  max_consensus=3.231e+00  stopped=0/10
[13:32:29]   observer | cycle=4110  mean_rel_change=1.987e-01  max_consensus=5.148e+00  stopped=0/10
[13:32:30]   observer | cycle=4120  mean_rel_change=2.341e-01  max_consensus=6.806e+00  stopped=0/10
[13:32:30]   observer | cycle=4130  mean_rel_change=2.387e-01  max_consensus=6.892e+00  stopped=0/10
[13:32:31]   observer | cycle=4140  mean_rel_change=2.717e-01  max_consensus=3.990e+00  stopped=0/10
[13:32:31]   observer | cycle=4150  mean_rel_change=2.033e-01  max_consensus=5.400e+00  stopped=0/10
[13:32:32]   observer | cycle=4160  mean_rel_change=2.939e-01  max_consensus=1.114e+01  stopped=0/10
[13:32:33]   observer | cycle=4170  mean_rel_change=2.255e-01  max_consensus=6.059e+00  stopped=0/10
[13:32:33]   observer | cycle=4180  mean_rel_change=2.229e-01  max_consensus=5.238e+00  stopped=0/10
[13:32:34]   observer | cycle=4190  mean_rel_change=2.116e-01  max_consensus=6.843e+00  stopped=0/10
[13:32:34]   observer | cycle=4200  mean_rel_change=2.198e-01  max_consensus=3.925e+00  stopped=0/10
[13:32:35]   observer | cycle=4210  mean_rel_change=2.072e-01  max_consensus=4.388e+00  stopped=0/10
[13:32:36]   observer | cycle=4220  mean_rel_change=2.081e-01  max_consensus=4.181e+00  stopped=0/10
[13:32:36]   observer | cycle=4230  mean_rel_change=2.728e-01  max_consensus=3.990e+00  stopped=0/10
[13:32:37]   observer | cycle=4240  mean_rel_change=2.432e-01  max_consensus=4.971e+00  stopped=0/10
[13:32:37]   observer | cycle=4250  mean_rel_change=3.461e-01  max_consensus=1.192e+01  stopped=0/10
[13:32:38]   observer | cycle=4260  mean_rel_change=2.220e-01  max_consensus=4.453e+00  stopped=0/10
[13:32:39]   observer | cycle=4270  mean_rel_change=2.110e-01  max_consensus=6.927e+00  stopped=0/10
[13:32:39]   observer | cycle=4280  mean_rel_change=2.024e-01  max_consensus=6.768e+00  stopped=0/10
[13:32:40]   observer | cycle=4290  mean_rel_change=2.222e-01  max_consensus=6.930e+00  stopped=0/10
[13:32:41]   observer | cycle=4300  mean_rel_change=2.116e-01  max_consensus=5.518e+00  stopped=0/10
[13:32:41]   observer | cycle=4310  mean_rel_change=2.378e-01  max_consensus=5.474e+00  stopped=0/10
[13:32:42]   observer | cycle=4320  mean_rel_change=2.470e-01  max_consensus=9.258e+00  stopped=0/10
[13:32:42]   observer | cycle=4330  mean_rel_change=2.124e-01  max_consensus=5.221e+00  stopped=0/10
[13:32:43]   observer | cycle=4340  mean_rel_change=2.036e-01  max_consensus=5.070e+00  stopped=0/10
[13:32:44]   observer | cycle=4350  mean_rel_change=1.994e-01  max_consensus=5.646e+00  stopped=0/10
[13:32:44]   observer | cycle=4360  mean_rel_change=1.979e-01  max_consensus=7.684e+00  stopped=0/10
[13:32:45]   observer | cycle=4370  mean_rel_change=1.953e-01  max_consensus=4.960e+00  stopped=0/10
[13:32:45]   observer | cycle=4380  mean_rel_change=2.201e-01  max_consensus=3.799e+00  stopped=0/10
[13:32:46]   observer | cycle=4390  mean_rel_change=2.108e-01  max_consensus=6.556e+00  stopped=0/10
[13:32:47]   observer | cycle=4400  mean_rel_change=2.535e-01  max_consensus=3.864e+00  stopped=0/10
[13:32:47]   observer | cycle=4410  mean_rel_change=2.105e-01  max_consensus=5.111e+00  stopped=0/10
[13:32:48]   observer | cycle=4420  mean_rel_change=3.578e-01  max_consensus=1.365e+01  stopped=0/10
[13:32:48]   observer | cycle=4430  mean_rel_change=2.339e-01  max_consensus=4.405e+00  stopped=0/10
[13:32:49]   observer | cycle=4440  mean_rel_change=2.591e-01  max_consensus=5.365e+00  stopped=0/10
[13:32:50]   observer | cycle=4450  mean_rel_change=2.535e-01  max_consensus=4.154e+00  stopped=0/10
[13:32:50]   observer | cycle=4460  mean_rel_change=2.198e-01  max_consensus=7.596e+00  stopped=0/10
[13:32:51]   observer | cycle=4470  mean_rel_change=3.361e-01  max_consensus=1.185e+01  stopped=0/10
[13:32:52]   observer | cycle=4480  mean_rel_change=1.886e-01  max_consensus=9.034e+00  stopped=0/10
[13:32:52]   observer | cycle=4490  mean_rel_change=1.830e-01  max_consensus=7.113e+00  stopped=0/10
[13:32:53]   observer | cycle=4500  mean_rel_change=1.927e-01  max_consensus=5.242e+00  stopped=0/10
[13:32:53]   observer | cycle=4510  mean_rel_change=2.115e-01  max_consensus=6.079e+00  stopped=0/10
[13:32:54]   observer | cycle=4520  mean_rel_change=2.516e-01  max_consensus=1.035e+01  stopped=0/10
[13:32:55]   observer | cycle=4530  mean_rel_change=2.234e-01  max_consensus=5.629e+00  stopped=0/10
[13:32:55]   observer | cycle=4540  mean_rel_change=1.975e-01  max_consensus=9.209e+00  stopped=0/10
[13:32:56]   observer | cycle=4550  mean_rel_change=1.903e-01  max_consensus=5.952e+00  stopped=0/10
[13:32:56]   observer | cycle=4560  mean_rel_change=2.030e-01  max_consensus=3.661e+00  stopped=0/10
[13:32:57]   observer | cycle=4570  mean_rel_change=2.269e-01  max_consensus=9.765e+00  stopped=0/10
[13:32:58]   observer | cycle=4580  mean_rel_change=2.144e-01  max_consensus=1.342e+01  stopped=0/10
[13:32:58]   observer | cycle=4590  mean_rel_change=2.052e-01  max_consensus=5.662e+00  stopped=0/10
[13:32:59]   observer | cycle=4600  mean_rel_change=1.768e-01  max_consensus=6.842e+00  stopped=0/10
[13:33:00]   observer | cycle=4610  mean_rel_change=2.059e-01  max_consensus=5.850e+00  stopped=0/10
[13:33:00]   observer | cycle=4620  mean_rel_change=1.909e-01  max_consensus=4.678e+00  stopped=0/10
[13:33:01]   observer | cycle=4630  mean_rel_change=1.822e-01  max_consensus=5.295e+00  stopped=0/10
[13:33:01]   observer | cycle=4640  mean_rel_change=2.334e-01  max_consensus=6.284e+00  stopped=0/10
[13:33:02]   observer | cycle=4650  mean_rel_change=1.979e-01  max_consensus=8.063e+00  stopped=0/10
[13:33:03]   observer | cycle=4660  mean_rel_change=2.137e-01  max_consensus=7.440e+00  stopped=0/10
[13:33:03]   observer | cycle=4670  mean_rel_change=2.075e-01  max_consensus=4.138e+00  stopped=0/10
[13:33:04]   observer | cycle=4680  mean_rel_change=2.128e-01  max_consensus=7.973e+00  stopped=0/10
[13:33:04]   observer | cycle=4690  mean_rel_change=2.059e-01  max_consensus=5.229e+00  stopped=0/10
[13:33:05]   observer | cycle=4700  mean_rel_change=2.151e-01  max_consensus=4.147e+00  stopped=0/10
[13:33:06]   observer | cycle=4710  mean_rel_change=2.257e-01  max_consensus=6.233e+00  stopped=0/10
[13:33:06]   observer | cycle=4720  mean_rel_change=1.811e-01  max_consensus=4.128e+00  stopped=0/10
[13:33:07]   observer | cycle=4730  mean_rel_change=1.879e-01  max_consensus=4.435e+00  stopped=0/10
[13:33:07]   observer | cycle=4740  mean_rel_change=1.980e-01  max_consensus=3.608e+00  stopped=0/10
[13:33:08]   observer | cycle=4750  mean_rel_change=2.312e-01  max_consensus=5.009e+00  stopped=0/10
[13:33:09]   observer | cycle=4760  mean_rel_change=2.158e-01  max_consensus=4.408e+00  stopped=0/10
[13:33:09]   observer | cycle=4770  mean_rel_change=2.384e-01  max_consensus=1.017e+01  stopped=0/10
[13:33:10]   observer | cycle=4780  mean_rel_change=2.417e-01  max_consensus=7.668e+00  stopped=0/10
[13:33:11]   observer | cycle=4790  mean_rel_change=2.051e-01  max_consensus=4.464e+00  stopped=0/10
[13:33:11]   observer | cycle=4800  mean_rel_change=2.146e-01  max_consensus=4.181e+00  stopped=0/10
[13:33:12]   observer | cycle=4810  mean_rel_change=2.446e-01  max_consensus=7.011e+00  stopped=0/10
[13:33:12]   observer | cycle=4820  mean_rel_change=2.132e-01  max_consensus=8.026e+00  stopped=0/10
[13:33:13]   observer | cycle=4830  mean_rel_change=1.970e-01  max_consensus=4.608e+00  stopped=0/10
[13:33:14]   observer | cycle=4840  mean_rel_change=2.154e-01  max_consensus=7.343e+00  stopped=0/10
[13:33:14]   observer | cycle=4850  mean_rel_change=2.253e-01  max_consensus=5.127e+00  stopped=0/10
[13:33:15]   observer | cycle=4860  mean_rel_change=2.262e-01  max_consensus=4.017e+00  stopped=0/10
[13:33:15]   observer | cycle=4870  mean_rel_change=2.115e-01  max_consensus=4.941e+00  stopped=0/10
[13:33:16]   observer | cycle=4880  mean_rel_change=2.026e-01  max_consensus=6.349e+00  stopped=0/10
[13:33:17]   observer | cycle=4890  mean_rel_change=2.051e-01  max_consensus=5.847e+00  stopped=0/10
[13:33:17]   observer | cycle=4900  mean_rel_change=1.863e-01  max_consensus=6.876e+00  stopped=0/10
[13:33:18]   observer | cycle=4910  mean_rel_change=2.003e-01  max_consensus=5.371e+00  stopped=0/10
[13:33:19]   observer | cycle=4920  mean_rel_change=2.739e-01  max_consensus=1.005e+01  stopped=0/10
[13:33:19]   observer | cycle=4930  mean_rel_change=2.278e-01  max_consensus=8.125e+00  stopped=0/10
[13:33:20]   observer | cycle=4940  mean_rel_change=2.247e-01  max_consensus=5.721e+00  stopped=0/10
[13:33:20]   observer | cycle=4950  mean_rel_change=2.121e-01  max_consensus=5.561e+00  stopped=0/10
[13:33:21]   observer | cycle=4960  mean_rel_change=2.456e-01  max_consensus=5.433e+00  stopped=0/10
[13:33:22]   observer | cycle=4970  mean_rel_change=2.273e-01  max_consensus=5.842e+00  stopped=0/10
[13:33:22]   observer | cycle=4980  mean_rel_change=2.136e-01  max_consensus=6.198e+00  stopped=0/10
[13:33:23]   observer | cycle=4990  mean_rel_change=2.653e-01  max_consensus=3.780e+00  stopped=0/10
[13:33:23]   observer | cycle=4999  mean_rel_change=2.230e-01  max_consensus=4.706e+00  stopped=0/10
[13:33:23]      cdsim | Simulation finished after 5000 cycle(s)
[13:33:23]    fdr_svm | Node 0 test accuracy = 0.8100
[13:33:23]    fdr_svm | Node 1 test accuracy = 0.8058
[13:33:23]    fdr_svm | Node 2 test accuracy = 0.5975
[13:33:23]    fdr_svm | Node 3 test accuracy = 0.6700
[13:33:23]    fdr_svm | Node 4 test accuracy = 0.5258
[13:33:23]    fdr_svm | Node 5 test accuracy = 0.5850
[13:33:23]    fdr_svm | Node 6 test accuracy = 0.7817
[13:33:23]    fdr_svm | Node 7 test accuracy = 0.5883
[13:33:23]    fdr_svm | Node 8 test accuracy = 0.8808
[13:33:23]    fdr_svm | Node 9 test accuracy = 0.6142
[13:33:23]    fdr_svm | Average test accuracy across nodes = 0.6859
[13:33:23]    fdr_svm | Total communication = 5,202,080,000 bytes (5202.08 MB) over 10 nodes
[13:33:23]    fdr_svm | Node stop cycles: [None, None, None, None, None, None, None, None, None, None]
[13:33:23]       main | fdr_svm metrics ★ D:\LocalLLM\jobs\runs\333cf722-1132-480a-a899-c6f36e758299\work\results\fdr_exact_two\gisette\fdr_svm_metrics.json
[13:33:23]       main | Done.
