[12:57:05]       main | Dataset: rcv1 -> rcv1_train.binary, rcv1_test.binary
[12:57:05]       main | Comparison run ！ results ★ D:\LocalLLM\jobs\runs\950a9668-0013-41cb-be9b-752a6ac4b44e\work\results\fdr_full_2026-10-06\rcv1
[12:57:24]       data | rcv1: 20242 train, 677399 test, 47236 features
[12:57:24]       data | Worker 0: 2025 train, 677399 test
[12:57:24]       data | Worker 1: 2025 train, 677399 test
[12:57:24]       data | Worker 2: 2024 train, 677399 test
[12:57:24]       data | Worker 3: 2024 train, 677399 test
[12:57:24]       data | Worker 4: 2024 train, 677399 test
[12:57:24]       data | Worker 5: 2024 train, 677399 test
[12:57:24]       data | Worker 6: 2024 train, 677399 test
[12:57:24]       data | Worker 7: 2024 train, 677399 test
[12:57:24]       data | Worker 8: 2024 train, 677399 test
[12:57:24]       data | Worker 9: 2024 train, 677399 test
[12:57:24]       main | === SDCA ===
[12:57:24]    network | 10 nodes built (protocol 0=Linkable, 1=SDCA)
[12:57:24]       main | Training ！ topology=random_kout, k=3, max_cycles=5000, gap_threshold=0.0001
[12:57:24]       init | Node 0 loaded ！ 2025 local samples  (+warm start)
[12:57:24]       init | Node 1 loaded ！ 2025 local samples  (+warm start)
[12:57:24]       init | Node 2 loaded ！ 2024 local samples  (+warm start)
[12:57:24]       init | Node 3 loaded ！ 2024 local samples  (+warm start)
[12:57:24]       init | Node 4 loaded ！ 2024 local samples  (+warm start)
[12:57:24]       init | Node 5 loaded ！ 2024 local samples  (+warm start)
[12:57:24]       init | Node 6 loaded ！ 2024 local samples  (+warm start)
[12:57:24]       init | Node 7 loaded ！ 2024 local samples  (+warm start)
[12:57:24]       init | Node 8 loaded ！ 2024 local samples  (+warm start)
[12:57:24]       init | Node 9 loaded ！ 2024 local samples  (+warm start)
[12:57:24]      cdsim | Initialised ！ 10 nodes, 5000 cycles max
[12:57:25]   observer | cycle=0  mean_gap=2.393e-01  max_gap=4.152e-01  max_consensus=4.142e+01  stopped=0/10
[12:57:29]   observer | cycle=10  mean_gap=1.319e-03  max_gap=1.692e-03  max_consensus=8.832e-01  stopped=0/10
[12:57:33]   observer | cycle=20  mean_gap=2.776e-04  max_gap=3.480e-04  max_consensus=1.796e-01  stopped=0/10
[12:57:37]   observer | cycle=30  mean_gap=8.680e-05  max_gap=1.080e-04  max_consensus=4.923e-02  stopped=8/10
[12:57:39]   observer | cycle=40  mean_gap=8.611e-05  max_gap=1.024e-04  max_consensus=4.752e-02  stopped=9/10
[12:57:40]   observer | cycle=50  mean_gap=8.611e-05  max_gap=1.024e-04  max_consensus=4.752e-02  stopped=9/10
[12:57:40]   observer | cycle=50  1 node(s) stopped on stall (rel_change < 0.001)
[12:57:40]      cdsim | Convergence threshold met ！ stopping at cycle 50
[12:57:40]      cdsim | Simulation finished after 51 cycle(s)
[12:57:40]       main | Training complete
[12:57:40]       sdca | Node 0 test accuracy = 0.9620
[12:57:40]       sdca | Node 1 test accuracy = 0.9620
[12:57:40]       sdca | Node 2 test accuracy = 0.9620
[12:57:40]       sdca | Node 3 test accuracy = 0.9620
[12:57:40]       sdca | Node 4 test accuracy = 0.9620
[12:57:40]       sdca | Node 5 test accuracy = 0.9620
[12:57:40]       sdca | Node 6 test accuracy = 0.9620
[12:57:40]       sdca | Node 7 test accuracy = 0.9620
[12:57:40]       sdca | Node 8 test accuracy = 0.9620
[12:57:40]       sdca | Node 9 test accuracy = 0.9620
[12:57:40]       sdca | Average test accuracy across nodes = 0.9620
[12:57:40]       sdca | Total communication = 3,423,810,240 bytes (3423.81 MB) over 10 nodes
[12:57:40]       sdca | Node stop cycles: [30, 40, 30, 30, 30, 30, 30, 30, 50, 30]
[12:57:40]       sdca | Node stop reasons: ['gap', 'gap', 'gap', 'gap', 'gap', 'gap', 'gap', 'gap', 'stall', 'gap']
[12:57:40]       main | sdca metrics ★ D:\LocalLLM\jobs\runs\950a9668-0013-41cb-be9b-752a6ac4b44e\work\results\fdr_full_2026-10-06\rcv1\sdca_metrics.json
[12:57:40]       main | === FDR_SVM ===
[12:57:40]       init | Node 0 loaded ！ 2025 local samples
[12:57:40]       init | Node 1 loaded ！ 2025 local samples
[12:57:40]       init | Node 2 loaded ！ 2024 local samples
[12:57:40]       init | Node 3 loaded ！ 2024 local samples
[12:57:40]       init | Node 4 loaded ！ 2024 local samples
[12:57:40]       init | Node 5 loaded ！ 2024 local samples
[12:57:40]       init | Node 6 loaded ！ 2024 local samples
[12:57:40]       init | Node 7 loaded ！ 2024 local samples
[12:57:40]       init | Node 8 loaded ！ 2024 local samples
[12:57:40]       init | Node 9 loaded ！ 2024 local samples
[12:57:40]      cdsim | Initialised ！ 10 nodes, 5000 cycles max
[12:57:41]   observer | cycle=0  mean_rel_change=nan  max_consensus=1.414e-01  stopped=0/10
[12:57:41]   observer | cycle=10  mean_rel_change=3.679e+00  max_consensus=1.290e-01  stopped=0/10
[12:57:42]   observer | cycle=20  mean_rel_change=6.210e-01  max_consensus=1.252e-01  stopped=0/10
[12:57:43]   observer | cycle=30  mean_rel_change=2.914e-01  max_consensus=1.379e-01  stopped=0/10
[12:57:43]   observer | cycle=40  mean_rel_change=2.005e-01  max_consensus=1.341e-01  stopped=0/10
[12:57:44]   observer | cycle=50  mean_rel_change=1.368e-01  max_consensus=1.264e-01  stopped=0/10
[12:57:45]   observer | cycle=60  mean_rel_change=1.177e-01  max_consensus=1.245e-01  stopped=0/10
[12:57:46]   observer | cycle=70  mean_rel_change=9.881e-02  max_consensus=1.267e-01  stopped=0/10
[12:57:46]   observer | cycle=80  mean_rel_change=9.664e-02  max_consensus=1.259e-01  stopped=0/10
[12:57:47]   observer | cycle=90  mean_rel_change=9.318e-02  max_consensus=1.321e-01  stopped=0/10
[12:57:48]   observer | cycle=100  mean_rel_change=9.168e-02  max_consensus=1.251e-01  stopped=0/10
[12:57:49]   observer | cycle=110  mean_rel_change=9.254e-02  max_consensus=1.362e-01  stopped=0/10
[12:57:49]   observer | cycle=120  mean_rel_change=8.641e-02  max_consensus=1.320e-01  stopped=0/10
[12:57:50]   observer | cycle=130  mean_rel_change=8.515e-02  max_consensus=1.194e-01  stopped=0/10
[12:57:51]   observer | cycle=140  mean_rel_change=8.730e-02  max_consensus=1.224e-01  stopped=0/10
[12:57:51]   observer | cycle=150  mean_rel_change=8.501e-02  max_consensus=1.222e-01  stopped=0/10
[12:57:52]   observer | cycle=160  mean_rel_change=8.508e-02  max_consensus=1.310e-01  stopped=0/10
[12:57:53]   observer | cycle=170  mean_rel_change=8.429e-02  max_consensus=1.222e-01  stopped=0/10
[12:57:53]   observer | cycle=180  mean_rel_change=8.356e-02  max_consensus=1.300e-01  stopped=0/10
[12:57:54]   observer | cycle=190  mean_rel_change=8.390e-02  max_consensus=1.301e-01  stopped=0/10
[12:57:55]   observer | cycle=200  mean_rel_change=8.513e-02  max_consensus=1.394e-01  stopped=0/10
[12:57:56]   observer | cycle=210  mean_rel_change=9.191e-02  max_consensus=1.212e-01  stopped=0/10
[12:57:56]   observer | cycle=220  mean_rel_change=8.827e-02  max_consensus=1.292e-01  stopped=0/10
[12:57:57]   observer | cycle=230  mean_rel_change=8.525e-02  max_consensus=1.338e-01  stopped=0/10
[12:57:58]   observer | cycle=240  mean_rel_change=8.877e-02  max_consensus=1.232e-01  stopped=0/10
[12:57:58]   observer | cycle=250  mean_rel_change=8.733e-02  max_consensus=1.346e-01  stopped=0/10
[12:57:59]   observer | cycle=260  mean_rel_change=8.615e-02  max_consensus=1.324e-01  stopped=0/10
[12:58:00]   observer | cycle=270  mean_rel_change=8.709e-02  max_consensus=1.303e-01  stopped=0/10
[12:58:01]   observer | cycle=280  mean_rel_change=8.648e-02  max_consensus=1.279e-01  stopped=0/10
[12:58:02]   observer | cycle=290  mean_rel_change=8.766e-02  max_consensus=1.245e-01  stopped=0/10
[12:58:02]   observer | cycle=300  mean_rel_change=8.597e-02  max_consensus=1.385e-01  stopped=0/10
[12:58:03]   observer | cycle=310  mean_rel_change=8.885e-02  max_consensus=1.378e-01  stopped=0/10
[12:58:04]   observer | cycle=320  mean_rel_change=8.797e-02  max_consensus=1.315e-01  stopped=0/10
[12:58:05]   observer | cycle=330  mean_rel_change=8.686e-02  max_consensus=1.283e-01  stopped=0/10
[12:58:05]   observer | cycle=340  mean_rel_change=8.448e-02  max_consensus=1.459e-01  stopped=0/10
[12:58:06]   observer | cycle=350  mean_rel_change=8.649e-02  max_consensus=1.395e-01  stopped=0/10
[12:58:07]   observer | cycle=360  mean_rel_change=8.557e-02  max_consensus=1.341e-01  stopped=0/10
[12:58:08]   observer | cycle=370  mean_rel_change=8.598e-02  max_consensus=1.249e-01  stopped=0/10
[12:58:08]   observer | cycle=380  mean_rel_change=8.627e-02  max_consensus=1.279e-01  stopped=0/10
[12:58:09]   observer | cycle=390  mean_rel_change=8.377e-02  max_consensus=1.278e-01  stopped=0/10
[12:58:10]   observer | cycle=400  mean_rel_change=8.304e-02  max_consensus=1.240e-01  stopped=0/10
[12:58:11]   observer | cycle=410  mean_rel_change=8.471e-02  max_consensus=1.265e-01  stopped=0/10
[12:58:11]   observer | cycle=420  mean_rel_change=8.649e-02  max_consensus=1.341e-01  stopped=0/10
[12:58:12]   observer | cycle=430  mean_rel_change=8.577e-02  max_consensus=1.248e-01  stopped=0/10
[12:58:13]   observer | cycle=440  mean_rel_change=8.669e-02  max_consensus=1.331e-01  stopped=0/10
[12:58:14]   observer | cycle=450  mean_rel_change=8.550e-02  max_consensus=1.240e-01  stopped=0/10
[12:58:14]   observer | cycle=460  mean_rel_change=8.453e-02  max_consensus=1.259e-01  stopped=0/10
[12:58:15]   observer | cycle=470  mean_rel_change=8.695e-02  max_consensus=1.260e-01  stopped=0/10
[12:58:16]   observer | cycle=480  mean_rel_change=8.623e-02  max_consensus=1.299e-01  stopped=0/10
[12:58:17]   observer | cycle=490  mean_rel_change=8.716e-02  max_consensus=1.393e-01  stopped=0/10
[12:58:17]   observer | cycle=500  mean_rel_change=8.722e-02  max_consensus=1.237e-01  stopped=0/10
[12:58:18]   observer | cycle=510  mean_rel_change=8.688e-02  max_consensus=1.300e-01  stopped=0/10
[12:58:19]   observer | cycle=520  mean_rel_change=8.655e-02  max_consensus=1.366e-01  stopped=0/10
[12:58:20]   observer | cycle=530  mean_rel_change=8.575e-02  max_consensus=1.328e-01  stopped=0/10
[12:58:20]   observer | cycle=540  mean_rel_change=8.653e-02  max_consensus=1.309e-01  stopped=0/10
[12:58:21]   observer | cycle=550  mean_rel_change=8.674e-02  max_consensus=1.317e-01  stopped=0/10
[12:58:22]   observer | cycle=560  mean_rel_change=8.695e-02  max_consensus=1.279e-01  stopped=0/10
[12:58:23]   observer | cycle=570  mean_rel_change=8.448e-02  max_consensus=1.247e-01  stopped=0/10
[12:58:23]   observer | cycle=580  mean_rel_change=8.603e-02  max_consensus=1.359e-01  stopped=0/10
[12:58:24]   observer | cycle=590  mean_rel_change=8.654e-02  max_consensus=1.241e-01  stopped=0/10
[12:58:25]   observer | cycle=600  mean_rel_change=8.360e-02  max_consensus=1.275e-01  stopped=0/10
[12:58:26]   observer | cycle=610  mean_rel_change=8.628e-02  max_consensus=1.287e-01  stopped=0/10
[12:58:26]   observer | cycle=620  mean_rel_change=8.528e-02  max_consensus=1.240e-01  stopped=0/10
[12:58:27]   observer | cycle=630  mean_rel_change=8.540e-02  max_consensus=1.213e-01  stopped=0/10
[12:58:28]   observer | cycle=640  mean_rel_change=8.885e-02  max_consensus=1.359e-01  stopped=0/10
[12:58:29]   observer | cycle=650  mean_rel_change=8.660e-02  max_consensus=1.222e-01  stopped=0/10
[12:58:30]   observer | cycle=660  mean_rel_change=8.474e-02  max_consensus=1.206e-01  stopped=0/10
[12:58:30]   observer | cycle=670  mean_rel_change=8.580e-02  max_consensus=1.392e-01  stopped=0/10
[12:58:31]   observer | cycle=680  mean_rel_change=8.716e-02  max_consensus=1.353e-01  stopped=0/10
[12:58:32]   observer | cycle=690  mean_rel_change=8.545e-02  max_consensus=1.244e-01  stopped=0/10
[12:58:32]   observer | cycle=700  mean_rel_change=8.732e-02  max_consensus=1.355e-01  stopped=0/10
[12:58:33]   observer | cycle=710  mean_rel_change=8.532e-02  max_consensus=1.239e-01  stopped=0/10
[12:58:34]   observer | cycle=720  mean_rel_change=8.562e-02  max_consensus=1.300e-01  stopped=0/10
[12:58:35]   observer | cycle=730  mean_rel_change=8.416e-02  max_consensus=1.267e-01  stopped=0/10
[12:58:35]   observer | cycle=740  mean_rel_change=8.594e-02  max_consensus=1.337e-01  stopped=0/10
[12:58:36]   observer | cycle=750  mean_rel_change=8.739e-02  max_consensus=1.287e-01  stopped=0/10
[12:58:37]   observer | cycle=760  mean_rel_change=8.925e-02  max_consensus=1.391e-01  stopped=0/10
[12:58:38]   observer | cycle=770  mean_rel_change=8.643e-02  max_consensus=1.271e-01  stopped=0/10
[12:58:38]   observer | cycle=780  mean_rel_change=8.468e-02  max_consensus=1.215e-01  stopped=0/10
[12:58:39]   observer | cycle=790  mean_rel_change=8.487e-02  max_consensus=1.268e-01  stopped=0/10
[12:58:40]   observer | cycle=800  mean_rel_change=8.561e-02  max_consensus=1.337e-01  stopped=0/10
[12:58:41]   observer | cycle=810  mean_rel_change=8.602e-02  max_consensus=1.244e-01  stopped=0/10
[12:58:42]   observer | cycle=820  mean_rel_change=8.683e-02  max_consensus=1.246e-01  stopped=0/10
[12:58:42]   observer | cycle=830  mean_rel_change=8.419e-02  max_consensus=1.231e-01  stopped=0/10
[12:58:43]   observer | cycle=840  mean_rel_change=8.579e-02  max_consensus=1.282e-01  stopped=0/10
[12:58:44]   observer | cycle=850  mean_rel_change=8.654e-02  max_consensus=1.359e-01  stopped=0/10
[12:58:44]   observer | cycle=860  mean_rel_change=8.563e-02  max_consensus=1.233e-01  stopped=0/10
[12:58:45]   observer | cycle=870  mean_rel_change=8.503e-02  max_consensus=1.252e-01  stopped=0/10
[12:58:46]   observer | cycle=880  mean_rel_change=8.486e-02  max_consensus=1.281e-01  stopped=0/10
[12:58:47]   observer | cycle=890  mean_rel_change=8.512e-02  max_consensus=1.275e-01  stopped=0/10
[12:58:47]   observer | cycle=900  mean_rel_change=8.666e-02  max_consensus=1.266e-01  stopped=0/10
[12:58:48]   observer | cycle=910  mean_rel_change=8.727e-02  max_consensus=1.418e-01  stopped=0/10
[12:58:49]   observer | cycle=920  mean_rel_change=8.742e-02  max_consensus=1.260e-01  stopped=0/10
[12:58:49]   observer | cycle=930  mean_rel_change=8.554e-02  max_consensus=1.241e-01  stopped=0/10
[12:58:50]   observer | cycle=940  mean_rel_change=8.561e-02  max_consensus=1.252e-01  stopped=0/10
[12:58:51]   observer | cycle=950  mean_rel_change=8.379e-02  max_consensus=1.242e-01  stopped=0/10
[12:58:52]   observer | cycle=960  mean_rel_change=8.762e-02  max_consensus=1.511e-01  stopped=0/10
[12:58:52]   observer | cycle=970  mean_rel_change=8.597e-02  max_consensus=1.390e-01  stopped=0/10
[12:58:53]   observer | cycle=980  mean_rel_change=8.453e-02  max_consensus=1.246e-01  stopped=0/10
[12:58:54]   observer | cycle=990  mean_rel_change=8.630e-02  max_consensus=1.306e-01  stopped=0/10
[12:58:55]   observer | cycle=1000  mean_rel_change=8.564e-02  max_consensus=1.315e-01  stopped=0/10
[12:58:55]   observer | cycle=1010  mean_rel_change=8.533e-02  max_consensus=1.231e-01  stopped=0/10
[12:58:56]   observer | cycle=1020  mean_rel_change=8.649e-02  max_consensus=1.232e-01  stopped=0/10
[12:58:57]   observer | cycle=1030  mean_rel_change=8.568e-02  max_consensus=1.317e-01  stopped=0/10
[12:58:57]   observer | cycle=1040  mean_rel_change=8.664e-02  max_consensus=1.174e-01  stopped=0/10
[12:58:58]   observer | cycle=1050  mean_rel_change=8.447e-02  max_consensus=1.277e-01  stopped=0/10
[12:58:59]   observer | cycle=1060  mean_rel_change=8.510e-02  max_consensus=1.243e-01  stopped=0/10
[12:59:00]   observer | cycle=1070  mean_rel_change=8.402e-02  max_consensus=1.276e-01  stopped=0/10
[12:59:00]   observer | cycle=1080  mean_rel_change=8.755e-02  max_consensus=1.265e-01  stopped=0/10
[12:59:01]   observer | cycle=1090  mean_rel_change=8.451e-02  max_consensus=1.221e-01  stopped=0/10
[12:59:02]   observer | cycle=1100  mean_rel_change=8.710e-02  max_consensus=1.278e-01  stopped=0/10
[12:59:02]   observer | cycle=1110  mean_rel_change=8.800e-02  max_consensus=1.217e-01  stopped=0/10
[12:59:03]   observer | cycle=1120  mean_rel_change=8.582e-02  max_consensus=1.322e-01  stopped=0/10
[12:59:04]   observer | cycle=1130  mean_rel_change=8.800e-02  max_consensus=1.239e-01  stopped=0/10
[12:59:04]   observer | cycle=1140  mean_rel_change=8.884e-02  max_consensus=1.352e-01  stopped=0/10
[12:59:05]   observer | cycle=1150  mean_rel_change=8.906e-02  max_consensus=1.252e-01  stopped=0/10
[12:59:06]   observer | cycle=1160  mean_rel_change=8.647e-02  max_consensus=1.336e-01  stopped=0/10
[12:59:07]   observer | cycle=1170  mean_rel_change=9.071e-02  max_consensus=1.461e-01  stopped=0/10
[12:59:08]   observer | cycle=1180  mean_rel_change=8.728e-02  max_consensus=1.242e-01  stopped=0/10
[12:59:08]   observer | cycle=1190  mean_rel_change=8.617e-02  max_consensus=1.484e-01  stopped=0/10
[12:59:09]   observer | cycle=1200  mean_rel_change=8.903e-02  max_consensus=1.320e-01  stopped=0/10
[12:59:10]   observer | cycle=1210  mean_rel_change=8.622e-02  max_consensus=1.301e-01  stopped=0/10
[12:59:11]   observer | cycle=1220  mean_rel_change=8.861e-02  max_consensus=1.241e-01  stopped=0/10
[12:59:11]   observer | cycle=1230  mean_rel_change=8.637e-02  max_consensus=1.259e-01  stopped=0/10
[12:59:12]   observer | cycle=1240  mean_rel_change=8.844e-02  max_consensus=1.287e-01  stopped=0/10
[12:59:13]   observer | cycle=1250  mean_rel_change=8.770e-02  max_consensus=1.292e-01  stopped=0/10
[12:59:14]   observer | cycle=1260  mean_rel_change=8.562e-02  max_consensus=1.337e-01  stopped=0/10
[12:59:14]   observer | cycle=1270  mean_rel_change=8.621e-02  max_consensus=1.298e-01  stopped=0/10
[12:59:15]   observer | cycle=1280  mean_rel_change=8.460e-02  max_consensus=1.301e-01  stopped=0/10
[12:59:16]   observer | cycle=1290  mean_rel_change=8.559e-02  max_consensus=1.331e-01  stopped=0/10
[12:59:16]   observer | cycle=1300  mean_rel_change=8.667e-02  max_consensus=1.213e-01  stopped=0/10
[12:59:17]   observer | cycle=1310  mean_rel_change=8.567e-02  max_consensus=1.261e-01  stopped=0/10
[12:59:18]   observer | cycle=1320  mean_rel_change=8.569e-02  max_consensus=1.311e-01  stopped=0/10
[12:59:19]   observer | cycle=1330  mean_rel_change=8.565e-02  max_consensus=1.270e-01  stopped=0/10
[12:59:19]   observer | cycle=1340  mean_rel_change=8.443e-02  max_consensus=1.250e-01  stopped=0/10
[12:59:20]   observer | cycle=1350  mean_rel_change=8.425e-02  max_consensus=1.255e-01  stopped=0/10
[12:59:21]   observer | cycle=1360  mean_rel_change=8.504e-02  max_consensus=1.205e-01  stopped=0/10
[12:59:22]   observer | cycle=1370  mean_rel_change=8.714e-02  max_consensus=1.302e-01  stopped=0/10
[12:59:22]   observer | cycle=1380  mean_rel_change=8.639e-02  max_consensus=1.285e-01  stopped=0/10
[12:59:23]   observer | cycle=1390  mean_rel_change=8.339e-02  max_consensus=1.283e-01  stopped=0/10
[12:59:24]   observer | cycle=1400  mean_rel_change=8.799e-02  max_consensus=1.306e-01  stopped=0/10
[12:59:25]   observer | cycle=1410  mean_rel_change=8.695e-02  max_consensus=1.346e-01  stopped=0/10
[12:59:25]   observer | cycle=1420  mean_rel_change=8.614e-02  max_consensus=1.253e-01  stopped=0/10
[12:59:26]   observer | cycle=1430  mean_rel_change=8.344e-02  max_consensus=1.388e-01  stopped=0/10
[12:59:27]   observer | cycle=1440  mean_rel_change=8.441e-02  max_consensus=1.354e-01  stopped=0/10
[12:59:27]   observer | cycle=1450  mean_rel_change=8.548e-02  max_consensus=1.247e-01  stopped=0/10
[12:59:28]   observer | cycle=1460  mean_rel_change=8.839e-02  max_consensus=1.263e-01  stopped=0/10
[12:59:29]   observer | cycle=1470  mean_rel_change=8.582e-02  max_consensus=1.265e-01  stopped=0/10
[12:59:29]   observer | cycle=1480  mean_rel_change=8.672e-02  max_consensus=1.267e-01  stopped=0/10
[12:59:30]   observer | cycle=1490  mean_rel_change=8.430e-02  max_consensus=1.244e-01  stopped=0/10
[12:59:31]   observer | cycle=1500  mean_rel_change=8.659e-02  max_consensus=1.265e-01  stopped=0/10
[12:59:32]   observer | cycle=1510  mean_rel_change=8.857e-02  max_consensus=1.351e-01  stopped=0/10
[12:59:32]   observer | cycle=1520  mean_rel_change=8.587e-02  max_consensus=1.332e-01  stopped=0/10
[12:59:33]   observer | cycle=1530  mean_rel_change=8.506e-02  max_consensus=1.298e-01  stopped=0/10
[12:59:34]   observer | cycle=1540  mean_rel_change=8.275e-02  max_consensus=1.214e-01  stopped=0/10
[12:59:35]   observer | cycle=1550  mean_rel_change=8.503e-02  max_consensus=1.289e-01  stopped=0/10
[12:59:35]   observer | cycle=1560  mean_rel_change=8.423e-02  max_consensus=1.267e-01  stopped=0/10
[12:59:36]   observer | cycle=1570  mean_rel_change=8.448e-02  max_consensus=1.255e-01  stopped=0/10
[12:59:37]   observer | cycle=1580  mean_rel_change=8.466e-02  max_consensus=1.326e-01  stopped=0/10
[12:59:38]   observer | cycle=1590  mean_rel_change=8.593e-02  max_consensus=1.294e-01  stopped=0/10
[12:59:38]   observer | cycle=1600  mean_rel_change=8.721e-02  max_consensus=1.246e-01  stopped=0/10
[12:59:39]   observer | cycle=1610  mean_rel_change=8.516e-02  max_consensus=1.307e-01  stopped=0/10
[12:59:40]   observer | cycle=1620  mean_rel_change=8.550e-02  max_consensus=1.306e-01  stopped=0/10
[12:59:40]   observer | cycle=1630  mean_rel_change=8.358e-02  max_consensus=1.251e-01  stopped=0/10
[12:59:41]   observer | cycle=1640  mean_rel_change=8.822e-02  max_consensus=1.262e-01  stopped=0/10
[12:59:42]   observer | cycle=1650  mean_rel_change=8.514e-02  max_consensus=1.236e-01  stopped=0/10
[12:59:43]   observer | cycle=1660  mean_rel_change=8.530e-02  max_consensus=1.355e-01  stopped=0/10
[12:59:43]   observer | cycle=1670  mean_rel_change=8.591e-02  max_consensus=1.316e-01  stopped=0/10
[12:59:44]   observer | cycle=1680  mean_rel_change=8.420e-02  max_consensus=1.264e-01  stopped=0/10
[12:59:45]   observer | cycle=1690  mean_rel_change=8.457e-02  max_consensus=1.429e-01  stopped=0/10
[12:59:46]   observer | cycle=1700  mean_rel_change=8.760e-02  max_consensus=1.382e-01  stopped=0/10
[12:59:46]   observer | cycle=1710  mean_rel_change=8.776e-02  max_consensus=1.267e-01  stopped=0/10
[12:59:47]   observer | cycle=1720  mean_rel_change=8.565e-02  max_consensus=1.327e-01  stopped=0/10
[12:59:48]   observer | cycle=1730  mean_rel_change=8.491e-02  max_consensus=1.211e-01  stopped=0/10
[12:59:49]   observer | cycle=1740  mean_rel_change=8.559e-02  max_consensus=1.254e-01  stopped=0/10
[12:59:49]   observer | cycle=1750  mean_rel_change=8.665e-02  max_consensus=1.312e-01  stopped=0/10
[12:59:50]   observer | cycle=1760  mean_rel_change=8.799e-02  max_consensus=1.431e-01  stopped=0/10
[12:59:51]   observer | cycle=1770  mean_rel_change=8.695e-02  max_consensus=1.342e-01  stopped=0/10
[12:59:51]   observer | cycle=1780  mean_rel_change=8.768e-02  max_consensus=1.345e-01  stopped=0/10
[12:59:52]   observer | cycle=1790  mean_rel_change=8.870e-02  max_consensus=1.309e-01  stopped=0/10
[12:59:53]   observer | cycle=1800  mean_rel_change=8.844e-02  max_consensus=1.197e-01  stopped=0/10
[12:59:54]   observer | cycle=1810  mean_rel_change=8.522e-02  max_consensus=1.221e-01  stopped=0/10
[12:59:54]   observer | cycle=1820  mean_rel_change=8.622e-02  max_consensus=1.328e-01  stopped=0/10
[12:59:55]   observer | cycle=1830  mean_rel_change=8.693e-02  max_consensus=1.434e-01  stopped=0/10
[12:59:56]   observer | cycle=1840  mean_rel_change=8.659e-02  max_consensus=1.241e-01  stopped=0/10
[12:59:57]   observer | cycle=1850  mean_rel_change=8.750e-02  max_consensus=1.324e-01  stopped=0/10
[12:59:57]   observer | cycle=1860  mean_rel_change=8.564e-02  max_consensus=1.260e-01  stopped=0/10
[12:59:58]   observer | cycle=1870  mean_rel_change=8.658e-02  max_consensus=1.242e-01  stopped=0/10
[12:59:59]   observer | cycle=1880  mean_rel_change=8.576e-02  max_consensus=1.333e-01  stopped=0/10
[12:59:59]   observer | cycle=1890  mean_rel_change=8.685e-02  max_consensus=1.310e-01  stopped=0/10
[13:00:00]   observer | cycle=1900  mean_rel_change=8.476e-02  max_consensus=1.409e-01  stopped=0/10
[13:00:01]   observer | cycle=1910  mean_rel_change=8.548e-02  max_consensus=1.220e-01  stopped=0/10
[13:00:01]   observer | cycle=1920  mean_rel_change=8.500e-02  max_consensus=1.358e-01  stopped=0/10
[13:00:02]   observer | cycle=1930  mean_rel_change=8.606e-02  max_consensus=1.295e-01  stopped=0/10
[13:00:03]   observer | cycle=1940  mean_rel_change=8.493e-02  max_consensus=1.331e-01  stopped=0/10
[13:00:03]   observer | cycle=1950  mean_rel_change=8.497e-02  max_consensus=1.278e-01  stopped=0/10
[13:00:04]   observer | cycle=1960  mean_rel_change=8.451e-02  max_consensus=1.231e-01  stopped=0/10
[13:00:05]   observer | cycle=1970  mean_rel_change=8.480e-02  max_consensus=1.269e-01  stopped=0/10
[13:00:06]   observer | cycle=1980  mean_rel_change=8.568e-02  max_consensus=1.304e-01  stopped=0/10
[13:00:06]   observer | cycle=1990  mean_rel_change=8.597e-02  max_consensus=1.355e-01  stopped=0/10
[13:00:07]   observer | cycle=2000  mean_rel_change=8.853e-02  max_consensus=1.257e-01  stopped=0/10
[13:00:08]   observer | cycle=2010  mean_rel_change=8.616e-02  max_consensus=1.302e-01  stopped=0/10
[13:00:08]   observer | cycle=2020  mean_rel_change=8.662e-02  max_consensus=1.367e-01  stopped=0/10
[13:00:09]   observer | cycle=2030  mean_rel_change=8.622e-02  max_consensus=1.277e-01  stopped=0/10
[13:00:10]   observer | cycle=2040  mean_rel_change=8.392e-02  max_consensus=1.281e-01  stopped=0/10
[13:00:11]   observer | cycle=2050  mean_rel_change=8.905e-02  max_consensus=1.332e-01  stopped=0/10
[13:00:11]   observer | cycle=2060  mean_rel_change=9.280e-02  max_consensus=1.465e-01  stopped=0/10
[13:00:12]   observer | cycle=2070  mean_rel_change=8.744e-02  max_consensus=1.315e-01  stopped=0/10
[13:00:13]   observer | cycle=2080  mean_rel_change=8.598e-02  max_consensus=1.248e-01  stopped=0/10
[13:00:13]   observer | cycle=2090  mean_rel_change=8.379e-02  max_consensus=1.208e-01  stopped=0/10
[13:00:14]   observer | cycle=2100  mean_rel_change=8.727e-02  max_consensus=1.378e-01  stopped=0/10
[13:00:15]   observer | cycle=2110  mean_rel_change=8.619e-02  max_consensus=1.272e-01  stopped=0/10
[13:00:16]   observer | cycle=2120  mean_rel_change=8.536e-02  max_consensus=1.268e-01  stopped=0/10
[13:00:16]   observer | cycle=2130  mean_rel_change=8.595e-02  max_consensus=1.283e-01  stopped=0/10
[13:00:17]   observer | cycle=2140  mean_rel_change=8.528e-02  max_consensus=1.205e-01  stopped=0/10
[13:00:18]   observer | cycle=2150  mean_rel_change=8.343e-02  max_consensus=1.203e-01  stopped=0/10
[13:00:18]   observer | cycle=2160  mean_rel_change=8.687e-02  max_consensus=1.318e-01  stopped=0/10
[13:00:19]   observer | cycle=2170  mean_rel_change=8.956e-02  max_consensus=1.231e-01  stopped=0/10
[13:00:20]   observer | cycle=2180  mean_rel_change=9.152e-02  max_consensus=1.224e-01  stopped=0/10
[13:00:21]   observer | cycle=2190  mean_rel_change=8.483e-02  max_consensus=1.233e-01  stopped=0/10
[13:00:21]   observer | cycle=2200  mean_rel_change=8.424e-02  max_consensus=1.244e-01  stopped=0/10
[13:00:22]   observer | cycle=2210  mean_rel_change=8.752e-02  max_consensus=1.212e-01  stopped=0/10
[13:00:23]   observer | cycle=2220  mean_rel_change=8.511e-02  max_consensus=1.312e-01  stopped=0/10
[13:00:24]   observer | cycle=2230  mean_rel_change=8.668e-02  max_consensus=1.285e-01  stopped=0/10
[13:00:24]   observer | cycle=2240  mean_rel_change=8.957e-02  max_consensus=1.475e-01  stopped=0/10
[13:00:25]   observer | cycle=2250  mean_rel_change=8.953e-02  max_consensus=1.346e-01  stopped=0/10
[13:00:26]   observer | cycle=2260  mean_rel_change=8.719e-02  max_consensus=1.314e-01  stopped=0/10
[13:00:26]   observer | cycle=2270  mean_rel_change=8.889e-02  max_consensus=1.350e-01  stopped=0/10
[13:00:27]   observer | cycle=2280  mean_rel_change=8.618e-02  max_consensus=1.334e-01  stopped=0/10
[13:00:28]   observer | cycle=2290  mean_rel_change=8.528e-02  max_consensus=1.178e-01  stopped=0/10
[13:00:29]   observer | cycle=2300  mean_rel_change=8.336e-02  max_consensus=1.259e-01  stopped=0/10
[13:00:29]   observer | cycle=2310  mean_rel_change=8.461e-02  max_consensus=1.296e-01  stopped=0/10
[13:00:30]   observer | cycle=2320  mean_rel_change=8.541e-02  max_consensus=1.274e-01  stopped=0/10
[13:00:31]   observer | cycle=2330  mean_rel_change=8.493e-02  max_consensus=1.348e-01  stopped=0/10
[13:00:31]   observer | cycle=2340  mean_rel_change=8.572e-02  max_consensus=1.273e-01  stopped=0/10
[13:00:32]   observer | cycle=2350  mean_rel_change=8.617e-02  max_consensus=1.361e-01  stopped=0/10
[13:00:33]   observer | cycle=2360  mean_rel_change=8.596e-02  max_consensus=1.237e-01  stopped=0/10
[13:00:34]   observer | cycle=2370  mean_rel_change=8.547e-02  max_consensus=1.264e-01  stopped=0/10
[13:00:34]   observer | cycle=2380  mean_rel_change=8.398e-02  max_consensus=1.271e-01  stopped=0/10
[13:00:35]   observer | cycle=2390  mean_rel_change=8.582e-02  max_consensus=1.282e-01  stopped=0/10
[13:00:36]   observer | cycle=2400  mean_rel_change=8.758e-02  max_consensus=1.273e-01  stopped=0/10
[13:00:36]   observer | cycle=2410  mean_rel_change=8.451e-02  max_consensus=1.224e-01  stopped=0/10
[13:00:37]   observer | cycle=2420  mean_rel_change=8.755e-02  max_consensus=1.286e-01  stopped=0/10
[13:00:38]   observer | cycle=2430  mean_rel_change=8.610e-02  max_consensus=1.211e-01  stopped=0/10
[13:00:39]   observer | cycle=2440  mean_rel_change=8.470e-02  max_consensus=1.247e-01  stopped=0/10
[13:00:39]   observer | cycle=2450  mean_rel_change=8.601e-02  max_consensus=1.459e-01  stopped=0/10
[13:00:40]   observer | cycle=2460  mean_rel_change=8.949e-02  max_consensus=1.284e-01  stopped=0/10
[13:00:41]   observer | cycle=2470  mean_rel_change=8.701e-02  max_consensus=1.293e-01  stopped=0/10
[13:00:41]   observer | cycle=2480  mean_rel_change=8.755e-02  max_consensus=1.278e-01  stopped=0/10
[13:00:42]   observer | cycle=2490  mean_rel_change=8.413e-02  max_consensus=1.299e-01  stopped=0/10
[13:00:43]   observer | cycle=2500  mean_rel_change=8.458e-02  max_consensus=1.323e-01  stopped=0/10
[13:00:44]   observer | cycle=2510  mean_rel_change=8.407e-02  max_consensus=1.235e-01  stopped=0/10
[13:00:44]   observer | cycle=2520  mean_rel_change=8.471e-02  max_consensus=1.333e-01  stopped=0/10
[13:00:45]   observer | cycle=2530  mean_rel_change=8.452e-02  max_consensus=1.349e-01  stopped=0/10
[13:00:46]   observer | cycle=2540  mean_rel_change=8.575e-02  max_consensus=1.302e-01  stopped=0/10
[13:00:46]   observer | cycle=2550  mean_rel_change=8.696e-02  max_consensus=1.290e-01  stopped=0/10
[13:00:47]   observer | cycle=2560  mean_rel_change=8.704e-02  max_consensus=1.274e-01  stopped=0/10
[13:00:48]   observer | cycle=2570  mean_rel_change=8.659e-02  max_consensus=1.332e-01  stopped=0/10
[13:00:49]   observer | cycle=2580  mean_rel_change=8.849e-02  max_consensus=1.315e-01  stopped=0/10
[13:00:49]   observer | cycle=2590  mean_rel_change=8.636e-02  max_consensus=1.357e-01  stopped=0/10
[13:00:50]   observer | cycle=2600  mean_rel_change=8.597e-02  max_consensus=1.298e-01  stopped=0/10
[13:00:51]   observer | cycle=2610  mean_rel_change=8.646e-02  max_consensus=1.328e-01  stopped=0/10
[13:00:52]   observer | cycle=2620  mean_rel_change=8.519e-02  max_consensus=1.262e-01  stopped=0/10
[13:00:52]   observer | cycle=2630  mean_rel_change=8.827e-02  max_consensus=1.610e-01  stopped=0/10
[13:00:53]   observer | cycle=2640  mean_rel_change=8.738e-02  max_consensus=1.335e-01  stopped=0/10
[13:00:54]   observer | cycle=2650  mean_rel_change=8.760e-02  max_consensus=1.464e-01  stopped=0/10
[13:00:55]   observer | cycle=2660  mean_rel_change=8.641e-02  max_consensus=1.252e-01  stopped=0/10
[13:00:56]   observer | cycle=2670  mean_rel_change=8.439e-02  max_consensus=1.350e-01  stopped=0/10
[13:00:56]   observer | cycle=2680  mean_rel_change=8.730e-02  max_consensus=1.337e-01  stopped=0/10
[13:00:57]   observer | cycle=2690  mean_rel_change=8.565e-02  max_consensus=1.237e-01  stopped=0/10
[13:00:58]   observer | cycle=2700  mean_rel_change=8.698e-02  max_consensus=1.225e-01  stopped=0/10
[13:00:59]   observer | cycle=2710  mean_rel_change=8.617e-02  max_consensus=1.285e-01  stopped=0/10
[13:01:00]   observer | cycle=2720  mean_rel_change=8.543e-02  max_consensus=1.402e-01  stopped=0/10
[13:01:00]   observer | cycle=2730  mean_rel_change=8.785e-02  max_consensus=1.369e-01  stopped=0/10
[13:01:01]   observer | cycle=2740  mean_rel_change=8.682e-02  max_consensus=1.257e-01  stopped=0/10
[13:01:02]   observer | cycle=2750  mean_rel_change=8.683e-02  max_consensus=1.349e-01  stopped=0/10
[13:01:03]   observer | cycle=2760  mean_rel_change=8.715e-02  max_consensus=1.260e-01  stopped=0/10
[13:01:03]   observer | cycle=2770  mean_rel_change=8.513e-02  max_consensus=1.347e-01  stopped=0/10
[13:01:04]   observer | cycle=2780  mean_rel_change=8.625e-02  max_consensus=1.258e-01  stopped=0/10
[13:01:05]   observer | cycle=2790  mean_rel_change=8.621e-02  max_consensus=1.336e-01  stopped=0/10
[13:01:06]   observer | cycle=2800  mean_rel_change=8.614e-02  max_consensus=1.198e-01  stopped=0/10
[13:01:06]   observer | cycle=2810  mean_rel_change=8.617e-02  max_consensus=1.292e-01  stopped=0/10
[13:01:07]   observer | cycle=2820  mean_rel_change=8.775e-02  max_consensus=1.258e-01  stopped=0/10
[13:01:08]   observer | cycle=2830  mean_rel_change=8.430e-02  max_consensus=1.294e-01  stopped=0/10
[13:01:09]   observer | cycle=2840  mean_rel_change=8.850e-02  max_consensus=1.310e-01  stopped=0/10
[13:01:10]   observer | cycle=2850  mean_rel_change=8.475e-02  max_consensus=1.235e-01  stopped=0/10
[13:01:10]   observer | cycle=2860  mean_rel_change=8.644e-02  max_consensus=1.298e-01  stopped=0/10
[13:01:11]   observer | cycle=2870  mean_rel_change=8.431e-02  max_consensus=1.258e-01  stopped=0/10
[13:01:12]   observer | cycle=2880  mean_rel_change=8.643e-02  max_consensus=1.460e-01  stopped=0/10
[13:01:13]   observer | cycle=2890  mean_rel_change=8.707e-02  max_consensus=1.221e-01  stopped=0/10
[13:01:13]   observer | cycle=2900  mean_rel_change=8.716e-02  max_consensus=1.340e-01  stopped=0/10
[13:01:14]   observer | cycle=2910  mean_rel_change=8.451e-02  max_consensus=1.225e-01  stopped=0/10
[13:01:15]   observer | cycle=2920  mean_rel_change=8.474e-02  max_consensus=1.219e-01  stopped=0/10
[13:01:16]   observer | cycle=2930  mean_rel_change=8.783e-02  max_consensus=1.300e-01  stopped=0/10
[13:01:17]   observer | cycle=2940  mean_rel_change=9.113e-02  max_consensus=1.251e-01  stopped=0/10
[13:01:17]   observer | cycle=2950  mean_rel_change=8.754e-02  max_consensus=1.269e-01  stopped=0/10
[13:01:18]   observer | cycle=2960  mean_rel_change=8.596e-02  max_consensus=1.247e-01  stopped=0/10
[13:01:19]   observer | cycle=2970  mean_rel_change=8.726e-02  max_consensus=1.358e-01  stopped=0/10
[13:01:20]   observer | cycle=2980  mean_rel_change=8.614e-02  max_consensus=1.323e-01  stopped=0/10
[13:01:21]   observer | cycle=2990  mean_rel_change=8.889e-02  max_consensus=1.237e-01  stopped=0/10
[13:01:21]   observer | cycle=3000  mean_rel_change=8.387e-02  max_consensus=1.337e-01  stopped=0/10
[13:01:22]   observer | cycle=3010  mean_rel_change=8.598e-02  max_consensus=1.221e-01  stopped=0/10
[13:01:23]   observer | cycle=3020  mean_rel_change=8.677e-02  max_consensus=1.302e-01  stopped=0/10
[13:01:24]   observer | cycle=3030  mean_rel_change=8.717e-02  max_consensus=1.291e-01  stopped=0/10
[13:01:24]   observer | cycle=3040  mean_rel_change=8.789e-02  max_consensus=1.221e-01  stopped=0/10
[13:01:25]   observer | cycle=3050  mean_rel_change=8.621e-02  max_consensus=1.338e-01  stopped=0/10
[13:01:26]   observer | cycle=3060  mean_rel_change=8.995e-02  max_consensus=1.294e-01  stopped=0/10
[13:01:27]   observer | cycle=3070  mean_rel_change=8.639e-02  max_consensus=1.284e-01  stopped=0/10
[13:01:28]   observer | cycle=3080  mean_rel_change=8.601e-02  max_consensus=1.286e-01  stopped=0/10
[13:01:28]   observer | cycle=3090  mean_rel_change=8.480e-02  max_consensus=1.218e-01  stopped=0/10
[13:01:29]   observer | cycle=3100  mean_rel_change=8.416e-02  max_consensus=1.287e-01  stopped=0/10
[13:01:30]   observer | cycle=3110  mean_rel_change=8.590e-02  max_consensus=1.188e-01  stopped=0/10
[13:01:31]   observer | cycle=3120  mean_rel_change=8.475e-02  max_consensus=1.452e-01  stopped=0/10
[13:01:32]   observer | cycle=3130  mean_rel_change=8.826e-02  max_consensus=1.246e-01  stopped=0/10
[13:01:32]   observer | cycle=3140  mean_rel_change=8.572e-02  max_consensus=1.188e-01  stopped=0/10
[13:01:33]   observer | cycle=3150  mean_rel_change=8.551e-02  max_consensus=1.313e-01  stopped=0/10
[13:01:34]   observer | cycle=3160  mean_rel_change=8.540e-02  max_consensus=1.260e-01  stopped=0/10
[13:01:35]   observer | cycle=3170  mean_rel_change=8.355e-02  max_consensus=1.251e-01  stopped=0/10
[13:01:35]   observer | cycle=3180  mean_rel_change=8.493e-02  max_consensus=1.215e-01  stopped=0/10
[13:01:36]   observer | cycle=3190  mean_rel_change=8.384e-02  max_consensus=1.285e-01  stopped=0/10
[13:01:37]   observer | cycle=3200  mean_rel_change=8.447e-02  max_consensus=1.262e-01  stopped=0/10
[13:01:38]   observer | cycle=3210  mean_rel_change=8.513e-02  max_consensus=1.223e-01  stopped=0/10
[13:01:39]   observer | cycle=3220  mean_rel_change=8.345e-02  max_consensus=1.436e-01  stopped=0/10
[13:01:39]   observer | cycle=3230  mean_rel_change=8.478e-02  max_consensus=1.356e-01  stopped=0/10
[13:01:40]   observer | cycle=3240  mean_rel_change=9.061e-02  max_consensus=1.324e-01  stopped=0/10
[13:01:41]   observer | cycle=3250  mean_rel_change=8.815e-02  max_consensus=1.324e-01  stopped=0/10
[13:01:42]   observer | cycle=3260  mean_rel_change=8.649e-02  max_consensus=1.329e-01  stopped=0/10
[13:01:43]   observer | cycle=3270  mean_rel_change=8.508e-02  max_consensus=1.254e-01  stopped=0/10
[13:01:43]   observer | cycle=3280  mean_rel_change=8.580e-02  max_consensus=1.276e-01  stopped=0/10
[13:01:44]   observer | cycle=3290  mean_rel_change=8.573e-02  max_consensus=1.244e-01  stopped=0/10
[13:01:45]   observer | cycle=3300  mean_rel_change=8.766e-02  max_consensus=1.246e-01  stopped=0/10
[13:01:46]   observer | cycle=3310  mean_rel_change=8.804e-02  max_consensus=1.288e-01  stopped=0/10
[13:01:47]   observer | cycle=3320  mean_rel_change=8.972e-02  max_consensus=1.335e-01  stopped=0/10
[13:01:47]   observer | cycle=3330  mean_rel_change=8.418e-02  max_consensus=1.258e-01  stopped=0/10
[13:01:48]   observer | cycle=3340  mean_rel_change=8.483e-02  max_consensus=1.331e-01  stopped=0/10
[13:01:49]   observer | cycle=3350  mean_rel_change=8.713e-02  max_consensus=1.244e-01  stopped=0/10
[13:01:50]   observer | cycle=3360  mean_rel_change=8.631e-02  max_consensus=1.357e-01  stopped=0/10
[13:01:51]   observer | cycle=3370  mean_rel_change=8.779e-02  max_consensus=1.320e-01  stopped=0/10
[13:01:51]   observer | cycle=3380  mean_rel_change=8.798e-02  max_consensus=1.432e-01  stopped=0/10
[13:01:52]   observer | cycle=3390  mean_rel_change=8.482e-02  max_consensus=1.238e-01  stopped=0/10
[13:01:53]   observer | cycle=3400  mean_rel_change=8.596e-02  max_consensus=1.330e-01  stopped=0/10
[13:01:54]   observer | cycle=3410  mean_rel_change=8.562e-02  max_consensus=1.233e-01  stopped=0/10
[13:01:55]   observer | cycle=3420  mean_rel_change=8.394e-02  max_consensus=1.274e-01  stopped=0/10
[13:01:55]   observer | cycle=3430  mean_rel_change=8.720e-02  max_consensus=1.265e-01  stopped=0/10
[13:01:56]   observer | cycle=3440  mean_rel_change=8.533e-02  max_consensus=1.226e-01  stopped=0/10
[13:01:57]   observer | cycle=3450  mean_rel_change=8.732e-02  max_consensus=1.260e-01  stopped=0/10
[13:01:58]   observer | cycle=3460  mean_rel_change=8.740e-02  max_consensus=1.327e-01  stopped=0/10
[13:01:58]   observer | cycle=3470  mean_rel_change=8.465e-02  max_consensus=1.295e-01  stopped=0/10
[13:01:59]   observer | cycle=3480  mean_rel_change=8.474e-02  max_consensus=1.230e-01  stopped=0/10
[13:02:00]   observer | cycle=3490  mean_rel_change=8.567e-02  max_consensus=1.246e-01  stopped=0/10
[13:02:01]   observer | cycle=3500  mean_rel_change=8.674e-02  max_consensus=1.296e-01  stopped=0/10
[13:02:02]   observer | cycle=3510  mean_rel_change=8.445e-02  max_consensus=1.252e-01  stopped=0/10
[13:02:02]   observer | cycle=3520  mean_rel_change=8.632e-02  max_consensus=1.385e-01  stopped=0/10
[13:02:03]   observer | cycle=3530  mean_rel_change=8.924e-02  max_consensus=1.230e-01  stopped=0/10
[13:02:04]   observer | cycle=3540  mean_rel_change=8.497e-02  max_consensus=1.307e-01  stopped=0/10
[13:02:05]   observer | cycle=3550  mean_rel_change=8.308e-02  max_consensus=1.247e-01  stopped=0/10
[13:02:05]   observer | cycle=3560  mean_rel_change=8.550e-02  max_consensus=1.249e-01  stopped=0/10
[13:02:06]   observer | cycle=3570  mean_rel_change=8.588e-02  max_consensus=1.278e-01  stopped=0/10
[13:02:07]   observer | cycle=3580  mean_rel_change=8.425e-02  max_consensus=1.244e-01  stopped=0/10
[13:02:08]   observer | cycle=3590  mean_rel_change=8.664e-02  max_consensus=1.290e-01  stopped=0/10
[13:02:09]   observer | cycle=3600  mean_rel_change=8.580e-02  max_consensus=1.347e-01  stopped=0/10
[13:02:09]   observer | cycle=3610  mean_rel_change=8.792e-02  max_consensus=1.231e-01  stopped=0/10
[13:02:10]   observer | cycle=3620  mean_rel_change=8.697e-02  max_consensus=1.309e-01  stopped=0/10
[13:02:11]   observer | cycle=3630  mean_rel_change=8.824e-02  max_consensus=1.190e-01  stopped=0/10
[13:02:12]   observer | cycle=3640  mean_rel_change=8.431e-02  max_consensus=1.320e-01  stopped=0/10
[13:02:13]   observer | cycle=3650  mean_rel_change=8.504e-02  max_consensus=1.260e-01  stopped=0/10
[13:02:13]   observer | cycle=3660  mean_rel_change=8.485e-02  max_consensus=1.253e-01  stopped=0/10
[13:02:14]   observer | cycle=3670  mean_rel_change=8.370e-02  max_consensus=1.342e-01  stopped=0/10
[13:02:15]   observer | cycle=3680  mean_rel_change=8.549e-02  max_consensus=1.311e-01  stopped=0/10
[13:02:16]   observer | cycle=3690  mean_rel_change=8.435e-02  max_consensus=1.294e-01  stopped=0/10
[13:02:16]   observer | cycle=3700  mean_rel_change=8.395e-02  max_consensus=1.293e-01  stopped=0/10
[13:02:17]   observer | cycle=3710  mean_rel_change=8.386e-02  max_consensus=1.245e-01  stopped=0/10
[13:02:18]   observer | cycle=3720  mean_rel_change=8.476e-02  max_consensus=1.293e-01  stopped=0/10
[13:02:19]   observer | cycle=3730  mean_rel_change=8.533e-02  max_consensus=1.299e-01  stopped=0/10
[13:02:20]   observer | cycle=3740  mean_rel_change=8.631e-02  max_consensus=1.343e-01  stopped=0/10
[13:02:20]   observer | cycle=3750  mean_rel_change=8.448e-02  max_consensus=1.301e-01  stopped=0/10
[13:02:21]   observer | cycle=3760  mean_rel_change=8.633e-02  max_consensus=1.206e-01  stopped=0/10
[13:02:22]   observer | cycle=3770  mean_rel_change=8.301e-02  max_consensus=1.224e-01  stopped=0/10
[13:02:23]   observer | cycle=3780  mean_rel_change=8.421e-02  max_consensus=1.259e-01  stopped=0/10
[13:02:24]   observer | cycle=3790  mean_rel_change=8.641e-02  max_consensus=1.275e-01  stopped=0/10
[13:02:24]   observer | cycle=3800  mean_rel_change=8.626e-02  max_consensus=1.227e-01  stopped=0/10
[13:02:25]   observer | cycle=3810  mean_rel_change=8.766e-02  max_consensus=1.295e-01  stopped=0/10
[13:02:26]   observer | cycle=3820  mean_rel_change=8.481e-02  max_consensus=1.242e-01  stopped=0/10
[13:02:27]   observer | cycle=3830  mean_rel_change=8.766e-02  max_consensus=1.295e-01  stopped=0/10
[13:02:28]   observer | cycle=3840  mean_rel_change=8.861e-02  max_consensus=1.210e-01  stopped=0/10
[13:02:28]   observer | cycle=3850  mean_rel_change=8.734e-02  max_consensus=1.253e-01  stopped=0/10
[13:02:29]   observer | cycle=3860  mean_rel_change=8.810e-02  max_consensus=1.225e-01  stopped=0/10
[13:02:30]   observer | cycle=3870  mean_rel_change=8.660e-02  max_consensus=1.269e-01  stopped=0/10
[13:02:31]   observer | cycle=3880  mean_rel_change=8.616e-02  max_consensus=1.320e-01  stopped=0/10
[13:02:31]   observer | cycle=3890  mean_rel_change=8.671e-02  max_consensus=1.424e-01  stopped=0/10
[13:02:32]   observer | cycle=3900  mean_rel_change=8.998e-02  max_consensus=1.402e-01  stopped=0/10
[13:02:33]   observer | cycle=3910  mean_rel_change=8.603e-02  max_consensus=1.185e-01  stopped=0/10
[13:02:34]   observer | cycle=3920  mean_rel_change=8.458e-02  max_consensus=1.232e-01  stopped=0/10
[13:02:35]   observer | cycle=3930  mean_rel_change=8.457e-02  max_consensus=1.272e-01  stopped=0/10
[13:02:35]   observer | cycle=3940  mean_rel_change=8.496e-02  max_consensus=1.266e-01  stopped=0/10
[13:02:36]   observer | cycle=3950  mean_rel_change=8.491e-02  max_consensus=1.255e-01  stopped=0/10
[13:02:37]   observer | cycle=3960  mean_rel_change=8.551e-02  max_consensus=1.230e-01  stopped=0/10
[13:02:38]   observer | cycle=3970  mean_rel_change=8.763e-02  max_consensus=1.342e-01  stopped=0/10
[13:02:38]   observer | cycle=3980  mean_rel_change=8.500e-02  max_consensus=1.450e-01  stopped=0/10
[13:02:39]   observer | cycle=3990  mean_rel_change=8.637e-02  max_consensus=1.323e-01  stopped=0/10
[13:02:40]   observer | cycle=4000  mean_rel_change=8.685e-02  max_consensus=1.322e-01  stopped=0/10
[13:02:41]   observer | cycle=4010  mean_rel_change=8.727e-02  max_consensus=1.269e-01  stopped=0/10
[13:02:42]   observer | cycle=4020  mean_rel_change=8.606e-02  max_consensus=1.255e-01  stopped=0/10
[13:02:42]   observer | cycle=4030  mean_rel_change=8.590e-02  max_consensus=1.220e-01  stopped=0/10
[13:02:43]   observer | cycle=4040  mean_rel_change=8.557e-02  max_consensus=1.348e-01  stopped=0/10
[13:02:44]   observer | cycle=4050  mean_rel_change=8.600e-02  max_consensus=1.232e-01  stopped=0/10
[13:02:45]   observer | cycle=4060  mean_rel_change=8.700e-02  max_consensus=1.448e-01  stopped=0/10
[13:02:46]   observer | cycle=4070  mean_rel_change=8.434e-02  max_consensus=1.258e-01  stopped=0/10
[13:02:46]   observer | cycle=4080  mean_rel_change=8.626e-02  max_consensus=1.300e-01  stopped=0/10
[13:02:47]   observer | cycle=4090  mean_rel_change=8.657e-02  max_consensus=1.422e-01  stopped=0/10
[13:02:48]   observer | cycle=4100  mean_rel_change=8.501e-02  max_consensus=1.243e-01  stopped=0/10
[13:02:49]   observer | cycle=4110  mean_rel_change=8.472e-02  max_consensus=1.250e-01  stopped=0/10
[13:02:50]   observer | cycle=4120  mean_rel_change=8.366e-02  max_consensus=1.251e-01  stopped=0/10
[13:02:50]   observer | cycle=4130  mean_rel_change=8.742e-02  max_consensus=1.259e-01  stopped=0/10
[13:02:51]   observer | cycle=4140  mean_rel_change=8.760e-02  max_consensus=1.241e-01  stopped=0/10
[13:02:52]   observer | cycle=4150  mean_rel_change=8.564e-02  max_consensus=1.267e-01  stopped=0/10
[13:02:53]   observer | cycle=4160  mean_rel_change=8.497e-02  max_consensus=1.310e-01  stopped=0/10
[13:02:54]   observer | cycle=4170  mean_rel_change=8.548e-02  max_consensus=1.233e-01  stopped=0/10
[13:02:54]   observer | cycle=4180  mean_rel_change=8.458e-02  max_consensus=1.262e-01  stopped=0/10
[13:02:55]   observer | cycle=4190  mean_rel_change=8.911e-02  max_consensus=1.383e-01  stopped=0/10
[13:02:56]   observer | cycle=4200  mean_rel_change=8.834e-02  max_consensus=1.353e-01  stopped=0/10
[13:02:57]   observer | cycle=4210  mean_rel_change=8.832e-02  max_consensus=1.236e-01  stopped=0/10
[13:02:57]   observer | cycle=4220  mean_rel_change=8.772e-02  max_consensus=1.477e-01  stopped=0/10
[13:02:58]   observer | cycle=4230  mean_rel_change=8.486e-02  max_consensus=1.198e-01  stopped=0/10
[13:02:59]   observer | cycle=4240  mean_rel_change=8.496e-02  max_consensus=1.282e-01  stopped=0/10
[13:03:00]   observer | cycle=4250  mean_rel_change=8.842e-02  max_consensus=1.203e-01  stopped=0/10
[13:03:01]   observer | cycle=4260  mean_rel_change=8.633e-02  max_consensus=1.313e-01  stopped=0/10
[13:03:01]   observer | cycle=4270  mean_rel_change=8.633e-02  max_consensus=1.232e-01  stopped=0/10
[13:03:02]   observer | cycle=4280  mean_rel_change=8.597e-02  max_consensus=1.305e-01  stopped=0/10
[13:03:03]   observer | cycle=4290  mean_rel_change=8.814e-02  max_consensus=1.260e-01  stopped=0/10
[13:03:04]   observer | cycle=4300  mean_rel_change=8.688e-02  max_consensus=1.387e-01  stopped=0/10
[13:03:05]   observer | cycle=4310  mean_rel_change=8.645e-02  max_consensus=1.234e-01  stopped=0/10
[13:03:05]   observer | cycle=4320  mean_rel_change=8.472e-02  max_consensus=1.219e-01  stopped=0/10
[13:03:06]   observer | cycle=4330  mean_rel_change=8.922e-02  max_consensus=1.297e-01  stopped=0/10
[13:03:07]   observer | cycle=4340  mean_rel_change=8.894e-02  max_consensus=1.317e-01  stopped=0/10
[13:03:08]   observer | cycle=4350  mean_rel_change=8.430e-02  max_consensus=1.250e-01  stopped=0/10
[13:03:08]   observer | cycle=4360  mean_rel_change=8.525e-02  max_consensus=1.200e-01  stopped=0/10
[13:03:09]   observer | cycle=4370  mean_rel_change=8.536e-02  max_consensus=1.236e-01  stopped=0/10
[13:03:10]   observer | cycle=4380  mean_rel_change=8.592e-02  max_consensus=1.257e-01  stopped=0/10
[13:03:11]   observer | cycle=4390  mean_rel_change=8.942e-02  max_consensus=1.220e-01  stopped=0/10
[13:03:12]   observer | cycle=4400  mean_rel_change=8.471e-02  max_consensus=1.374e-01  stopped=0/10
[13:03:12]   observer | cycle=4410  mean_rel_change=8.411e-02  max_consensus=1.296e-01  stopped=0/10
[13:03:13]   observer | cycle=4420  mean_rel_change=8.502e-02  max_consensus=1.358e-01  stopped=0/10
[13:03:14]   observer | cycle=4430  mean_rel_change=8.561e-02  max_consensus=1.406e-01  stopped=0/10
[13:03:15]   observer | cycle=4440  mean_rel_change=8.537e-02  max_consensus=1.480e-01  stopped=0/10
[13:03:16]   observer | cycle=4450  mean_rel_change=8.747e-02  max_consensus=1.257e-01  stopped=0/10
[13:03:16]   observer | cycle=4460  mean_rel_change=8.754e-02  max_consensus=1.397e-01  stopped=0/10
[13:03:17]   observer | cycle=4470  mean_rel_change=8.675e-02  max_consensus=1.260e-01  stopped=0/10
[13:03:18]   observer | cycle=4480  mean_rel_change=8.752e-02  max_consensus=1.298e-01  stopped=0/10
[13:03:19]   observer | cycle=4490  mean_rel_change=8.780e-02  max_consensus=1.259e-01  stopped=0/10
[13:03:20]   observer | cycle=4500  mean_rel_change=8.655e-02  max_consensus=1.205e-01  stopped=0/10
[13:03:20]   observer | cycle=4510  mean_rel_change=8.592e-02  max_consensus=1.256e-01  stopped=0/10
[13:03:21]   observer | cycle=4520  mean_rel_change=8.753e-02  max_consensus=1.261e-01  stopped=0/10
[13:03:22]   observer | cycle=4530  mean_rel_change=8.662e-02  max_consensus=1.271e-01  stopped=0/10
[13:03:23]   observer | cycle=4540  mean_rel_change=8.608e-02  max_consensus=1.251e-01  stopped=0/10
[13:03:23]   observer | cycle=4550  mean_rel_change=8.949e-02  max_consensus=1.255e-01  stopped=0/10
[13:03:24]   observer | cycle=4560  mean_rel_change=8.537e-02  max_consensus=1.253e-01  stopped=0/10
[13:03:25]   observer | cycle=4570  mean_rel_change=8.599e-02  max_consensus=1.301e-01  stopped=0/10
[13:03:26]   observer | cycle=4580  mean_rel_change=8.487e-02  max_consensus=1.256e-01  stopped=0/10
[13:03:27]   observer | cycle=4590  mean_rel_change=8.552e-02  max_consensus=1.276e-01  stopped=0/10
[13:03:27]   observer | cycle=4600  mean_rel_change=8.515e-02  max_consensus=1.248e-01  stopped=0/10
[13:03:28]   observer | cycle=4610  mean_rel_change=8.439e-02  max_consensus=1.245e-01  stopped=0/10
[13:03:29]   observer | cycle=4620  mean_rel_change=8.470e-02  max_consensus=1.249e-01  stopped=0/10
[13:03:30]   observer | cycle=4630  mean_rel_change=8.565e-02  max_consensus=1.374e-01  stopped=0/10
[13:03:30]   observer | cycle=4640  mean_rel_change=8.563e-02  max_consensus=1.189e-01  stopped=0/10
[13:03:31]   observer | cycle=4650  mean_rel_change=8.467e-02  max_consensus=1.196e-01  stopped=0/10
[13:03:32]   observer | cycle=4660  mean_rel_change=8.424e-02  max_consensus=1.314e-01  stopped=0/10
[13:03:33]   observer | cycle=4670  mean_rel_change=8.719e-02  max_consensus=1.322e-01  stopped=0/10
[13:03:34]   observer | cycle=4680  mean_rel_change=8.692e-02  max_consensus=1.303e-01  stopped=0/10
[13:03:34]   observer | cycle=4690  mean_rel_change=8.661e-02  max_consensus=1.342e-01  stopped=0/10
[13:03:35]   observer | cycle=4700  mean_rel_change=8.674e-02  max_consensus=1.228e-01  stopped=0/10
[13:03:36]   observer | cycle=4710  mean_rel_change=8.602e-02  max_consensus=1.291e-01  stopped=0/10
[13:03:37]   observer | cycle=4720  mean_rel_change=8.380e-02  max_consensus=1.258e-01  stopped=0/10
[13:03:38]   observer | cycle=4730  mean_rel_change=8.633e-02  max_consensus=1.306e-01  stopped=0/10
[13:03:38]   observer | cycle=4740  mean_rel_change=8.494e-02  max_consensus=1.223e-01  stopped=0/10
[13:03:39]   observer | cycle=4750  mean_rel_change=8.636e-02  max_consensus=1.301e-01  stopped=0/10
[13:03:40]   observer | cycle=4760  mean_rel_change=8.635e-02  max_consensus=1.256e-01  stopped=0/10
[13:03:41]   observer | cycle=4770  mean_rel_change=8.374e-02  max_consensus=1.221e-01  stopped=0/10
[13:03:42]   observer | cycle=4780  mean_rel_change=8.351e-02  max_consensus=1.277e-01  stopped=0/10
[13:03:42]   observer | cycle=4790  mean_rel_change=8.681e-02  max_consensus=1.322e-01  stopped=0/10
[13:03:43]   observer | cycle=4800  mean_rel_change=8.649e-02  max_consensus=1.285e-01  stopped=0/10
[13:03:44]   observer | cycle=4810  mean_rel_change=8.593e-02  max_consensus=1.259e-01  stopped=0/10
[13:03:45]   observer | cycle=4820  mean_rel_change=8.440e-02  max_consensus=1.283e-01  stopped=0/10
[13:03:45]   observer | cycle=4830  mean_rel_change=8.686e-02  max_consensus=1.248e-01  stopped=0/10
[13:03:46]   observer | cycle=4840  mean_rel_change=8.828e-02  max_consensus=1.371e-01  stopped=0/10
[13:03:47]   observer | cycle=4850  mean_rel_change=8.908e-02  max_consensus=1.250e-01  stopped=0/10
[13:03:48]   observer | cycle=4860  mean_rel_change=8.565e-02  max_consensus=1.221e-01  stopped=0/10
[13:03:49]   observer | cycle=4870  mean_rel_change=8.596e-02  max_consensus=1.260e-01  stopped=0/10
[13:03:49]   observer | cycle=4880  mean_rel_change=8.384e-02  max_consensus=1.243e-01  stopped=0/10
[13:03:50]   observer | cycle=4890  mean_rel_change=8.496e-02  max_consensus=1.295e-01  stopped=0/10
[13:03:51]   observer | cycle=4900  mean_rel_change=8.416e-02  max_consensus=1.225e-01  stopped=0/10
[13:03:52]   observer | cycle=4910  mean_rel_change=8.427e-02  max_consensus=1.235e-01  stopped=0/10
[13:03:53]   observer | cycle=4920  mean_rel_change=8.488e-02  max_consensus=1.250e-01  stopped=0/10
[13:03:53]   observer | cycle=4930  mean_rel_change=8.562e-02  max_consensus=1.288e-01  stopped=0/10
[13:03:54]   observer | cycle=4940  mean_rel_change=8.442e-02  max_consensus=1.246e-01  stopped=0/10
[13:03:55]   observer | cycle=4950  mean_rel_change=8.808e-02  max_consensus=1.351e-01  stopped=0/10
[13:03:56]   observer | cycle=4960  mean_rel_change=8.804e-02  max_consensus=1.220e-01  stopped=0/10
[13:03:56]   observer | cycle=4970  mean_rel_change=8.502e-02  max_consensus=1.267e-01  stopped=0/10
[13:03:57]   observer | cycle=4980  mean_rel_change=8.539e-02  max_consensus=1.283e-01  stopped=0/10
[13:03:58]   observer | cycle=4990  mean_rel_change=8.601e-02  max_consensus=1.513e-01  stopped=0/10
[13:03:59]   observer | cycle=4999  mean_rel_change=8.523e-02  max_consensus=1.276e-01  stopped=0/10
[13:03:59]      cdsim | Simulation finished after 5000 cycle(s)
[13:03:59]    fdr_svm | Node 0 test accuracy = 0.9202
[13:03:59]    fdr_svm | Node 1 test accuracy = 0.9202
[13:03:59]    fdr_svm | Node 2 test accuracy = 0.9196
[13:03:59]    fdr_svm | Node 3 test accuracy = 0.9204
[13:03:59]    fdr_svm | Node 4 test accuracy = 0.9203
[13:03:59]    fdr_svm | Node 5 test accuracy = 0.9195
[13:03:59]    fdr_svm | Node 6 test accuracy = 0.9194
[13:03:59]    fdr_svm | Node 7 test accuracy = 0.9196
[13:03:59]    fdr_svm | Node 8 test accuracy = 0.9197
[13:03:59]    fdr_svm | Node 9 test accuracy = 0.9190
[13:03:59]    fdr_svm | Average test accuracy across nodes = 0.9198
[13:03:59]    fdr_svm | Total communication = 49,127,520,000 bytes (49127.52 MB) over 10 nodes
[13:03:59]    fdr_svm | Node stop cycles: [None, None, None, None, None, None, None, None, None, None]
[13:03:59]       main | fdr_svm metrics ★ D:\LocalLLM\jobs\runs\950a9668-0013-41cb-be9b-752a6ac4b44e\work\results\fdr_full_2026-10-06\rcv1\fdr_svm_metrics.json
[13:03:59]       main | Done.
