[12:57:05]       main | Dataset: ijcnn1 -> ijcnn1, ijcnn1.t
[12:57:05]       main | Comparison run ！ results ★ D:\LocalLLM\jobs\runs\950a9668-0013-41cb-be9b-752a6ac4b44e\work\results\fdr_full_2026-10-06\ijcnn1
[12:57:06]       data | ijcnn1: 49990 train, 91701 test, 22 features
[12:57:06]       data | Worker 0: 4999 train, 91701 test
[12:57:06]       data | Worker 1: 4999 train, 91701 test
[12:57:06]       data | Worker 2: 4999 train, 91701 test
[12:57:06]       data | Worker 3: 4999 train, 91701 test
[12:57:06]       data | Worker 4: 4999 train, 91701 test
[12:57:06]       data | Worker 5: 4999 train, 91701 test
[12:57:06]       data | Worker 6: 4999 train, 91701 test
[12:57:06]       data | Worker 7: 4999 train, 91701 test
[12:57:06]       data | Worker 8: 4999 train, 91701 test
[12:57:06]       data | Worker 9: 4999 train, 91701 test
[12:57:06]       main | === SDCA ===
[12:57:06]    network | 10 nodes built (protocol 0=Linkable, 1=SDCA)
[12:57:06]       main | Training ！ topology=random_kout, k=3, max_cycles=5000, gap_threshold=0.0001
[12:57:06]       init | Node 0 loaded ！ 4999 local samples  (+warm start)
[12:57:06]       init | Node 1 loaded ！ 4999 local samples  (+warm start)
[12:57:06]       init | Node 2 loaded ！ 4999 local samples  (+warm start)
[12:57:06]       init | Node 3 loaded ！ 4999 local samples  (+warm start)
[12:57:06]       init | Node 4 loaded ！ 4999 local samples  (+warm start)
[12:57:06]       init | Node 5 loaded ！ 4999 local samples  (+warm start)
[12:57:06]       init | Node 6 loaded ！ 4999 local samples  (+warm start)
[12:57:06]       init | Node 7 loaded ！ 4999 local samples  (+warm start)
[12:57:06]       init | Node 8 loaded ！ 4999 local samples  (+warm start)
[12:57:06]       init | Node 9 loaded ！ 4999 local samples  (+warm start)
[12:57:06]      cdsim | Initialised ！ 10 nodes, 5000 cycles max
[12:57:06]   observer | cycle=0  mean_gap=1.477e-01  max_gap=1.697e-01  max_consensus=1.338e+01  stopped=0/10
[12:57:09]   observer | cycle=10  mean_gap=2.340e-03  max_gap=4.602e-03  max_consensus=5.009e-01  stopped=0/10
[12:57:13]   observer | cycle=20  mean_gap=8.392e-04  max_gap=1.130e-03  max_consensus=2.397e-01  stopped=0/10
[12:57:16]   observer | cycle=30  mean_gap=4.625e-04  max_gap=5.872e-04  max_consensus=1.677e-01  stopped=0/10
[12:57:19]   observer | cycle=40  mean_gap=5.474e-04  max_gap=9.708e-04  max_consensus=2.411e-01  stopped=0/10
[12:57:23]   observer | cycle=50  mean_gap=2.999e-04  max_gap=4.647e-04  max_consensus=1.363e-01  stopped=0/10
[12:57:26]   observer | cycle=60  mean_gap=1.694e-04  max_gap=2.398e-04  max_consensus=1.080e-01  stopped=0/10
[12:57:29]   observer | cycle=70  mean_gap=1.016e-04  max_gap=1.231e-04  max_consensus=6.902e-02  stopped=4/10
[12:57:31]   observer | cycle=80  mean_gap=9.102e-05  max_gap=1.141e-04  max_consensus=5.993e-02  stopped=8/10
[12:57:32]   observer | cycle=90  mean_gap=8.846e-05  max_gap=1.096e-04  max_consensus=5.891e-02  stopped=9/10
[12:57:32]   observer | cycle=100  mean_gap=8.874e-05  max_gap=1.124e-04  max_consensus=5.875e-02  stopped=9/10
[12:57:32]   observer | cycle=110  mean_gap=8.874e-05  max_gap=1.124e-04  max_consensus=5.880e-02  stopped=9/10
[12:57:32]   observer | cycle=110  1 node(s) stopped on stall (rel_change < 0.001)
[12:57:32]      cdsim | Convergence threshold met ！ stopping at cycle 110
[12:57:32]      cdsim | Simulation finished after 111 cycle(s)
[12:57:32]       main | Training complete
[12:57:32]       sdca | Node 0 test accuracy = 0.9196
[12:57:32]       sdca | Node 1 test accuracy = 0.9194
[12:57:32]       sdca | Node 2 test accuracy = 0.9194
[12:57:32]       sdca | Node 3 test accuracy = 0.9197
[12:57:32]       sdca | Node 4 test accuracy = 0.9197
[12:57:32]       sdca | Node 5 test accuracy = 0.9193
[12:57:32]       sdca | Node 6 test accuracy = 0.9194
[12:57:32]       sdca | Node 7 test accuracy = 0.9195
[12:57:32]       sdca | Node 8 test accuracy = 0.9198
[12:57:32]       sdca | Node 9 test accuracy = 0.9195
[12:57:32]       sdca | Average test accuracy across nodes = 0.9195
[12:57:32]       sdca | Total communication = 4,215,360 bytes (4.22 MB) over 10 nodes
[12:57:32]       sdca | Node stop cycles: [80, 70, 70, 90, 70, 80, 80, 80, 110, 70]
[12:57:32]       sdca | Node stop reasons: ['gap', 'gap', 'gap', 'gap', 'gap', 'gap', 'gap', 'gap', 'stall', 'gap']
[12:57:32]       main | sdca metrics ★ D:\LocalLLM\jobs\runs\950a9668-0013-41cb-be9b-752a6ac4b44e\work\results\fdr_full_2026-10-06\ijcnn1\sdca_metrics.json
[12:57:32]       main | === FDR_SVM ===
[12:57:32]       init | Node 0 loaded ！ 4999 local samples
[12:57:32]       init | Node 1 loaded ！ 4999 local samples
[12:57:32]       init | Node 2 loaded ！ 4999 local samples
[12:57:32]       init | Node 3 loaded ！ 4999 local samples
[12:57:32]       init | Node 4 loaded ！ 4999 local samples
[12:57:32]       init | Node 5 loaded ！ 4999 local samples
[12:57:32]       init | Node 6 loaded ！ 4999 local samples
[12:57:32]       init | Node 7 loaded ！ 4999 local samples
[12:57:32]       init | Node 8 loaded ！ 4999 local samples
[12:57:32]       init | Node 9 loaded ！ 4999 local samples
[12:57:32]      cdsim | Initialised ！ 10 nodes, 5000 cycles max
[12:57:32]   observer | cycle=0  mean_rel_change=nan  max_consensus=7.218e-01  stopped=0/10
[12:57:32]   observer | cycle=10  mean_rel_change=2.060e+00  max_consensus=8.274e-02  stopped=0/10
[12:57:33]   observer | cycle=20  mean_rel_change=1.073e-01  max_consensus=6.779e-02  stopped=0/10
[12:57:33]   observer | cycle=30  mean_rel_change=8.649e-02  max_consensus=7.200e-02  stopped=0/10
[12:57:33]   observer | cycle=40  mean_rel_change=5.890e-02  max_consensus=5.632e-02  stopped=0/10
[12:57:33]   observer | cycle=50  mean_rel_change=4.385e-02  max_consensus=5.640e-02  stopped=0/10
[12:57:33]   observer | cycle=60  mean_rel_change=3.965e-02  max_consensus=6.940e-02  stopped=0/10
[12:57:33]   observer | cycle=70  mean_rel_change=3.707e-02  max_consensus=6.454e-02  stopped=0/10
[12:57:33]   observer | cycle=80  mean_rel_change=3.300e-02  max_consensus=6.085e-02  stopped=0/10
[12:57:34]   observer | cycle=90  mean_rel_change=3.205e-02  max_consensus=6.277e-02  stopped=0/10
[12:57:34]   observer | cycle=100  mean_rel_change=3.032e-02  max_consensus=6.321e-02  stopped=0/10
[12:57:34]   observer | cycle=110  mean_rel_change=3.223e-02  max_consensus=7.301e-02  stopped=0/10
[12:57:34]   observer | cycle=120  mean_rel_change=3.122e-02  max_consensus=5.585e-02  stopped=0/10
[12:57:34]   observer | cycle=130  mean_rel_change=2.825e-02  max_consensus=7.237e-02  stopped=0/10
[12:57:34]   observer | cycle=140  mean_rel_change=2.998e-02  max_consensus=6.074e-02  stopped=0/10
[12:57:34]   observer | cycle=150  mean_rel_change=3.255e-02  max_consensus=6.827e-02  stopped=0/10
[12:57:34]   observer | cycle=160  mean_rel_change=3.100e-02  max_consensus=6.696e-02  stopped=0/10
[12:57:34]   observer | cycle=170  mean_rel_change=2.975e-02  max_consensus=6.718e-02  stopped=0/10
[12:57:34]   observer | cycle=180  mean_rel_change=2.775e-02  max_consensus=6.645e-02  stopped=0/10
[12:57:35]   observer | cycle=190  mean_rel_change=2.708e-02  max_consensus=7.005e-02  stopped=0/10
[12:57:35]   observer | cycle=200  mean_rel_change=3.228e-02  max_consensus=7.013e-02  stopped=0/10
[12:57:35]   observer | cycle=210  mean_rel_change=3.332e-02  max_consensus=6.739e-02  stopped=0/10
[12:57:35]   observer | cycle=220  mean_rel_change=3.471e-02  max_consensus=7.710e-02  stopped=0/10
[12:57:35]   observer | cycle=230  mean_rel_change=3.160e-02  max_consensus=7.811e-02  stopped=0/10
[12:57:35]   observer | cycle=240  mean_rel_change=3.011e-02  max_consensus=5.752e-02  stopped=0/10
[12:57:35]   observer | cycle=250  mean_rel_change=2.746e-02  max_consensus=6.804e-02  stopped=0/10
[12:57:35]   observer | cycle=260  mean_rel_change=3.301e-02  max_consensus=7.171e-02  stopped=0/10
[12:57:35]   observer | cycle=270  mean_rel_change=2.833e-02  max_consensus=6.944e-02  stopped=0/10
[12:57:35]   observer | cycle=280  mean_rel_change=2.968e-02  max_consensus=6.375e-02  stopped=0/10
[12:57:36]   observer | cycle=290  mean_rel_change=3.207e-02  max_consensus=7.165e-02  stopped=0/10
[12:57:36]   observer | cycle=300  mean_rel_change=3.259e-02  max_consensus=6.896e-02  stopped=0/10
[12:57:36]   observer | cycle=310  mean_rel_change=3.224e-02  max_consensus=6.752e-02  stopped=0/10
[12:57:36]   observer | cycle=320  mean_rel_change=3.330e-02  max_consensus=6.499e-02  stopped=0/10
[12:57:36]   observer | cycle=330  mean_rel_change=3.018e-02  max_consensus=6.236e-02  stopped=0/10
[12:57:36]   observer | cycle=340  mean_rel_change=3.145e-02  max_consensus=6.747e-02  stopped=0/10
[12:57:36]   observer | cycle=350  mean_rel_change=2.970e-02  max_consensus=7.917e-02  stopped=0/10
[12:57:36]   observer | cycle=360  mean_rel_change=2.887e-02  max_consensus=8.526e-02  stopped=0/10
[12:57:36]   observer | cycle=370  mean_rel_change=2.977e-02  max_consensus=6.962e-02  stopped=0/10
[12:57:36]   observer | cycle=380  mean_rel_change=3.304e-02  max_consensus=7.681e-02  stopped=0/10
[12:57:36]   observer | cycle=390  mean_rel_change=2.921e-02  max_consensus=5.872e-02  stopped=0/10
[12:57:37]   observer | cycle=400  mean_rel_change=2.996e-02  max_consensus=6.173e-02  stopped=0/10
[12:57:37]   observer | cycle=410  mean_rel_change=2.607e-02  max_consensus=6.529e-02  stopped=0/10
[12:57:37]   observer | cycle=420  mean_rel_change=3.343e-02  max_consensus=7.901e-02  stopped=0/10
[12:57:37]   observer | cycle=430  mean_rel_change=3.432e-02  max_consensus=7.708e-02  stopped=0/10
[12:57:37]   observer | cycle=440  mean_rel_change=3.154e-02  max_consensus=8.269e-02  stopped=0/10
[12:57:37]   observer | cycle=450  mean_rel_change=3.611e-02  max_consensus=6.994e-02  stopped=0/10
[12:57:37]   observer | cycle=460  mean_rel_change=3.441e-02  max_consensus=7.635e-02  stopped=0/10
[12:57:37]   observer | cycle=470  mean_rel_change=3.247e-02  max_consensus=6.353e-02  stopped=0/10
[12:57:38]   observer | cycle=480  mean_rel_change=3.279e-02  max_consensus=8.083e-02  stopped=0/10
[12:57:38]   observer | cycle=490  mean_rel_change=3.101e-02  max_consensus=6.700e-02  stopped=0/10
[12:57:38]   observer | cycle=500  mean_rel_change=3.115e-02  max_consensus=6.879e-02  stopped=0/10
[12:57:38]   observer | cycle=510  mean_rel_change=2.917e-02  max_consensus=6.187e-02  stopped=0/10
[12:57:38]   observer | cycle=520  mean_rel_change=3.339e-02  max_consensus=7.300e-02  stopped=0/10
[12:57:38]   observer | cycle=530  mean_rel_change=2.913e-02  max_consensus=7.150e-02  stopped=0/10
[12:57:38]   observer | cycle=540  mean_rel_change=2.991e-02  max_consensus=6.051e-02  stopped=0/10
[12:57:38]   observer | cycle=550  mean_rel_change=3.180e-02  max_consensus=8.228e-02  stopped=0/10
[12:57:38]   observer | cycle=560  mean_rel_change=3.382e-02  max_consensus=8.625e-02  stopped=0/10
[12:57:38]   observer | cycle=570  mean_rel_change=2.886e-02  max_consensus=7.139e-02  stopped=0/10
[12:57:39]   observer | cycle=580  mean_rel_change=3.517e-02  max_consensus=7.862e-02  stopped=0/10
[12:57:39]   observer | cycle=590  mean_rel_change=3.025e-02  max_consensus=6.441e-02  stopped=0/10
[12:57:39]   observer | cycle=600  mean_rel_change=2.710e-02  max_consensus=6.032e-02  stopped=0/10
[12:57:39]   observer | cycle=610  mean_rel_change=3.218e-02  max_consensus=5.878e-02  stopped=0/10
[12:57:39]   observer | cycle=620  mean_rel_change=2.787e-02  max_consensus=6.536e-02  stopped=0/10
[12:57:39]   observer | cycle=630  mean_rel_change=2.991e-02  max_consensus=6.458e-02  stopped=0/10
[12:57:39]   observer | cycle=640  mean_rel_change=2.513e-02  max_consensus=6.479e-02  stopped=0/10
[12:57:39]   observer | cycle=650  mean_rel_change=2.939e-02  max_consensus=6.474e-02  stopped=0/10
[12:57:39]   observer | cycle=660  mean_rel_change=3.004e-02  max_consensus=6.585e-02  stopped=0/10
[12:57:39]   observer | cycle=670  mean_rel_change=3.078e-02  max_consensus=6.465e-02  stopped=0/10
[12:57:40]   observer | cycle=680  mean_rel_change=2.963e-02  max_consensus=6.661e-02  stopped=0/10
[12:57:40]   observer | cycle=690  mean_rel_change=3.281e-02  max_consensus=5.907e-02  stopped=0/10
[12:57:40]   observer | cycle=700  mean_rel_change=3.340e-02  max_consensus=6.899e-02  stopped=0/10
[12:57:40]   observer | cycle=710  mean_rel_change=3.714e-02  max_consensus=7.940e-02  stopped=0/10
[12:57:40]   observer | cycle=720  mean_rel_change=3.133e-02  max_consensus=6.099e-02  stopped=0/10
[12:57:40]   observer | cycle=730  mean_rel_change=2.987e-02  max_consensus=6.801e-02  stopped=0/10
[12:57:40]   observer | cycle=740  mean_rel_change=2.954e-02  max_consensus=8.811e-02  stopped=0/10
[12:57:41]   observer | cycle=750  mean_rel_change=3.294e-02  max_consensus=6.802e-02  stopped=0/10
[12:57:41]   observer | cycle=760  mean_rel_change=3.422e-02  max_consensus=8.128e-02  stopped=0/10
[12:57:41]   observer | cycle=770  mean_rel_change=2.918e-02  max_consensus=7.706e-02  stopped=0/10
[12:57:41]   observer | cycle=780  mean_rel_change=3.336e-02  max_consensus=6.394e-02  stopped=0/10
[12:57:41]   observer | cycle=790  mean_rel_change=3.275e-02  max_consensus=6.667e-02  stopped=0/10
[12:57:41]   observer | cycle=800  mean_rel_change=3.382e-02  max_consensus=7.508e-02  stopped=0/10
[12:57:41]   observer | cycle=810  mean_rel_change=3.590e-02  max_consensus=7.721e-02  stopped=0/10
[12:57:41]   observer | cycle=820  mean_rel_change=3.025e-02  max_consensus=5.698e-02  stopped=0/10
[12:57:41]   observer | cycle=830  mean_rel_change=2.611e-02  max_consensus=6.143e-02  stopped=0/10
[12:57:42]   observer | cycle=840  mean_rel_change=3.277e-02  max_consensus=7.574e-02  stopped=0/10
[12:57:42]   observer | cycle=850  mean_rel_change=3.119e-02  max_consensus=5.776e-02  stopped=0/10
[12:57:42]   observer | cycle=860  mean_rel_change=2.710e-02  max_consensus=7.092e-02  stopped=0/10
[12:57:42]   observer | cycle=870  mean_rel_change=3.258e-02  max_consensus=7.124e-02  stopped=0/10
[12:57:42]   observer | cycle=880  mean_rel_change=2.887e-02  max_consensus=6.280e-02  stopped=0/10
[12:57:42]   observer | cycle=890  mean_rel_change=3.008e-02  max_consensus=7.479e-02  stopped=0/10
[12:57:42]   observer | cycle=900  mean_rel_change=3.118e-02  max_consensus=6.956e-02  stopped=0/10
[12:57:42]   observer | cycle=910  mean_rel_change=3.185e-02  max_consensus=6.544e-02  stopped=0/10
[12:57:42]   observer | cycle=920  mean_rel_change=3.220e-02  max_consensus=7.701e-02  stopped=0/10
[12:57:43]   observer | cycle=930  mean_rel_change=2.993e-02  max_consensus=6.344e-02  stopped=0/10
[12:57:43]   observer | cycle=940  mean_rel_change=2.727e-02  max_consensus=7.095e-02  stopped=0/10
[12:57:43]   observer | cycle=950  mean_rel_change=3.073e-02  max_consensus=6.741e-02  stopped=0/10
[12:57:43]   observer | cycle=960  mean_rel_change=3.118e-02  max_consensus=6.723e-02  stopped=0/10
[12:57:43]   observer | cycle=970  mean_rel_change=3.339e-02  max_consensus=5.887e-02  stopped=0/10
[12:57:43]   observer | cycle=980  mean_rel_change=2.690e-02  max_consensus=5.615e-02  stopped=0/10
[12:57:43]   observer | cycle=990  mean_rel_change=2.991e-02  max_consensus=6.367e-02  stopped=0/10
[12:57:44]   observer | cycle=1000  mean_rel_change=3.212e-02  max_consensus=6.643e-02  stopped=0/10
[12:57:44]   observer | cycle=1010  mean_rel_change=3.003e-02  max_consensus=5.847e-02  stopped=0/10
[12:57:44]   observer | cycle=1020  mean_rel_change=2.832e-02  max_consensus=7.899e-02  stopped=0/10
[12:57:44]   observer | cycle=1030  mean_rel_change=3.183e-02  max_consensus=6.104e-02  stopped=0/10
[12:57:44]   observer | cycle=1040  mean_rel_change=3.031e-02  max_consensus=6.789e-02  stopped=0/10
[12:57:44]   observer | cycle=1050  mean_rel_change=3.158e-02  max_consensus=6.864e-02  stopped=0/10
[12:57:44]   observer | cycle=1060  mean_rel_change=3.021e-02  max_consensus=7.348e-02  stopped=0/10
[12:57:44]   observer | cycle=1070  mean_rel_change=3.070e-02  max_consensus=6.884e-02  stopped=0/10
[12:57:44]   observer | cycle=1080  mean_rel_change=3.350e-02  max_consensus=8.777e-02  stopped=0/10
[12:57:44]   observer | cycle=1090  mean_rel_change=2.890e-02  max_consensus=7.234e-02  stopped=0/10
[12:57:45]   observer | cycle=1100  mean_rel_change=3.150e-02  max_consensus=8.016e-02  stopped=0/10
[12:57:45]   observer | cycle=1110  mean_rel_change=3.025e-02  max_consensus=6.162e-02  stopped=0/10
[12:57:45]   observer | cycle=1120  mean_rel_change=3.278e-02  max_consensus=6.965e-02  stopped=0/10
[12:57:45]   observer | cycle=1130  mean_rel_change=3.427e-02  max_consensus=7.390e-02  stopped=0/10
[12:57:45]   observer | cycle=1140  mean_rel_change=3.014e-02  max_consensus=6.440e-02  stopped=0/10
[12:57:45]   observer | cycle=1150  mean_rel_change=3.085e-02  max_consensus=6.481e-02  stopped=0/10
[12:57:45]   observer | cycle=1160  mean_rel_change=3.047e-02  max_consensus=7.371e-02  stopped=0/10
[12:57:45]   observer | cycle=1170  mean_rel_change=3.156e-02  max_consensus=6.764e-02  stopped=0/10
[12:57:46]   observer | cycle=1180  mean_rel_change=3.029e-02  max_consensus=7.489e-02  stopped=0/10
[12:57:46]   observer | cycle=1190  mean_rel_change=3.304e-02  max_consensus=8.094e-02  stopped=0/10
[12:57:46]   observer | cycle=1200  mean_rel_change=3.633e-02  max_consensus=7.351e-02  stopped=0/10
[12:57:46]   observer | cycle=1210  mean_rel_change=2.762e-02  max_consensus=7.227e-02  stopped=0/10
[12:57:46]   observer | cycle=1220  mean_rel_change=3.091e-02  max_consensus=7.203e-02  stopped=0/10
[12:57:46]   observer | cycle=1230  mean_rel_change=2.822e-02  max_consensus=6.230e-02  stopped=0/10
[12:57:46]   observer | cycle=1240  mean_rel_change=3.419e-02  max_consensus=7.167e-02  stopped=0/10
[12:57:46]   observer | cycle=1250  mean_rel_change=3.142e-02  max_consensus=7.569e-02  stopped=0/10
[12:57:46]   observer | cycle=1260  mean_rel_change=3.094e-02  max_consensus=8.200e-02  stopped=0/10
[12:57:46]   observer | cycle=1270  mean_rel_change=3.101e-02  max_consensus=7.694e-02  stopped=0/10
[12:57:47]   observer | cycle=1280  mean_rel_change=3.140e-02  max_consensus=7.379e-02  stopped=0/10
[12:57:47]   observer | cycle=1290  mean_rel_change=3.231e-02  max_consensus=6.890e-02  stopped=0/10
[12:57:47]   observer | cycle=1300  mean_rel_change=3.029e-02  max_consensus=5.874e-02  stopped=0/10
[12:57:47]   observer | cycle=1310  mean_rel_change=2.906e-02  max_consensus=6.960e-02  stopped=0/10
[12:57:47]   observer | cycle=1320  mean_rel_change=2.728e-02  max_consensus=6.687e-02  stopped=0/10
[12:57:47]   observer | cycle=1330  mean_rel_change=2.671e-02  max_consensus=5.552e-02  stopped=0/10
[12:57:47]   observer | cycle=1340  mean_rel_change=3.051e-02  max_consensus=8.016e-02  stopped=0/10
[12:57:47]   observer | cycle=1350  mean_rel_change=2.975e-02  max_consensus=6.786e-02  stopped=0/10
[12:57:48]   observer | cycle=1360  mean_rel_change=2.751e-02  max_consensus=6.686e-02  stopped=0/10
[12:57:48]   observer | cycle=1370  mean_rel_change=3.044e-02  max_consensus=8.010e-02  stopped=0/10
[12:57:48]   observer | cycle=1380  mean_rel_change=3.295e-02  max_consensus=5.918e-02  stopped=0/10
[12:57:48]   observer | cycle=1390  mean_rel_change=3.143e-02  max_consensus=6.891e-02  stopped=0/10
[12:57:48]   observer | cycle=1400  mean_rel_change=3.118e-02  max_consensus=7.702e-02  stopped=0/10
[12:57:48]   observer | cycle=1410  mean_rel_change=3.126e-02  max_consensus=5.482e-02  stopped=0/10
[12:57:48]   observer | cycle=1420  mean_rel_change=2.725e-02  max_consensus=7.465e-02  stopped=0/10
[12:57:48]   observer | cycle=1430  mean_rel_change=3.085e-02  max_consensus=5.809e-02  stopped=0/10
[12:57:48]   observer | cycle=1440  mean_rel_change=3.168e-02  max_consensus=7.447e-02  stopped=0/10
[12:57:49]   observer | cycle=1450  mean_rel_change=3.132e-02  max_consensus=7.262e-02  stopped=0/10
[12:57:49]   observer | cycle=1460  mean_rel_change=3.231e-02  max_consensus=7.752e-02  stopped=0/10
[12:57:49]   observer | cycle=1470  mean_rel_change=3.213e-02  max_consensus=8.262e-02  stopped=0/10
[12:57:49]   observer | cycle=1480  mean_rel_change=2.884e-02  max_consensus=5.895e-02  stopped=0/10
[12:57:49]   observer | cycle=1490  mean_rel_change=2.754e-02  max_consensus=5.828e-02  stopped=0/10
[12:57:49]   observer | cycle=1500  mean_rel_change=2.850e-02  max_consensus=5.934e-02  stopped=0/10
[12:57:49]   observer | cycle=1510  mean_rel_change=2.814e-02  max_consensus=6.968e-02  stopped=0/10
[12:57:49]   observer | cycle=1520  mean_rel_change=2.887e-02  max_consensus=6.666e-02  stopped=0/10
[12:57:49]   observer | cycle=1530  mean_rel_change=2.844e-02  max_consensus=6.444e-02  stopped=0/10
[12:57:49]   observer | cycle=1540  mean_rel_change=2.918e-02  max_consensus=6.567e-02  stopped=0/10
[12:57:50]   observer | cycle=1550  mean_rel_change=2.906e-02  max_consensus=6.066e-02  stopped=0/10
[12:57:50]   observer | cycle=1560  mean_rel_change=2.953e-02  max_consensus=6.371e-02  stopped=0/10
[12:57:50]   observer | cycle=1570  mean_rel_change=2.859e-02  max_consensus=7.348e-02  stopped=0/10
[12:57:50]   observer | cycle=1580  mean_rel_change=3.098e-02  max_consensus=7.248e-02  stopped=0/10
[12:57:50]   observer | cycle=1590  mean_rel_change=3.091e-02  max_consensus=6.072e-02  stopped=0/10
[12:57:50]   observer | cycle=1600  mean_rel_change=2.939e-02  max_consensus=7.671e-02  stopped=0/10
[12:57:50]   observer | cycle=1610  mean_rel_change=3.214e-02  max_consensus=6.349e-02  stopped=0/10
[12:57:51]   observer | cycle=1620  mean_rel_change=3.605e-02  max_consensus=8.586e-02  stopped=0/10
[12:57:51]   observer | cycle=1630  mean_rel_change=3.013e-02  max_consensus=5.916e-02  stopped=0/10
[12:57:51]   observer | cycle=1640  mean_rel_change=3.083e-02  max_consensus=7.500e-02  stopped=0/10
[12:57:51]   observer | cycle=1650  mean_rel_change=3.132e-02  max_consensus=6.277e-02  stopped=0/10
[12:57:51]   observer | cycle=1660  mean_rel_change=2.968e-02  max_consensus=7.683e-02  stopped=0/10
[12:57:51]   observer | cycle=1670  mean_rel_change=3.116e-02  max_consensus=6.605e-02  stopped=0/10
[12:57:51]   observer | cycle=1680  mean_rel_change=3.142e-02  max_consensus=6.978e-02  stopped=0/10
[12:57:51]   observer | cycle=1690  mean_rel_change=3.020e-02  max_consensus=6.974e-02  stopped=0/10
[12:57:52]   observer | cycle=1700  mean_rel_change=2.952e-02  max_consensus=6.782e-02  stopped=0/10
[12:57:52]   observer | cycle=1710  mean_rel_change=2.907e-02  max_consensus=7.974e-02  stopped=0/10
[12:57:52]   observer | cycle=1720  mean_rel_change=3.047e-02  max_consensus=6.320e-02  stopped=0/10
[12:57:52]   observer | cycle=1730  mean_rel_change=2.797e-02  max_consensus=5.846e-02  stopped=0/10
[12:57:52]   observer | cycle=1740  mean_rel_change=3.071e-02  max_consensus=7.058e-02  stopped=0/10
[12:57:52]   observer | cycle=1750  mean_rel_change=3.175e-02  max_consensus=7.850e-02  stopped=0/10
[12:57:52]   observer | cycle=1760  mean_rel_change=3.215e-02  max_consensus=6.807e-02  stopped=0/10
[12:57:53]   observer | cycle=1770  mean_rel_change=2.960e-02  max_consensus=6.497e-02  stopped=0/10
[12:57:53]   observer | cycle=1780  mean_rel_change=2.943e-02  max_consensus=6.254e-02  stopped=0/10
[12:57:53]   observer | cycle=1790  mean_rel_change=2.740e-02  max_consensus=6.907e-02  stopped=0/10
[12:57:53]   observer | cycle=1800  mean_rel_change=3.153e-02  max_consensus=7.291e-02  stopped=0/10
[12:57:53]   observer | cycle=1810  mean_rel_change=2.989e-02  max_consensus=7.336e-02  stopped=0/10
[12:57:53]   observer | cycle=1820  mean_rel_change=3.321e-02  max_consensus=8.315e-02  stopped=0/10
[12:57:53]   observer | cycle=1830  mean_rel_change=3.375e-02  max_consensus=6.767e-02  stopped=0/10
[12:57:53]   observer | cycle=1840  mean_rel_change=3.604e-02  max_consensus=7.564e-02  stopped=0/10
[12:57:54]   observer | cycle=1850  mean_rel_change=3.642e-02  max_consensus=6.815e-02  stopped=0/10
[12:57:54]   observer | cycle=1860  mean_rel_change=3.116e-02  max_consensus=6.948e-02  stopped=0/10
[12:57:54]   observer | cycle=1870  mean_rel_change=3.376e-02  max_consensus=6.648e-02  stopped=0/10
[12:57:54]   observer | cycle=1880  mean_rel_change=3.390e-02  max_consensus=7.386e-02  stopped=0/10
[12:57:54]   observer | cycle=1890  mean_rel_change=3.227e-02  max_consensus=7.050e-02  stopped=0/10
[12:57:54]   observer | cycle=1900  mean_rel_change=2.761e-02  max_consensus=6.248e-02  stopped=0/10
[12:57:54]   observer | cycle=1910  mean_rel_change=3.111e-02  max_consensus=6.912e-02  stopped=0/10
[12:57:54]   observer | cycle=1920  mean_rel_change=3.192e-02  max_consensus=7.309e-02  stopped=0/10
[12:57:54]   observer | cycle=1930  mean_rel_change=3.763e-02  max_consensus=6.539e-02  stopped=0/10
[12:57:54]   observer | cycle=1940  mean_rel_change=3.388e-02  max_consensus=7.366e-02  stopped=0/10
[12:57:55]   observer | cycle=1950  mean_rel_change=3.000e-02  max_consensus=6.514e-02  stopped=0/10
[12:57:55]   observer | cycle=1960  mean_rel_change=3.382e-02  max_consensus=8.108e-02  stopped=0/10
[12:57:55]   observer | cycle=1970  mean_rel_change=3.712e-02  max_consensus=7.680e-02  stopped=0/10
[12:57:55]   observer | cycle=1980  mean_rel_change=3.237e-02  max_consensus=5.997e-02  stopped=0/10
[12:57:55]   observer | cycle=1990  mean_rel_change=2.862e-02  max_consensus=6.783e-02  stopped=0/10
[12:57:55]   observer | cycle=2000  mean_rel_change=2.679e-02  max_consensus=6.849e-02  stopped=0/10
[12:57:55]   observer | cycle=2010  mean_rel_change=2.908e-02  max_consensus=6.988e-02  stopped=0/10
[12:57:56]   observer | cycle=2020  mean_rel_change=3.016e-02  max_consensus=6.496e-02  stopped=0/10
[12:57:56]   observer | cycle=2030  mean_rel_change=3.285e-02  max_consensus=7.352e-02  stopped=0/10
[12:57:56]   observer | cycle=2040  mean_rel_change=2.846e-02  max_consensus=6.856e-02  stopped=0/10
[12:57:56]   observer | cycle=2050  mean_rel_change=3.027e-02  max_consensus=8.974e-02  stopped=0/10
[12:57:56]   observer | cycle=2060  mean_rel_change=3.170e-02  max_consensus=6.586e-02  stopped=0/10
[12:57:56]   observer | cycle=2070  mean_rel_change=3.363e-02  max_consensus=6.427e-02  stopped=0/10
[12:57:56]   observer | cycle=2080  mean_rel_change=2.979e-02  max_consensus=6.799e-02  stopped=0/10
[12:57:56]   observer | cycle=2090  mean_rel_change=2.846e-02  max_consensus=6.706e-02  stopped=0/10
[12:57:56]   observer | cycle=2100  mean_rel_change=2.858e-02  max_consensus=7.726e-02  stopped=0/10
[12:57:57]   observer | cycle=2110  mean_rel_change=3.375e-02  max_consensus=7.116e-02  stopped=0/10
[12:57:57]   observer | cycle=2120  mean_rel_change=3.060e-02  max_consensus=7.373e-02  stopped=0/10
[12:57:57]   observer | cycle=2130  mean_rel_change=3.022e-02  max_consensus=6.182e-02  stopped=0/10
[12:57:57]   observer | cycle=2140  mean_rel_change=3.140e-02  max_consensus=6.758e-02  stopped=0/10
[12:57:57]   observer | cycle=2150  mean_rel_change=3.138e-02  max_consensus=5.500e-02  stopped=0/10
[12:57:57]   observer | cycle=2160  mean_rel_change=2.847e-02  max_consensus=7.362e-02  stopped=0/10
[12:57:57]   observer | cycle=2170  mean_rel_change=3.410e-02  max_consensus=7.040e-02  stopped=0/10
[12:57:57]   observer | cycle=2180  mean_rel_change=3.187e-02  max_consensus=6.867e-02  stopped=0/10
[12:57:57]   observer | cycle=2190  mean_rel_change=3.435e-02  max_consensus=6.902e-02  stopped=0/10
[12:57:57]   observer | cycle=2200  mean_rel_change=3.133e-02  max_consensus=7.706e-02  stopped=0/10
[12:57:58]   observer | cycle=2210  mean_rel_change=3.096e-02  max_consensus=5.832e-02  stopped=0/10
[12:57:58]   observer | cycle=2220  mean_rel_change=3.012e-02  max_consensus=6.807e-02  stopped=0/10
[12:57:58]   observer | cycle=2230  mean_rel_change=3.376e-02  max_consensus=7.180e-02  stopped=0/10
[12:57:58]   observer | cycle=2240  mean_rel_change=3.435e-02  max_consensus=9.002e-02  stopped=0/10
[12:57:58]   observer | cycle=2250  mean_rel_change=2.979e-02  max_consensus=6.717e-02  stopped=0/10
[12:57:58]   observer | cycle=2260  mean_rel_change=3.088e-02  max_consensus=7.002e-02  stopped=0/10
[12:57:58]   observer | cycle=2270  mean_rel_change=3.433e-02  max_consensus=7.121e-02  stopped=0/10
[12:57:58]   observer | cycle=2280  mean_rel_change=3.371e-02  max_consensus=7.637e-02  stopped=0/10
[12:57:59]   observer | cycle=2290  mean_rel_change=3.369e-02  max_consensus=7.030e-02  stopped=0/10
[12:57:59]   observer | cycle=2300  mean_rel_change=2.920e-02  max_consensus=6.131e-02  stopped=0/10
[12:57:59]   observer | cycle=2310  mean_rel_change=2.980e-02  max_consensus=6.774e-02  stopped=0/10
[12:57:59]   observer | cycle=2320  mean_rel_change=2.799e-02  max_consensus=6.729e-02  stopped=0/10
[12:57:59]   observer | cycle=2330  mean_rel_change=2.975e-02  max_consensus=6.170e-02  stopped=0/10
[12:57:59]   observer | cycle=2340  mean_rel_change=3.175e-02  max_consensus=7.160e-02  stopped=0/10
[12:57:59]   observer | cycle=2350  mean_rel_change=3.353e-02  max_consensus=6.869e-02  stopped=0/10
[12:57:59]   observer | cycle=2360  mean_rel_change=2.861e-02  max_consensus=6.147e-02  stopped=0/10
[12:57:59]   observer | cycle=2370  mean_rel_change=2.895e-02  max_consensus=6.078e-02  stopped=0/10
[12:58:00]   observer | cycle=2380  mean_rel_change=2.915e-02  max_consensus=6.574e-02  stopped=0/10
[12:58:00]   observer | cycle=2390  mean_rel_change=3.521e-02  max_consensus=7.320e-02  stopped=0/10
[12:58:00]   observer | cycle=2400  mean_rel_change=3.351e-02  max_consensus=6.473e-02  stopped=0/10
[12:58:00]   observer | cycle=2410  mean_rel_change=2.950e-02  max_consensus=7.157e-02  stopped=0/10
[12:58:00]   observer | cycle=2420  mean_rel_change=3.119e-02  max_consensus=6.876e-02  stopped=0/10
[12:58:00]   observer | cycle=2430  mean_rel_change=3.327e-02  max_consensus=6.660e-02  stopped=0/10
[12:58:00]   observer | cycle=2440  mean_rel_change=3.249e-02  max_consensus=6.433e-02  stopped=0/10
[12:58:00]   observer | cycle=2450  mean_rel_change=3.051e-02  max_consensus=8.410e-02  stopped=0/10
[12:58:00]   observer | cycle=2460  mean_rel_change=3.381e-02  max_consensus=7.208e-02  stopped=0/10
[12:58:00]   observer | cycle=2470  mean_rel_change=3.145e-02  max_consensus=6.722e-02  stopped=0/10
[12:58:01]   observer | cycle=2480  mean_rel_change=3.129e-02  max_consensus=6.492e-02  stopped=0/10
[12:58:01]   observer | cycle=2490  mean_rel_change=2.855e-02  max_consensus=7.346e-02  stopped=0/10
[12:58:01]   observer | cycle=2500  mean_rel_change=3.241e-02  max_consensus=7.993e-02  stopped=0/10
[12:58:01]   observer | cycle=2510  mean_rel_change=3.406e-02  max_consensus=8.313e-02  stopped=0/10
[12:58:01]   observer | cycle=2520  mean_rel_change=3.141e-02  max_consensus=6.775e-02  stopped=0/10
[12:58:01]   observer | cycle=2530  mean_rel_change=3.503e-02  max_consensus=7.089e-02  stopped=0/10
[12:58:01]   observer | cycle=2540  mean_rel_change=3.182e-02  max_consensus=6.291e-02  stopped=0/10
[12:58:01]   observer | cycle=2550  mean_rel_change=3.113e-02  max_consensus=6.782e-02  stopped=0/10
[12:58:02]   observer | cycle=2560  mean_rel_change=2.647e-02  max_consensus=6.354e-02  stopped=0/10
[12:58:02]   observer | cycle=2570  mean_rel_change=3.400e-02  max_consensus=7.663e-02  stopped=0/10
[12:58:02]   observer | cycle=2580  mean_rel_change=3.668e-02  max_consensus=6.944e-02  stopped=0/10
[12:58:02]   observer | cycle=2590  mean_rel_change=3.709e-02  max_consensus=8.011e-02  stopped=0/10
[12:58:02]   observer | cycle=2600  mean_rel_change=3.439e-02  max_consensus=6.495e-02  stopped=0/10
[12:58:02]   observer | cycle=2610  mean_rel_change=3.175e-02  max_consensus=7.160e-02  stopped=0/10
[12:58:02]   observer | cycle=2620  mean_rel_change=3.152e-02  max_consensus=5.738e-02  stopped=0/10
[12:58:02]   observer | cycle=2630  mean_rel_change=3.153e-02  max_consensus=6.407e-02  stopped=0/10
[12:58:02]   observer | cycle=2640  mean_rel_change=3.218e-02  max_consensus=6.559e-02  stopped=0/10
[12:58:03]   observer | cycle=2650  mean_rel_change=2.771e-02  max_consensus=6.816e-02  stopped=0/10
[12:58:03]   observer | cycle=2660  mean_rel_change=3.023e-02  max_consensus=7.868e-02  stopped=0/10
[12:58:03]   observer | cycle=2670  mean_rel_change=3.722e-02  max_consensus=7.337e-02  stopped=0/10
[12:58:03]   observer | cycle=2680  mean_rel_change=3.055e-02  max_consensus=8.159e-02  stopped=0/10
[12:58:03]   observer | cycle=2690  mean_rel_change=3.241e-02  max_consensus=7.225e-02  stopped=0/10
[12:58:03]   observer | cycle=2700  mean_rel_change=2.976e-02  max_consensus=5.663e-02  stopped=0/10
[12:58:03]   observer | cycle=2710  mean_rel_change=2.724e-02  max_consensus=6.666e-02  stopped=0/10
[12:58:03]   observer | cycle=2720  mean_rel_change=2.882e-02  max_consensus=7.533e-02  stopped=0/10
[12:58:03]   observer | cycle=2730  mean_rel_change=3.292e-02  max_consensus=6.751e-02  stopped=0/10
[12:58:03]   observer | cycle=2740  mean_rel_change=3.152e-02  max_consensus=6.932e-02  stopped=0/10
[12:58:04]   observer | cycle=2750  mean_rel_change=3.121e-02  max_consensus=5.697e-02  stopped=0/10
[12:58:04]   observer | cycle=2760  mean_rel_change=2.936e-02  max_consensus=5.844e-02  stopped=0/10
[12:58:04]   observer | cycle=2770  mean_rel_change=2.926e-02  max_consensus=6.864e-02  stopped=0/10
[12:58:04]   observer | cycle=2780  mean_rel_change=3.309e-02  max_consensus=6.098e-02  stopped=0/10
[12:58:04]   observer | cycle=2790  mean_rel_change=2.987e-02  max_consensus=7.124e-02  stopped=0/10
[12:58:04]   observer | cycle=2800  mean_rel_change=2.990e-02  max_consensus=6.231e-02  stopped=0/10
[12:58:04]   observer | cycle=2810  mean_rel_change=3.017e-02  max_consensus=6.655e-02  stopped=0/10
[12:58:04]   observer | cycle=2820  mean_rel_change=3.086e-02  max_consensus=6.598e-02  stopped=0/10
[12:58:05]   observer | cycle=2830  mean_rel_change=2.890e-02  max_consensus=8.044e-02  stopped=0/10
[12:58:05]   observer | cycle=2840  mean_rel_change=3.301e-02  max_consensus=7.112e-02  stopped=0/10
[12:58:05]   observer | cycle=2850  mean_rel_change=2.967e-02  max_consensus=7.752e-02  stopped=0/10
[12:58:05]   observer | cycle=2860  mean_rel_change=3.505e-02  max_consensus=8.017e-02  stopped=0/10
[12:58:05]   observer | cycle=2870  mean_rel_change=3.246e-02  max_consensus=6.505e-02  stopped=0/10
[12:58:05]   observer | cycle=2880  mean_rel_change=3.267e-02  max_consensus=7.660e-02  stopped=0/10
[12:58:05]   observer | cycle=2890  mean_rel_change=3.404e-02  max_consensus=6.594e-02  stopped=0/10
[12:58:05]   observer | cycle=2900  mean_rel_change=3.154e-02  max_consensus=7.231e-02  stopped=0/10
[12:58:06]   observer | cycle=2910  mean_rel_change=2.908e-02  max_consensus=6.928e-02  stopped=0/10
[12:58:06]   observer | cycle=2920  mean_rel_change=2.825e-02  max_consensus=7.292e-02  stopped=0/10
[12:58:06]   observer | cycle=2930  mean_rel_change=2.993e-02  max_consensus=6.742e-02  stopped=0/10
[12:58:06]   observer | cycle=2940  mean_rel_change=3.042e-02  max_consensus=6.941e-02  stopped=0/10
[12:58:06]   observer | cycle=2950  mean_rel_change=3.006e-02  max_consensus=6.739e-02  stopped=0/10
[12:58:06]   observer | cycle=2960  mean_rel_change=3.020e-02  max_consensus=7.097e-02  stopped=0/10
[12:58:06]   observer | cycle=2970  mean_rel_change=3.576e-02  max_consensus=8.175e-02  stopped=0/10
[12:58:06]   observer | cycle=2980  mean_rel_change=3.008e-02  max_consensus=6.681e-02  stopped=0/10
[12:58:06]   observer | cycle=2990  mean_rel_change=3.298e-02  max_consensus=7.419e-02  stopped=0/10
[12:58:07]   observer | cycle=3000  mean_rel_change=3.365e-02  max_consensus=6.144e-02  stopped=0/10
[12:58:07]   observer | cycle=3010  mean_rel_change=3.000e-02  max_consensus=7.593e-02  stopped=0/10
[12:58:07]   observer | cycle=3020  mean_rel_change=3.300e-02  max_consensus=8.322e-02  stopped=0/10
[12:58:07]   observer | cycle=3030  mean_rel_change=3.396e-02  max_consensus=7.551e-02  stopped=0/10
[12:58:07]   observer | cycle=3040  mean_rel_change=3.220e-02  max_consensus=7.049e-02  stopped=0/10
[12:58:07]   observer | cycle=3050  mean_rel_change=3.617e-02  max_consensus=7.839e-02  stopped=0/10
[12:58:07]   observer | cycle=3060  mean_rel_change=3.324e-02  max_consensus=6.090e-02  stopped=0/10
[12:58:07]   observer | cycle=3070  mean_rel_change=2.879e-02  max_consensus=7.469e-02  stopped=0/10
[12:58:07]   observer | cycle=3080  mean_rel_change=3.068e-02  max_consensus=6.447e-02  stopped=0/10
[12:58:08]   observer | cycle=3090  mean_rel_change=2.969e-02  max_consensus=7.046e-02  stopped=0/10
[12:58:08]   observer | cycle=3100  mean_rel_change=3.044e-02  max_consensus=7.684e-02  stopped=0/10
[12:58:08]   observer | cycle=3110  mean_rel_change=3.228e-02  max_consensus=6.953e-02  stopped=0/10
[12:58:08]   observer | cycle=3120  mean_rel_change=3.422e-02  max_consensus=6.588e-02  stopped=0/10
[12:58:08]   observer | cycle=3130  mean_rel_change=3.577e-02  max_consensus=6.949e-02  stopped=0/10
[12:58:08]   observer | cycle=3140  mean_rel_change=3.246e-02  max_consensus=7.076e-02  stopped=0/10
[12:58:08]   observer | cycle=3150  mean_rel_change=3.403e-02  max_consensus=7.413e-02  stopped=0/10
[12:58:08]   observer | cycle=3160  mean_rel_change=2.882e-02  max_consensus=7.767e-02  stopped=0/10
[12:58:09]   observer | cycle=3170  mean_rel_change=3.461e-02  max_consensus=8.696e-02  stopped=0/10
[12:58:09]   observer | cycle=3180  mean_rel_change=3.277e-02  max_consensus=5.723e-02  stopped=0/10
[12:58:09]   observer | cycle=3190  mean_rel_change=2.961e-02  max_consensus=6.254e-02  stopped=0/10
[12:58:09]   observer | cycle=3200  mean_rel_change=3.011e-02  max_consensus=6.671e-02  stopped=0/10
[12:58:09]   observer | cycle=3210  mean_rel_change=2.982e-02  max_consensus=7.177e-02  stopped=0/10
[12:58:09]   observer | cycle=3220  mean_rel_change=3.398e-02  max_consensus=7.429e-02  stopped=0/10
[12:58:09]   observer | cycle=3230  mean_rel_change=3.298e-02  max_consensus=6.072e-02  stopped=0/10
[12:58:09]   observer | cycle=3240  mean_rel_change=2.953e-02  max_consensus=6.352e-02  stopped=0/10
[12:58:10]   observer | cycle=3250  mean_rel_change=3.357e-02  max_consensus=7.219e-02  stopped=0/10
[12:58:10]   observer | cycle=3260  mean_rel_change=3.015e-02  max_consensus=6.129e-02  stopped=0/10
[12:58:10]   observer | cycle=3270  mean_rel_change=2.952e-02  max_consensus=7.602e-02  stopped=0/10
[12:58:10]   observer | cycle=3280  mean_rel_change=3.306e-02  max_consensus=8.504e-02  stopped=0/10
[12:58:10]   observer | cycle=3290  mean_rel_change=3.233e-02  max_consensus=6.895e-02  stopped=0/10
[12:58:10]   observer | cycle=3300  mean_rel_change=3.383e-02  max_consensus=7.010e-02  stopped=0/10
[12:58:10]   observer | cycle=3310  mean_rel_change=3.394e-02  max_consensus=7.795e-02  stopped=0/10
[12:58:10]   observer | cycle=3320  mean_rel_change=2.871e-02  max_consensus=7.382e-02  stopped=0/10
[12:58:11]   observer | cycle=3330  mean_rel_change=2.841e-02  max_consensus=5.675e-02  stopped=0/10
[12:58:11]   observer | cycle=3340  mean_rel_change=2.822e-02  max_consensus=6.189e-02  stopped=0/10
[12:58:11]   observer | cycle=3350  mean_rel_change=3.214e-02  max_consensus=6.784e-02  stopped=0/10
[12:58:11]   observer | cycle=3360  mean_rel_change=3.291e-02  max_consensus=7.810e-02  stopped=0/10
[12:58:11]   observer | cycle=3370  mean_rel_change=3.207e-02  max_consensus=6.274e-02  stopped=0/10
[12:58:11]   observer | cycle=3380  mean_rel_change=3.046e-02  max_consensus=8.072e-02  stopped=0/10
[12:58:11]   observer | cycle=3390  mean_rel_change=3.038e-02  max_consensus=6.307e-02  stopped=0/10
[12:58:11]   observer | cycle=3400  mean_rel_change=2.931e-02  max_consensus=6.777e-02  stopped=0/10
[12:58:11]   observer | cycle=3410  mean_rel_change=3.188e-02  max_consensus=6.448e-02  stopped=0/10
[12:58:12]   observer | cycle=3420  mean_rel_change=3.065e-02  max_consensus=8.162e-02  stopped=0/10
[12:58:12]   observer | cycle=3430  mean_rel_change=3.553e-02  max_consensus=7.144e-02  stopped=0/10
[12:58:12]   observer | cycle=3440  mean_rel_change=3.751e-02  max_consensus=7.296e-02  stopped=0/10
[12:58:12]   observer | cycle=3450  mean_rel_change=3.110e-02  max_consensus=7.714e-02  stopped=0/10
[12:58:12]   observer | cycle=3460  mean_rel_change=3.340e-02  max_consensus=1.049e-01  stopped=0/10
[12:58:12]   observer | cycle=3470  mean_rel_change=3.216e-02  max_consensus=6.792e-02  stopped=0/10
[12:58:12]   observer | cycle=3480  mean_rel_change=3.011e-02  max_consensus=6.283e-02  stopped=0/10
[12:58:12]   observer | cycle=3490  mean_rel_change=2.986e-02  max_consensus=6.906e-02  stopped=0/10
[12:58:13]   observer | cycle=3500  mean_rel_change=2.915e-02  max_consensus=7.538e-02  stopped=0/10
[12:58:13]   observer | cycle=3510  mean_rel_change=3.039e-02  max_consensus=6.759e-02  stopped=0/10
[12:58:13]   observer | cycle=3520  mean_rel_change=3.345e-02  max_consensus=7.544e-02  stopped=0/10
[12:58:13]   observer | cycle=3530  mean_rel_change=3.279e-02  max_consensus=6.648e-02  stopped=0/10
[12:58:13]   observer | cycle=3540  mean_rel_change=2.987e-02  max_consensus=6.368e-02  stopped=0/10
[12:58:13]   observer | cycle=3550  mean_rel_change=2.947e-02  max_consensus=6.653e-02  stopped=0/10
[12:58:13]   observer | cycle=3560  mean_rel_change=3.214e-02  max_consensus=6.573e-02  stopped=0/10
[12:58:13]   observer | cycle=3570  mean_rel_change=3.150e-02  max_consensus=7.216e-02  stopped=0/10
[12:58:14]   observer | cycle=3580  mean_rel_change=3.066e-02  max_consensus=6.578e-02  stopped=0/10
[12:58:14]   observer | cycle=3590  mean_rel_change=3.025e-02  max_consensus=6.403e-02  stopped=0/10
[12:58:14]   observer | cycle=3600  mean_rel_change=2.735e-02  max_consensus=6.936e-02  stopped=0/10
[12:58:14]   observer | cycle=3610  mean_rel_change=3.133e-02  max_consensus=7.001e-02  stopped=0/10
[12:58:14]   observer | cycle=3620  mean_rel_change=3.368e-02  max_consensus=5.577e-02  stopped=0/10
[12:58:14]   observer | cycle=3630  mean_rel_change=2.860e-02  max_consensus=8.650e-02  stopped=0/10
[12:58:14]   observer | cycle=3640  mean_rel_change=2.977e-02  max_consensus=6.745e-02  stopped=0/10
[12:58:14]   observer | cycle=3650  mean_rel_change=2.862e-02  max_consensus=5.753e-02  stopped=0/10
[12:58:15]   observer | cycle=3660  mean_rel_change=2.893e-02  max_consensus=6.057e-02  stopped=0/10
[12:58:15]   observer | cycle=3670  mean_rel_change=3.087e-02  max_consensus=7.776e-02  stopped=0/10
[12:58:15]   observer | cycle=3680  mean_rel_change=3.119e-02  max_consensus=8.630e-02  stopped=0/10
[12:58:15]   observer | cycle=3690  mean_rel_change=2.790e-02  max_consensus=6.774e-02  stopped=0/10
[12:58:15]   observer | cycle=3700  mean_rel_change=3.243e-02  max_consensus=8.424e-02  stopped=0/10
[12:58:15]   observer | cycle=3710  mean_rel_change=3.101e-02  max_consensus=6.340e-02  stopped=0/10
[12:58:15]   observer | cycle=3720  mean_rel_change=3.362e-02  max_consensus=8.385e-02  stopped=0/10
[12:58:15]   observer | cycle=3730  mean_rel_change=3.187e-02  max_consensus=7.150e-02  stopped=0/10
[12:58:16]   observer | cycle=3740  mean_rel_change=3.003e-02  max_consensus=7.257e-02  stopped=0/10
[12:58:16]   observer | cycle=3750  mean_rel_change=3.191e-02  max_consensus=7.086e-02  stopped=0/10
[12:58:16]   observer | cycle=3760  mean_rel_change=3.266e-02  max_consensus=5.486e-02  stopped=0/10
[12:58:16]   observer | cycle=3770  mean_rel_change=2.859e-02  max_consensus=7.211e-02  stopped=0/10
[12:58:16]   observer | cycle=3780  mean_rel_change=2.937e-02  max_consensus=6.940e-02  stopped=0/10
[12:58:16]   observer | cycle=3790  mean_rel_change=3.264e-02  max_consensus=7.163e-02  stopped=0/10
[12:58:16]   observer | cycle=3800  mean_rel_change=3.519e-02  max_consensus=7.445e-02  stopped=0/10
[12:58:17]   observer | cycle=3810  mean_rel_change=3.011e-02  max_consensus=6.114e-02  stopped=0/10
[12:58:17]   observer | cycle=3820  mean_rel_change=3.334e-02  max_consensus=9.402e-02  stopped=0/10
[12:58:17]   observer | cycle=3830  mean_rel_change=3.290e-02  max_consensus=6.711e-02  stopped=0/10
[12:58:17]   observer | cycle=3840  mean_rel_change=3.198e-02  max_consensus=6.041e-02  stopped=0/10
[12:58:17]   observer | cycle=3850  mean_rel_change=3.020e-02  max_consensus=7.214e-02  stopped=0/10
[12:58:17]   observer | cycle=3860  mean_rel_change=3.725e-02  max_consensus=7.172e-02  stopped=0/10
[12:58:17]   observer | cycle=3870  mean_rel_change=3.229e-02  max_consensus=7.369e-02  stopped=0/10
[12:58:17]   observer | cycle=3880  mean_rel_change=2.679e-02  max_consensus=6.577e-02  stopped=0/10
[12:58:18]   observer | cycle=3890  mean_rel_change=3.297e-02  max_consensus=6.578e-02  stopped=0/10
[12:58:18]   observer | cycle=3900  mean_rel_change=2.811e-02  max_consensus=5.498e-02  stopped=0/10
[12:58:18]   observer | cycle=3910  mean_rel_change=2.700e-02  max_consensus=6.297e-02  stopped=0/10
[12:58:18]   observer | cycle=3920  mean_rel_change=3.379e-02  max_consensus=8.824e-02  stopped=0/10
[12:58:18]   observer | cycle=3930  mean_rel_change=3.176e-02  max_consensus=7.520e-02  stopped=0/10
[12:58:18]   observer | cycle=3940  mean_rel_change=3.384e-02  max_consensus=8.399e-02  stopped=0/10
[12:58:18]   observer | cycle=3950  mean_rel_change=3.224e-02  max_consensus=7.077e-02  stopped=0/10
[12:58:18]   observer | cycle=3960  mean_rel_change=3.162e-02  max_consensus=7.817e-02  stopped=0/10
[12:58:18]   observer | cycle=3970  mean_rel_change=3.404e-02  max_consensus=7.616e-02  stopped=0/10
[12:58:19]   observer | cycle=3980  mean_rel_change=3.092e-02  max_consensus=6.199e-02  stopped=0/10
[12:58:19]   observer | cycle=3990  mean_rel_change=3.453e-02  max_consensus=6.827e-02  stopped=0/10
[12:58:19]   observer | cycle=4000  mean_rel_change=3.380e-02  max_consensus=7.164e-02  stopped=0/10
[12:58:19]   observer | cycle=4010  mean_rel_change=3.039e-02  max_consensus=6.317e-02  stopped=0/10
[12:58:19]   observer | cycle=4020  mean_rel_change=3.128e-02  max_consensus=7.067e-02  stopped=0/10
[12:58:19]   observer | cycle=4030  mean_rel_change=3.154e-02  max_consensus=5.988e-02  stopped=0/10
[12:58:19]   observer | cycle=4040  mean_rel_change=2.789e-02  max_consensus=6.013e-02  stopped=0/10
[12:58:19]   observer | cycle=4050  mean_rel_change=2.712e-02  max_consensus=6.966e-02  stopped=0/10
[12:58:20]   observer | cycle=4060  mean_rel_change=3.026e-02  max_consensus=7.428e-02  stopped=0/10
[12:58:20]   observer | cycle=4070  mean_rel_change=2.799e-02  max_consensus=6.926e-02  stopped=0/10
[12:58:20]   observer | cycle=4080  mean_rel_change=3.136e-02  max_consensus=7.441e-02  stopped=0/10
[12:58:20]   observer | cycle=4090  mean_rel_change=3.193e-02  max_consensus=7.248e-02  stopped=0/10
[12:58:20]   observer | cycle=4100  mean_rel_change=2.837e-02  max_consensus=7.646e-02  stopped=0/10
[12:58:20]   observer | cycle=4110  mean_rel_change=3.308e-02  max_consensus=8.118e-02  stopped=0/10
[12:58:20]   observer | cycle=4120  mean_rel_change=3.159e-02  max_consensus=5.880e-02  stopped=0/10
[12:58:20]   observer | cycle=4130  mean_rel_change=2.625e-02  max_consensus=5.890e-02  stopped=0/10
[12:58:21]   observer | cycle=4140  mean_rel_change=2.854e-02  max_consensus=6.908e-02  stopped=0/10
[12:58:21]   observer | cycle=4150  mean_rel_change=2.809e-02  max_consensus=7.277e-02  stopped=0/10
[12:58:21]   observer | cycle=4160  mean_rel_change=2.837e-02  max_consensus=6.200e-02  stopped=0/10
[12:58:21]   observer | cycle=4170  mean_rel_change=3.276e-02  max_consensus=8.203e-02  stopped=0/10
[12:58:21]   observer | cycle=4180  mean_rel_change=2.971e-02  max_consensus=6.133e-02  stopped=0/10
[12:58:21]   observer | cycle=4190  mean_rel_change=2.753e-02  max_consensus=6.764e-02  stopped=0/10
[12:58:21]   observer | cycle=4200  mean_rel_change=3.084e-02  max_consensus=7.814e-02  stopped=0/10
[12:58:22]   observer | cycle=4210  mean_rel_change=3.019e-02  max_consensus=6.150e-02  stopped=0/10
[12:58:22]   observer | cycle=4220  mean_rel_change=2.802e-02  max_consensus=6.870e-02  stopped=0/10
[12:58:22]   observer | cycle=4230  mean_rel_change=2.841e-02  max_consensus=5.794e-02  stopped=0/10
[12:58:22]   observer | cycle=4240  mean_rel_change=2.943e-02  max_consensus=7.176e-02  stopped=0/10
[12:58:22]   observer | cycle=4250  mean_rel_change=3.148e-02  max_consensus=7.289e-02  stopped=0/10
[12:58:22]   observer | cycle=4260  mean_rel_change=2.925e-02  max_consensus=6.553e-02  stopped=0/10
[12:58:22]   observer | cycle=4270  mean_rel_change=3.202e-02  max_consensus=7.253e-02  stopped=0/10
[12:58:22]   observer | cycle=4280  mean_rel_change=3.605e-02  max_consensus=5.799e-02  stopped=0/10
[12:58:23]   observer | cycle=4290  mean_rel_change=2.794e-02  max_consensus=7.234e-02  stopped=0/10
[12:58:23]   observer | cycle=4300  mean_rel_change=3.364e-02  max_consensus=7.472e-02  stopped=0/10
[12:58:23]   observer | cycle=4310  mean_rel_change=3.149e-02  max_consensus=6.833e-02  stopped=0/10
[12:58:23]   observer | cycle=4320  mean_rel_change=3.083e-02  max_consensus=6.823e-02  stopped=0/10
[12:58:23]   observer | cycle=4330  mean_rel_change=3.149e-02  max_consensus=7.382e-02  stopped=0/10
[12:58:23]   observer | cycle=4340  mean_rel_change=3.310e-02  max_consensus=7.175e-02  stopped=0/10
[12:58:23]   observer | cycle=4350  mean_rel_change=2.753e-02  max_consensus=5.927e-02  stopped=0/10
[12:58:23]   observer | cycle=4360  mean_rel_change=2.994e-02  max_consensus=6.742e-02  stopped=0/10
[12:58:24]   observer | cycle=4370  mean_rel_change=3.318e-02  max_consensus=7.298e-02  stopped=0/10
[12:58:24]   observer | cycle=4380  mean_rel_change=3.265e-02  max_consensus=6.082e-02  stopped=0/10
[12:58:24]   observer | cycle=4390  mean_rel_change=2.797e-02  max_consensus=6.265e-02  stopped=0/10
[12:58:24]   observer | cycle=4400  mean_rel_change=2.778e-02  max_consensus=6.796e-02  stopped=0/10
[12:58:24]   observer | cycle=4410  mean_rel_change=3.076e-02  max_consensus=7.686e-02  stopped=0/10
[12:58:24]   observer | cycle=4420  mean_rel_change=3.286e-02  max_consensus=7.008e-02  stopped=0/10
[12:58:24]   observer | cycle=4430  mean_rel_change=3.230e-02  max_consensus=6.296e-02  stopped=0/10
[12:58:24]   observer | cycle=4440  mean_rel_change=3.141e-02  max_consensus=6.647e-02  stopped=0/10
[12:58:25]   observer | cycle=4450  mean_rel_change=3.315e-02  max_consensus=6.649e-02  stopped=0/10
[12:58:25]   observer | cycle=4460  mean_rel_change=3.187e-02  max_consensus=6.693e-02  stopped=0/10
[12:58:25]   observer | cycle=4470  mean_rel_change=2.977e-02  max_consensus=6.644e-02  stopped=0/10
[12:58:25]   observer | cycle=4480  mean_rel_change=3.036e-02  max_consensus=6.797e-02  stopped=0/10
[12:58:25]   observer | cycle=4490  mean_rel_change=3.269e-02  max_consensus=6.009e-02  stopped=0/10
[12:58:25]   observer | cycle=4500  mean_rel_change=2.828e-02  max_consensus=5.604e-02  stopped=0/10
[12:58:25]   observer | cycle=4510  mean_rel_change=3.018e-02  max_consensus=7.011e-02  stopped=0/10
[12:58:25]   observer | cycle=4520  mean_rel_change=3.229e-02  max_consensus=8.306e-02  stopped=0/10
[12:58:26]   observer | cycle=4530  mean_rel_change=3.161e-02  max_consensus=6.715e-02  stopped=0/10
[12:58:26]   observer | cycle=4540  mean_rel_change=3.466e-02  max_consensus=8.160e-02  stopped=0/10
[12:58:26]   observer | cycle=4550  mean_rel_change=3.579e-02  max_consensus=7.053e-02  stopped=0/10
[12:58:26]   observer | cycle=4560  mean_rel_change=3.097e-02  max_consensus=7.230e-02  stopped=0/10
[12:58:26]   observer | cycle=4570  mean_rel_change=2.871e-02  max_consensus=6.642e-02  stopped=0/10
[12:58:26]   observer | cycle=4580  mean_rel_change=2.956e-02  max_consensus=7.144e-02  stopped=0/10
[12:58:26]   observer | cycle=4590  mean_rel_change=2.813e-02  max_consensus=7.363e-02  stopped=0/10
[12:58:26]   observer | cycle=4600  mean_rel_change=3.118e-02  max_consensus=6.652e-02  stopped=0/10
[12:58:27]   observer | cycle=4610  mean_rel_change=3.093e-02  max_consensus=5.827e-02  stopped=0/10
[12:58:27]   observer | cycle=4620  mean_rel_change=2.928e-02  max_consensus=5.677e-02  stopped=0/10
[12:58:27]   observer | cycle=4630  mean_rel_change=2.938e-02  max_consensus=8.856e-02  stopped=0/10
[12:58:27]   observer | cycle=4640  mean_rel_change=3.195e-02  max_consensus=6.788e-02  stopped=0/10
[12:58:27]   observer | cycle=4650  mean_rel_change=3.248e-02  max_consensus=6.717e-02  stopped=0/10
[12:58:27]   observer | cycle=4660  mean_rel_change=3.270e-02  max_consensus=6.997e-02  stopped=0/10
[12:58:27]   observer | cycle=4670  mean_rel_change=2.998e-02  max_consensus=7.372e-02  stopped=0/10
[12:58:27]   observer | cycle=4680  mean_rel_change=3.151e-02  max_consensus=7.231e-02  stopped=0/10
[12:58:27]   observer | cycle=4690  mean_rel_change=3.201e-02  max_consensus=6.423e-02  stopped=0/10
[12:58:28]   observer | cycle=4700  mean_rel_change=3.083e-02  max_consensus=6.692e-02  stopped=0/10
[12:58:28]   observer | cycle=4710  mean_rel_change=3.166e-02  max_consensus=7.469e-02  stopped=0/10
[12:58:28]   observer | cycle=4720  mean_rel_change=3.156e-02  max_consensus=7.008e-02  stopped=0/10
[12:58:28]   observer | cycle=4730  mean_rel_change=2.891e-02  max_consensus=7.006e-02  stopped=0/10
[12:58:28]   observer | cycle=4740  mean_rel_change=3.593e-02  max_consensus=7.068e-02  stopped=0/10
[12:58:28]   observer | cycle=4750  mean_rel_change=3.214e-02  max_consensus=7.880e-02  stopped=0/10
[12:58:28]   observer | cycle=4760  mean_rel_change=3.217e-02  max_consensus=7.390e-02  stopped=0/10
[12:58:28]   observer | cycle=4770  mean_rel_change=2.819e-02  max_consensus=6.319e-02  stopped=0/10
[12:58:29]   observer | cycle=4780  mean_rel_change=3.212e-02  max_consensus=7.844e-02  stopped=0/10
[12:58:29]   observer | cycle=4790  mean_rel_change=3.085e-02  max_consensus=6.325e-02  stopped=0/10
[12:58:29]   observer | cycle=4800  mean_rel_change=2.839e-02  max_consensus=7.166e-02  stopped=0/10
[12:58:29]   observer | cycle=4810  mean_rel_change=3.094e-02  max_consensus=6.448e-02  stopped=0/10
[12:58:29]   observer | cycle=4820  mean_rel_change=3.036e-02  max_consensus=7.015e-02  stopped=0/10
[12:58:29]   observer | cycle=4830  mean_rel_change=3.118e-02  max_consensus=7.282e-02  stopped=0/10
[12:58:29]   observer | cycle=4840  mean_rel_change=2.821e-02  max_consensus=7.034e-02  stopped=0/10
[12:58:29]   observer | cycle=4850  mean_rel_change=3.326e-02  max_consensus=7.982e-02  stopped=0/10
[12:58:29]   observer | cycle=4860  mean_rel_change=3.662e-02  max_consensus=6.736e-02  stopped=0/10
[12:58:30]   observer | cycle=4870  mean_rel_change=3.131e-02  max_consensus=7.778e-02  stopped=0/10
[12:58:30]   observer | cycle=4880  mean_rel_change=2.924e-02  max_consensus=6.984e-02  stopped=0/10
[12:58:30]   observer | cycle=4890  mean_rel_change=2.737e-02  max_consensus=6.891e-02  stopped=0/10
[12:58:30]   observer | cycle=4900  mean_rel_change=2.659e-02  max_consensus=5.615e-02  stopped=0/10
[12:58:30]   observer | cycle=4910  mean_rel_change=3.057e-02  max_consensus=7.371e-02  stopped=0/10
[12:58:30]   observer | cycle=4920  mean_rel_change=2.833e-02  max_consensus=7.107e-02  stopped=0/10
[12:58:30]   observer | cycle=4930  mean_rel_change=2.764e-02  max_consensus=6.458e-02  stopped=0/10
[12:58:30]   observer | cycle=4940  mean_rel_change=2.854e-02  max_consensus=7.028e-02  stopped=0/10
[12:58:31]   observer | cycle=4950  mean_rel_change=2.893e-02  max_consensus=6.468e-02  stopped=0/10
[12:58:31]   observer | cycle=4960  mean_rel_change=3.379e-02  max_consensus=6.945e-02  stopped=0/10
[12:58:31]   observer | cycle=4970  mean_rel_change=2.888e-02  max_consensus=5.957e-02  stopped=0/10
[12:58:31]   observer | cycle=4980  mean_rel_change=3.193e-02  max_consensus=6.339e-02  stopped=0/10
[12:58:31]   observer | cycle=4990  mean_rel_change=3.389e-02  max_consensus=7.478e-02  stopped=0/10
[12:58:31]   observer | cycle=4999  mean_rel_change=3.432e-02  max_consensus=7.257e-02  stopped=0/10
[12:58:31]      cdsim | Simulation finished after 5000 cycle(s)
[12:58:31]    fdr_svm | Node 0 test accuracy = 0.9050
[12:58:31]    fdr_svm | Node 1 test accuracy = 0.9050
[12:58:31]    fdr_svm | Node 2 test accuracy = 0.9050
[12:58:31]    fdr_svm | Node 3 test accuracy = 0.9050
[12:58:31]    fdr_svm | Node 4 test accuracy = 0.9050
[12:58:31]    fdr_svm | Node 5 test accuracy = 0.9050
[12:58:31]    fdr_svm | Node 6 test accuracy = 0.9050
[12:58:31]    fdr_svm | Node 7 test accuracy = 0.9050
[12:58:31]    fdr_svm | Node 8 test accuracy = 0.9050
[12:58:31]    fdr_svm | Node 9 test accuracy = 0.9050
[12:58:31]    fdr_svm | Average test accuracy across nodes = 0.9050
[12:58:31]    fdr_svm | Total communication = 24,960,000 bytes (24.96 MB) over 10 nodes
[12:58:31]    fdr_svm | Node stop cycles: [None, None, None, None, None, None, None, None, None, None]
[12:58:31]       main | fdr_svm metrics ★ D:\LocalLLM\jobs\runs\950a9668-0013-41cb-be9b-752a6ac4b44e\work\results\fdr_full_2026-10-06\ijcnn1\fdr_svm_metrics.json
[12:58:31]       main | Done.
