[12:57:05]       main | Dataset: real-sim -> real-sim
[12:57:05]       main | Comparison run ！ results ★ D:\LocalLLM\jobs\runs\950a9668-0013-41cb-be9b-752a6ac4b44e\work\results\fdr_full_2026-10-06\real-sim
[12:57:07]       data | real-sim: 72309 samples, 20958 features -> 57848 train / 14461 test
[12:57:07]       data | Worker 0: 5785 train, 14461 test
[12:57:07]       data | Worker 1: 5785 train, 14461 test
[12:57:07]       data | Worker 2: 5785 train, 14461 test
[12:57:07]       data | Worker 3: 5785 train, 14461 test
[12:57:07]       data | Worker 4: 5785 train, 14461 test
[12:57:07]       data | Worker 5: 5785 train, 14461 test
[12:57:07]       data | Worker 6: 5785 train, 14461 test
[12:57:07]       data | Worker 7: 5785 train, 14461 test
[12:57:07]       data | Worker 8: 5784 train, 14461 test
[12:57:07]       data | Worker 9: 5784 train, 14461 test
[12:57:07]       main | === SDCA ===
[12:57:07]    network | 10 nodes built (protocol 0=Linkable, 1=SDCA)
[12:57:07]       main | Training ！ topology=random_kout, k=3, max_cycles=5000, gap_threshold=0.0001
[12:57:07]       init | Node 0 loaded ！ 5785 local samples  (+warm start)
[12:57:07]       init | Node 1 loaded ！ 5785 local samples  (+warm start)
[12:57:07]       init | Node 2 loaded ！ 5785 local samples  (+warm start)
[12:57:07]       init | Node 3 loaded ！ 5785 local samples  (+warm start)
[12:57:07]       init | Node 4 loaded ！ 5785 local samples  (+warm start)
[12:57:07]       init | Node 5 loaded ！ 5785 local samples  (+warm start)
[12:57:07]       init | Node 6 loaded ！ 5785 local samples  (+warm start)
[12:57:07]       init | Node 7 loaded ！ 5785 local samples  (+warm start)
[12:57:07]       init | Node 8 loaded ！ 5784 local samples  (+warm start)
[12:57:07]       init | Node 9 loaded ！ 5784 local samples  (+warm start)
[12:57:07]      cdsim | Initialised ！ 10 nodes, 5000 cycles max
[12:57:08]   observer | cycle=0  mean_gap=3.407e-01  max_gap=7.796e-01  max_consensus=5.583e+01  stopped=0/10
[12:57:11]   observer | cycle=10  mean_gap=3.352e-03  max_gap=3.947e-03  max_consensus=1.780e+00  stopped=0/10
[12:57:15]   observer | cycle=20  mean_gap=1.543e-03  max_gap=1.594e-03  max_consensus=2.518e-01  stopped=0/10
[12:57:18]   observer | cycle=30  mean_gap=1.433e-03  max_gap=1.444e-03  max_consensus=6.454e-02  stopped=0/10
[12:57:22]   observer | cycle=40  mean_gap=1.401e-03  max_gap=1.405e-03  max_consensus=2.868e-02  stopped=0/10
[12:57:26]   observer | cycle=50  mean_gap=1.392e-03  max_gap=1.394e-03  max_consensus=1.503e-02  stopped=0/10
[12:57:29]   observer | cycle=60  mean_gap=1.388e-03  max_gap=1.390e-03  max_consensus=5.362e-03  stopped=0/10
[12:57:29]   observer | cycle=60  10 node(s) stopped on stall (rel_change < 0.001)
[12:57:29]      cdsim | Convergence threshold met ！ stopping at cycle 60
[12:57:29]      cdsim | Simulation finished after 61 cycle(s)
[12:57:29]       main | Training complete
[12:57:29]       sdca | Node 0 test accuracy = 0.9680
[12:57:29]       sdca | Node 1 test accuracy = 0.9680
[12:57:29]       sdca | Node 2 test accuracy = 0.9679
[12:57:29]       sdca | Node 3 test accuracy = 0.9680
[12:57:29]       sdca | Node 4 test accuracy = 0.9679
[12:57:29]       sdca | Node 5 test accuracy = 0.9680
[12:57:29]       sdca | Node 6 test accuracy = 0.9680
[12:57:29]       sdca | Node 7 test accuracy = 0.9680
[12:57:29]       sdca | Node 8 test accuracy = 0.9679
[12:57:29]       sdca | Node 9 test accuracy = 0.9680
[12:57:29]       sdca | Average test accuracy across nodes = 0.9680
[12:57:29]       sdca | Total communication = 3,025,785,600 bytes (3025.79 MB) over 10 nodes
[12:57:29]       sdca | Node stop cycles: [60, 60, 60, 60, 60, 60, 60, 60, 60, 60]
[12:57:29]       sdca | Node stop reasons: ['stall', 'stall', 'stall', 'stall', 'stall', 'stall', 'stall', 'stall', 'stall', 'stall']
[12:57:29]       main | sdca metrics ★ D:\LocalLLM\jobs\runs\950a9668-0013-41cb-be9b-752a6ac4b44e\work\results\fdr_full_2026-10-06\real-sim\sdca_metrics.json
[12:57:29]       main | === FDR_SVM ===
[12:57:29]       init | Node 0 loaded ！ 5785 local samples
[12:57:29]       init | Node 1 loaded ！ 5785 local samples
[12:57:29]       init | Node 2 loaded ！ 5785 local samples
[12:57:29]       init | Node 3 loaded ！ 5785 local samples
[12:57:29]       init | Node 4 loaded ！ 5785 local samples
[12:57:29]       init | Node 5 loaded ！ 5785 local samples
[12:57:29]       init | Node 6 loaded ！ 5785 local samples
[12:57:29]       init | Node 7 loaded ！ 5785 local samples
[12:57:29]       init | Node 8 loaded ！ 5784 local samples
[12:57:29]       init | Node 9 loaded ！ 5784 local samples
[12:57:29]      cdsim | Initialised ！ 10 nodes, 5000 cycles max
[12:57:29]   observer | cycle=0  mean_rel_change=nan  max_consensus=1.412e-01  stopped=0/10
[12:57:29]   observer | cycle=10  mean_rel_change=4.207e+00  max_consensus=1.319e-01  stopped=0/10
[12:57:30]   observer | cycle=20  mean_rel_change=6.884e-01  max_consensus=1.276e-01  stopped=0/10
[12:57:30]   observer | cycle=30  mean_rel_change=3.393e-01  max_consensus=1.333e-01  stopped=0/10
[12:57:30]   observer | cycle=40  mean_rel_change=2.161e-01  max_consensus=1.329e-01  stopped=0/10
[12:57:30]   observer | cycle=50  mean_rel_change=1.554e-01  max_consensus=1.290e-01  stopped=0/10
[12:57:30]   observer | cycle=60  mean_rel_change=1.164e-01  max_consensus=1.260e-01  stopped=0/10
[12:57:31]   observer | cycle=70  mean_rel_change=9.502e-02  max_consensus=1.301e-01  stopped=0/10
[12:57:31]   observer | cycle=80  mean_rel_change=7.869e-02  max_consensus=1.257e-01  stopped=0/10
[12:57:31]   observer | cycle=90  mean_rel_change=6.913e-02  max_consensus=1.319e-01  stopped=0/10
[12:57:31]   observer | cycle=100  mean_rel_change=6.327e-02  max_consensus=1.220e-01  stopped=0/10
[12:57:31]   observer | cycle=110  mean_rel_change=5.743e-02  max_consensus=1.354e-01  stopped=0/10
[12:57:31]   observer | cycle=120  mean_rel_change=5.486e-02  max_consensus=1.289e-01  stopped=0/10
[12:57:31]   observer | cycle=130  mean_rel_change=5.287e-02  max_consensus=1.232e-01  stopped=0/10
[12:57:32]   observer | cycle=140  mean_rel_change=5.312e-02  max_consensus=1.208e-01  stopped=0/10
[12:57:32]   observer | cycle=150  mean_rel_change=5.153e-02  max_consensus=1.199e-01  stopped=0/10
[12:57:32]   observer | cycle=160  mean_rel_change=5.139e-02  max_consensus=1.251e-01  stopped=0/10
[12:57:32]   observer | cycle=170  mean_rel_change=5.088e-02  max_consensus=1.209e-01  stopped=0/10
[12:57:32]   observer | cycle=180  mean_rel_change=5.115e-02  max_consensus=1.287e-01  stopped=0/10
[12:57:32]   observer | cycle=190  mean_rel_change=5.071e-02  max_consensus=1.292e-01  stopped=0/10
[12:57:33]   observer | cycle=200  mean_rel_change=5.215e-02  max_consensus=1.376e-01  stopped=0/10
[12:57:33]   observer | cycle=210  mean_rel_change=5.225e-02  max_consensus=1.238e-01  stopped=0/10
[12:57:33]   observer | cycle=220  mean_rel_change=5.016e-02  max_consensus=1.315e-01  stopped=0/10
[12:57:33]   observer | cycle=230  mean_rel_change=5.048e-02  max_consensus=1.316e-01  stopped=0/10
[12:57:33]   observer | cycle=240  mean_rel_change=5.122e-02  max_consensus=1.212e-01  stopped=0/10
[12:57:34]   observer | cycle=250  mean_rel_change=5.198e-02  max_consensus=1.320e-01  stopped=0/10
[12:57:34]   observer | cycle=260  mean_rel_change=5.144e-02  max_consensus=1.328e-01  stopped=0/10
[12:57:34]   observer | cycle=270  mean_rel_change=5.219e-02  max_consensus=1.258e-01  stopped=0/10
[12:57:34]   observer | cycle=280  mean_rel_change=5.158e-02  max_consensus=1.273e-01  stopped=0/10
[12:57:34]   observer | cycle=290  mean_rel_change=5.189e-02  max_consensus=1.264e-01  stopped=0/10
[12:57:35]   observer | cycle=300  mean_rel_change=5.078e-02  max_consensus=1.340e-01  stopped=0/10
[12:57:35]   observer | cycle=310  mean_rel_change=5.028e-02  max_consensus=1.286e-01  stopped=0/10
[12:57:35]   observer | cycle=320  mean_rel_change=5.061e-02  max_consensus=1.299e-01  stopped=0/10
[12:57:35]   observer | cycle=330  mean_rel_change=5.068e-02  max_consensus=1.269e-01  stopped=0/10
[12:57:35]   observer | cycle=340  mean_rel_change=5.087e-02  max_consensus=1.425e-01  stopped=0/10
[12:57:36]   observer | cycle=350  mean_rel_change=5.141e-02  max_consensus=1.335e-01  stopped=0/10
[12:57:36]   observer | cycle=360  mean_rel_change=5.087e-02  max_consensus=1.302e-01  stopped=0/10
[12:57:36]   observer | cycle=370  mean_rel_change=5.117e-02  max_consensus=1.235e-01  stopped=0/10
[12:57:36]   observer | cycle=380  mean_rel_change=5.128e-02  max_consensus=1.253e-01  stopped=0/10
[12:57:36]   observer | cycle=390  mean_rel_change=5.021e-02  max_consensus=1.311e-01  stopped=0/10
[12:57:37]   observer | cycle=400  mean_rel_change=5.012e-02  max_consensus=1.226e-01  stopped=0/10
[12:57:37]   observer | cycle=410  mean_rel_change=5.017e-02  max_consensus=1.249e-01  stopped=0/10
[12:57:37]   observer | cycle=420  mean_rel_change=5.048e-02  max_consensus=1.360e-01  stopped=0/10
[12:57:37]   observer | cycle=430  mean_rel_change=5.071e-02  max_consensus=1.213e-01  stopped=0/10
[12:57:37]   observer | cycle=440  mean_rel_change=5.117e-02  max_consensus=1.281e-01  stopped=0/10
[12:57:37]   observer | cycle=450  mean_rel_change=5.053e-02  max_consensus=1.205e-01  stopped=0/10
[12:57:37]   observer | cycle=460  mean_rel_change=5.004e-02  max_consensus=1.230e-01  stopped=0/10
[12:57:38]   observer | cycle=470  mean_rel_change=5.111e-02  max_consensus=1.237e-01  stopped=0/10
[12:57:38]   observer | cycle=480  mean_rel_change=5.149e-02  max_consensus=1.282e-01  stopped=0/10
[12:57:38]   observer | cycle=490  mean_rel_change=5.124e-02  max_consensus=1.340e-01  stopped=0/10
[12:57:38]   observer | cycle=500  mean_rel_change=4.988e-02  max_consensus=1.250e-01  stopped=0/10
[12:57:38]   observer | cycle=510  mean_rel_change=5.145e-02  max_consensus=1.245e-01  stopped=0/10
[12:57:39]   observer | cycle=520  mean_rel_change=4.989e-02  max_consensus=1.356e-01  stopped=0/10
[12:57:39]   observer | cycle=530  mean_rel_change=5.042e-02  max_consensus=1.292e-01  stopped=0/10
[12:57:39]   observer | cycle=540  mean_rel_change=5.055e-02  max_consensus=1.293e-01  stopped=0/10
[12:57:39]   observer | cycle=550  mean_rel_change=5.079e-02  max_consensus=1.289e-01  stopped=0/10
[12:57:39]   observer | cycle=560  mean_rel_change=5.090e-02  max_consensus=1.318e-01  stopped=0/10
[12:57:40]   observer | cycle=570  mean_rel_change=5.034e-02  max_consensus=1.250e-01  stopped=0/10
[12:57:40]   observer | cycle=580  mean_rel_change=5.038e-02  max_consensus=1.289e-01  stopped=0/10
[12:57:40]   observer | cycle=590  mean_rel_change=5.099e-02  max_consensus=1.274e-01  stopped=0/10
[12:57:40]   observer | cycle=600  mean_rel_change=5.052e-02  max_consensus=1.243e-01  stopped=0/10
[12:57:40]   observer | cycle=610  mean_rel_change=5.087e-02  max_consensus=1.302e-01  stopped=0/10
[12:57:40]   observer | cycle=620  mean_rel_change=5.067e-02  max_consensus=1.220e-01  stopped=0/10
[12:57:41]   observer | cycle=630  mean_rel_change=5.034e-02  max_consensus=1.232e-01  stopped=0/10
[12:57:41]   observer | cycle=640  mean_rel_change=5.139e-02  max_consensus=1.329e-01  stopped=0/10
[12:57:41]   observer | cycle=650  mean_rel_change=5.068e-02  max_consensus=1.219e-01  stopped=0/10
[12:57:41]   observer | cycle=660  mean_rel_change=4.981e-02  max_consensus=1.221e-01  stopped=0/10
[12:57:41]   observer | cycle=670  mean_rel_change=5.165e-02  max_consensus=1.367e-01  stopped=0/10
[12:57:41]   observer | cycle=680  mean_rel_change=5.233e-02  max_consensus=1.398e-01  stopped=0/10
[12:57:42]   observer | cycle=690  mean_rel_change=5.122e-02  max_consensus=1.239e-01  stopped=0/10
[12:57:42]   observer | cycle=700  mean_rel_change=5.180e-02  max_consensus=1.374e-01  stopped=0/10
[12:57:42]   observer | cycle=710  mean_rel_change=5.144e-02  max_consensus=1.244e-01  stopped=0/10
[12:57:42]   observer | cycle=720  mean_rel_change=5.144e-02  max_consensus=1.256e-01  stopped=0/10
[12:57:42]   observer | cycle=730  mean_rel_change=5.154e-02  max_consensus=1.301e-01  stopped=0/10
[12:57:43]   observer | cycle=740  mean_rel_change=5.134e-02  max_consensus=1.329e-01  stopped=0/10
[12:57:43]   observer | cycle=750  mean_rel_change=5.137e-02  max_consensus=1.294e-01  stopped=0/10
[12:57:43]   observer | cycle=760  mean_rel_change=5.163e-02  max_consensus=1.398e-01  stopped=0/10
[12:57:43]   observer | cycle=770  mean_rel_change=5.094e-02  max_consensus=1.262e-01  stopped=0/10
[12:57:43]   observer | cycle=780  mean_rel_change=5.081e-02  max_consensus=1.194e-01  stopped=0/10
[12:57:43]   observer | cycle=790  mean_rel_change=5.129e-02  max_consensus=1.253e-01  stopped=0/10
[12:57:44]   observer | cycle=800  mean_rel_change=5.187e-02  max_consensus=1.314e-01  stopped=0/10
[12:57:44]   observer | cycle=810  mean_rel_change=5.138e-02  max_consensus=1.235e-01  stopped=0/10
[12:57:44]   observer | cycle=820  mean_rel_change=5.068e-02  max_consensus=1.253e-01  stopped=0/10
[12:57:44]   observer | cycle=830  mean_rel_change=4.988e-02  max_consensus=1.234e-01  stopped=0/10
[12:57:44]   observer | cycle=840  mean_rel_change=5.065e-02  max_consensus=1.262e-01  stopped=0/10
[12:57:45]   observer | cycle=850  mean_rel_change=5.052e-02  max_consensus=1.320e-01  stopped=0/10
[12:57:45]   observer | cycle=860  mean_rel_change=5.034e-02  max_consensus=1.267e-01  stopped=0/10
[12:57:45]   observer | cycle=870  mean_rel_change=5.018e-02  max_consensus=1.262e-01  stopped=0/10
[12:57:45]   observer | cycle=880  mean_rel_change=4.966e-02  max_consensus=1.271e-01  stopped=0/10
[12:57:45]   observer | cycle=890  mean_rel_change=5.013e-02  max_consensus=1.318e-01  stopped=0/10
[12:57:46]   observer | cycle=900  mean_rel_change=5.123e-02  max_consensus=1.249e-01  stopped=0/10
[12:57:46]   observer | cycle=910  mean_rel_change=5.096e-02  max_consensus=1.464e-01  stopped=0/10
[12:57:46]   observer | cycle=920  mean_rel_change=5.179e-02  max_consensus=1.314e-01  stopped=0/10
[12:57:46]   observer | cycle=930  mean_rel_change=5.198e-02  max_consensus=1.226e-01  stopped=0/10
[12:57:46]   observer | cycle=940  mean_rel_change=5.052e-02  max_consensus=1.235e-01  stopped=0/10
[12:57:46]   observer | cycle=950  mean_rel_change=5.128e-02  max_consensus=1.234e-01  stopped=0/10
[12:57:47]   observer | cycle=960  mean_rel_change=5.134e-02  max_consensus=1.473e-01  stopped=0/10
[12:57:47]   observer | cycle=970  mean_rel_change=5.198e-02  max_consensus=1.445e-01  stopped=0/10
[12:57:47]   observer | cycle=980  mean_rel_change=5.173e-02  max_consensus=1.222e-01  stopped=0/10
[12:57:47]   observer | cycle=990  mean_rel_change=5.126e-02  max_consensus=1.311e-01  stopped=0/10
[12:57:47]   observer | cycle=1000  mean_rel_change=5.081e-02  max_consensus=1.262e-01  stopped=0/10
[12:57:48]   observer | cycle=1010  mean_rel_change=5.035e-02  max_consensus=1.203e-01  stopped=0/10
[12:57:48]   observer | cycle=1020  mean_rel_change=5.144e-02  max_consensus=1.267e-01  stopped=0/10
[12:57:48]   observer | cycle=1030  mean_rel_change=5.051e-02  max_consensus=1.284e-01  stopped=0/10
[12:57:48]   observer | cycle=1040  mean_rel_change=5.081e-02  max_consensus=1.173e-01  stopped=0/10
[12:57:48]   observer | cycle=1050  mean_rel_change=4.916e-02  max_consensus=1.256e-01  stopped=0/10
[12:57:48]   observer | cycle=1060  mean_rel_change=5.013e-02  max_consensus=1.230e-01  stopped=0/10
[12:57:49]   observer | cycle=1070  mean_rel_change=5.048e-02  max_consensus=1.235e-01  stopped=0/10
[12:57:49]   observer | cycle=1080  mean_rel_change=5.071e-02  max_consensus=1.269e-01  stopped=0/10
[12:57:49]   observer | cycle=1090  mean_rel_change=5.011e-02  max_consensus=1.245e-01  stopped=0/10
[12:57:49]   observer | cycle=1100  mean_rel_change=5.123e-02  max_consensus=1.226e-01  stopped=0/10
[12:57:49]   observer | cycle=1110  mean_rel_change=5.172e-02  max_consensus=1.293e-01  stopped=0/10
[12:57:50]   observer | cycle=1120  mean_rel_change=5.214e-02  max_consensus=1.263e-01  stopped=0/10
[12:57:50]   observer | cycle=1130  mean_rel_change=5.044e-02  max_consensus=1.216e-01  stopped=0/10
[12:57:50]   observer | cycle=1140  mean_rel_change=5.030e-02  max_consensus=1.331e-01  stopped=0/10
[12:57:50]   observer | cycle=1150  mean_rel_change=5.223e-02  max_consensus=1.263e-01  stopped=0/10
[12:57:50]   observer | cycle=1160  mean_rel_change=5.125e-02  max_consensus=1.393e-01  stopped=0/10
[12:57:51]   observer | cycle=1170  mean_rel_change=5.189e-02  max_consensus=1.451e-01  stopped=0/10
[12:57:51]   observer | cycle=1180  mean_rel_change=5.123e-02  max_consensus=1.273e-01  stopped=0/10
[12:57:51]   observer | cycle=1190  mean_rel_change=5.096e-02  max_consensus=1.376e-01  stopped=0/10
[12:57:51]   observer | cycle=1200  mean_rel_change=5.185e-02  max_consensus=1.276e-01  stopped=0/10
[12:57:51]   observer | cycle=1210  mean_rel_change=5.047e-02  max_consensus=1.284e-01  stopped=0/10
[12:57:51]   observer | cycle=1220  mean_rel_change=5.197e-02  max_consensus=1.248e-01  stopped=0/10
[12:57:52]   observer | cycle=1230  mean_rel_change=5.131e-02  max_consensus=1.229e-01  stopped=0/10
[12:57:52]   observer | cycle=1240  mean_rel_change=5.230e-02  max_consensus=1.287e-01  stopped=0/10
[12:57:52]   observer | cycle=1250  mean_rel_change=5.180e-02  max_consensus=1.309e-01  stopped=0/10
[12:57:52]   observer | cycle=1260  mean_rel_change=5.202e-02  max_consensus=1.276e-01  stopped=0/10
[12:57:52]   observer | cycle=1270  mean_rel_change=5.151e-02  max_consensus=1.244e-01  stopped=0/10
[12:57:53]   observer | cycle=1280  mean_rel_change=5.001e-02  max_consensus=1.283e-01  stopped=0/10
[12:57:53]   observer | cycle=1290  mean_rel_change=5.132e-02  max_consensus=1.314e-01  stopped=0/10
[12:57:53]   observer | cycle=1300  mean_rel_change=5.039e-02  max_consensus=1.224e-01  stopped=0/10
[12:57:53]   observer | cycle=1310  mean_rel_change=5.089e-02  max_consensus=1.212e-01  stopped=0/10
[12:57:54]   observer | cycle=1320  mean_rel_change=4.945e-02  max_consensus=1.264e-01  stopped=0/10
[12:57:54]   observer | cycle=1330  mean_rel_change=5.080e-02  max_consensus=1.265e-01  stopped=0/10
[12:57:54]   observer | cycle=1340  mean_rel_change=5.139e-02  max_consensus=1.233e-01  stopped=0/10
[12:57:54]   observer | cycle=1350  mean_rel_change=5.064e-02  max_consensus=1.247e-01  stopped=0/10
[12:57:54]   observer | cycle=1360  mean_rel_change=5.087e-02  max_consensus=1.186e-01  stopped=0/10
[12:57:54]   observer | cycle=1370  mean_rel_change=5.130e-02  max_consensus=1.256e-01  stopped=0/10
[12:57:55]   observer | cycle=1380  mean_rel_change=5.097e-02  max_consensus=1.317e-01  stopped=0/10
[12:57:55]   observer | cycle=1390  mean_rel_change=4.974e-02  max_consensus=1.250e-01  stopped=0/10
[12:57:55]   observer | cycle=1400  mean_rel_change=5.145e-02  max_consensus=1.288e-01  stopped=0/10
[12:57:55]   observer | cycle=1410  mean_rel_change=5.144e-02  max_consensus=1.365e-01  stopped=0/10
[12:57:55]   observer | cycle=1420  mean_rel_change=4.978e-02  max_consensus=1.211e-01  stopped=0/10
[12:57:56]   observer | cycle=1430  mean_rel_change=5.031e-02  max_consensus=1.321e-01  stopped=0/10
[12:57:56]   observer | cycle=1440  mean_rel_change=5.057e-02  max_consensus=1.297e-01  stopped=0/10
[12:57:56]   observer | cycle=1450  mean_rel_change=5.102e-02  max_consensus=1.213e-01  stopped=0/10
[12:57:56]   observer | cycle=1460  mean_rel_change=5.072e-02  max_consensus=1.265e-01  stopped=0/10
[12:57:56]   observer | cycle=1470  mean_rel_change=5.008e-02  max_consensus=1.263e-01  stopped=0/10
[12:57:56]   observer | cycle=1480  mean_rel_change=5.089e-02  max_consensus=1.259e-01  stopped=0/10
[12:57:57]   observer | cycle=1490  mean_rel_change=5.172e-02  max_consensus=1.214e-01  stopped=0/10
[12:57:57]   observer | cycle=1500  mean_rel_change=5.085e-02  max_consensus=1.250e-01  stopped=0/10
[12:57:57]   observer | cycle=1510  mean_rel_change=5.115e-02  max_consensus=1.379e-01  stopped=0/10
[12:57:57]   observer | cycle=1520  mean_rel_change=5.003e-02  max_consensus=1.263e-01  stopped=0/10
[12:57:57]   observer | cycle=1530  mean_rel_change=5.014e-02  max_consensus=1.249e-01  stopped=0/10
[12:57:57]   observer | cycle=1540  mean_rel_change=5.076e-02  max_consensus=1.279e-01  stopped=0/10
[12:57:58]   observer | cycle=1550  mean_rel_change=5.062e-02  max_consensus=1.289e-01  stopped=0/10
[12:57:58]   observer | cycle=1560  mean_rel_change=5.084e-02  max_consensus=1.228e-01  stopped=0/10
[12:57:58]   observer | cycle=1570  mean_rel_change=5.122e-02  max_consensus=1.249e-01  stopped=0/10
[12:57:58]   observer | cycle=1580  mean_rel_change=5.071e-02  max_consensus=1.317e-01  stopped=0/10
[12:57:58]   observer | cycle=1590  mean_rel_change=5.041e-02  max_consensus=1.265e-01  stopped=0/10
[12:57:58]   observer | cycle=1600  mean_rel_change=5.087e-02  max_consensus=1.230e-01  stopped=0/10
[12:57:59]   observer | cycle=1610  mean_rel_change=5.081e-02  max_consensus=1.316e-01  stopped=0/10
[12:57:59]   observer | cycle=1620  mean_rel_change=5.107e-02  max_consensus=1.259e-01  stopped=0/10
[12:57:59]   observer | cycle=1630  mean_rel_change=5.066e-02  max_consensus=1.223e-01  stopped=0/10
[12:57:59]   observer | cycle=1640  mean_rel_change=5.018e-02  max_consensus=1.268e-01  stopped=0/10
[12:57:59]   observer | cycle=1650  mean_rel_change=5.039e-02  max_consensus=1.215e-01  stopped=0/10
[12:58:00]   observer | cycle=1660  mean_rel_change=5.000e-02  max_consensus=1.358e-01  stopped=0/10
[12:58:00]   observer | cycle=1670  mean_rel_change=4.984e-02  max_consensus=1.297e-01  stopped=0/10
[12:58:00]   observer | cycle=1680  mean_rel_change=5.032e-02  max_consensus=1.250e-01  stopped=0/10
[12:58:00]   observer | cycle=1690  mean_rel_change=5.092e-02  max_consensus=1.422e-01  stopped=0/10
[12:58:00]   observer | cycle=1700  mean_rel_change=5.203e-02  max_consensus=1.362e-01  stopped=0/10
[12:58:00]   observer | cycle=1710  mean_rel_change=5.092e-02  max_consensus=1.258e-01  stopped=0/10
[12:58:01]   observer | cycle=1720  mean_rel_change=4.976e-02  max_consensus=1.334e-01  stopped=0/10
[12:58:01]   observer | cycle=1730  mean_rel_change=4.985e-02  max_consensus=1.226e-01  stopped=0/10
[12:58:01]   observer | cycle=1740  mean_rel_change=5.009e-02  max_consensus=1.220e-01  stopped=0/10
[12:58:01]   observer | cycle=1750  mean_rel_change=5.186e-02  max_consensus=1.264e-01  stopped=0/10
[12:58:01]   observer | cycle=1760  mean_rel_change=5.068e-02  max_consensus=1.376e-01  stopped=0/10
[12:58:02]   observer | cycle=1770  mean_rel_change=5.095e-02  max_consensus=1.334e-01  stopped=0/10
[12:58:02]   observer | cycle=1780  mean_rel_change=5.130e-02  max_consensus=1.353e-01  stopped=0/10
[12:58:02]   observer | cycle=1790  mean_rel_change=5.199e-02  max_consensus=1.287e-01  stopped=0/10
[12:58:02]   observer | cycle=1800  mean_rel_change=5.083e-02  max_consensus=1.203e-01  stopped=0/10
[12:58:02]   observer | cycle=1810  mean_rel_change=5.096e-02  max_consensus=1.224e-01  stopped=0/10
[12:58:02]   observer | cycle=1820  mean_rel_change=5.079e-02  max_consensus=1.261e-01  stopped=0/10
[12:58:03]   observer | cycle=1830  mean_rel_change=5.067e-02  max_consensus=1.370e-01  stopped=0/10
[12:58:03]   observer | cycle=1840  mean_rel_change=5.154e-02  max_consensus=1.246e-01  stopped=0/10
[12:58:03]   observer | cycle=1850  mean_rel_change=5.125e-02  max_consensus=1.344e-01  stopped=0/10
[12:58:03]   observer | cycle=1860  mean_rel_change=5.101e-02  max_consensus=1.271e-01  stopped=0/10
[12:58:03]   observer | cycle=1870  mean_rel_change=5.239e-02  max_consensus=1.239e-01  stopped=0/10
[12:58:03]   observer | cycle=1880  mean_rel_change=5.093e-02  max_consensus=1.337e-01  stopped=0/10
[12:58:04]   observer | cycle=1890  mean_rel_change=5.121e-02  max_consensus=1.311e-01  stopped=0/10
[12:58:04]   observer | cycle=1900  mean_rel_change=5.021e-02  max_consensus=1.393e-01  stopped=0/10
[12:58:04]   observer | cycle=1910  mean_rel_change=5.065e-02  max_consensus=1.258e-01  stopped=0/10
[12:58:04]   observer | cycle=1920  mean_rel_change=5.080e-02  max_consensus=1.311e-01  stopped=0/10
[12:58:04]   observer | cycle=1930  mean_rel_change=5.114e-02  max_consensus=1.321e-01  stopped=0/10
[12:58:05]   observer | cycle=1940  mean_rel_change=5.125e-02  max_consensus=1.322e-01  stopped=0/10
[12:58:05]   observer | cycle=1950  mean_rel_change=5.040e-02  max_consensus=1.301e-01  stopped=0/10
[12:58:05]   observer | cycle=1960  mean_rel_change=5.028e-02  max_consensus=1.227e-01  stopped=0/10
[12:58:05]   observer | cycle=1970  mean_rel_change=5.040e-02  max_consensus=1.247e-01  stopped=0/10
[12:58:05]   observer | cycle=1980  mean_rel_change=5.041e-02  max_consensus=1.247e-01  stopped=0/10
[12:58:06]   observer | cycle=1990  mean_rel_change=5.046e-02  max_consensus=1.323e-01  stopped=0/10
[12:58:06]   observer | cycle=2000  mean_rel_change=5.113e-02  max_consensus=1.266e-01  stopped=0/10
[12:58:06]   observer | cycle=2010  mean_rel_change=5.027e-02  max_consensus=1.252e-01  stopped=0/10
[12:58:06]   observer | cycle=2020  mean_rel_change=5.124e-02  max_consensus=1.392e-01  stopped=0/10
[12:58:06]   observer | cycle=2030  mean_rel_change=5.020e-02  max_consensus=1.260e-01  stopped=0/10
[12:58:07]   observer | cycle=2040  mean_rel_change=5.094e-02  max_consensus=1.294e-01  stopped=0/10
[12:58:07]   observer | cycle=2050  mean_rel_change=5.156e-02  max_consensus=1.351e-01  stopped=0/10
[12:58:07]   observer | cycle=2060  mean_rel_change=5.242e-02  max_consensus=1.412e-01  stopped=0/10
[12:58:07]   observer | cycle=2070  mean_rel_change=5.179e-02  max_consensus=1.278e-01  stopped=0/10
[12:58:07]   observer | cycle=2080  mean_rel_change=5.047e-02  max_consensus=1.276e-01  stopped=0/10
[12:58:08]   observer | cycle=2090  mean_rel_change=4.937e-02  max_consensus=1.236e-01  stopped=0/10
[12:58:08]   observer | cycle=2100  mean_rel_change=5.170e-02  max_consensus=1.404e-01  stopped=0/10
[12:58:08]   observer | cycle=2110  mean_rel_change=5.088e-02  max_consensus=1.236e-01  stopped=0/10
[12:58:08]   observer | cycle=2120  mean_rel_change=5.125e-02  max_consensus=1.222e-01  stopped=0/10
[12:58:08]   observer | cycle=2130  mean_rel_change=5.040e-02  max_consensus=1.254e-01  stopped=0/10
[12:58:08]   observer | cycle=2140  mean_rel_change=5.067e-02  max_consensus=1.228e-01  stopped=0/10
[12:58:09]   observer | cycle=2150  mean_rel_change=5.004e-02  max_consensus=1.279e-01  stopped=0/10
[12:58:09]   observer | cycle=2160  mean_rel_change=5.170e-02  max_consensus=1.323e-01  stopped=0/10
[12:58:09]   observer | cycle=2170  mean_rel_change=5.292e-02  max_consensus=1.253e-01  stopped=0/10
[12:58:09]   observer | cycle=2180  mean_rel_change=5.255e-02  max_consensus=1.192e-01  stopped=0/10
[12:58:09]   observer | cycle=2190  mean_rel_change=5.007e-02  max_consensus=1.227e-01  stopped=0/10
[12:58:10]   observer | cycle=2200  mean_rel_change=5.059e-02  max_consensus=1.225e-01  stopped=0/10
[12:58:10]   observer | cycle=2210  mean_rel_change=5.118e-02  max_consensus=1.223e-01  stopped=0/10
[12:58:10]   observer | cycle=2220  mean_rel_change=5.094e-02  max_consensus=1.297e-01  stopped=0/10
[12:58:10]   observer | cycle=2230  mean_rel_change=5.062e-02  max_consensus=1.257e-01  stopped=0/10
[12:58:10]   observer | cycle=2240  mean_rel_change=5.238e-02  max_consensus=1.463e-01  stopped=0/10
[12:58:10]   observer | cycle=2250  mean_rel_change=5.128e-02  max_consensus=1.298e-01  stopped=0/10
[12:58:11]   observer | cycle=2260  mean_rel_change=5.124e-02  max_consensus=1.265e-01  stopped=0/10
[12:58:11]   observer | cycle=2270  mean_rel_change=5.140e-02  max_consensus=1.275e-01  stopped=0/10
[12:58:11]   observer | cycle=2280  mean_rel_change=5.130e-02  max_consensus=1.296e-01  stopped=0/10
[12:58:11]   observer | cycle=2290  mean_rel_change=5.022e-02  max_consensus=1.203e-01  stopped=0/10
[12:58:11]   observer | cycle=2300  mean_rel_change=5.007e-02  max_consensus=1.278e-01  stopped=0/10
[12:58:12]   observer | cycle=2310  mean_rel_change=5.018e-02  max_consensus=1.256e-01  stopped=0/10
[12:58:12]   observer | cycle=2320  mean_rel_change=5.061e-02  max_consensus=1.233e-01  stopped=0/10
[12:58:12]   observer | cycle=2330  mean_rel_change=5.104e-02  max_consensus=1.313e-01  stopped=0/10
[12:58:12]   observer | cycle=2340  mean_rel_change=5.154e-02  max_consensus=1.283e-01  stopped=0/10
[12:58:12]   observer | cycle=2350  mean_rel_change=5.085e-02  max_consensus=1.349e-01  stopped=0/10
[12:58:13]   observer | cycle=2360  mean_rel_change=5.092e-02  max_consensus=1.227e-01  stopped=0/10
[12:58:13]   observer | cycle=2370  mean_rel_change=5.114e-02  max_consensus=1.267e-01  stopped=0/10
[12:58:13]   observer | cycle=2380  mean_rel_change=5.112e-02  max_consensus=1.261e-01  stopped=0/10
[12:58:13]   observer | cycle=2390  mean_rel_change=5.149e-02  max_consensus=1.248e-01  stopped=0/10
[12:58:13]   observer | cycle=2400  mean_rel_change=5.143e-02  max_consensus=1.298e-01  stopped=0/10
[12:58:13]   observer | cycle=2410  mean_rel_change=4.990e-02  max_consensus=1.193e-01  stopped=0/10
[12:58:14]   observer | cycle=2420  mean_rel_change=5.099e-02  max_consensus=1.314e-01  stopped=0/10
[12:58:14]   observer | cycle=2430  mean_rel_change=5.060e-02  max_consensus=1.206e-01  stopped=0/10
[12:58:14]   observer | cycle=2440  mean_rel_change=5.053e-02  max_consensus=1.292e-01  stopped=0/10
[12:58:14]   observer | cycle=2450  mean_rel_change=5.189e-02  max_consensus=1.383e-01  stopped=0/10
[12:58:14]   observer | cycle=2460  mean_rel_change=5.319e-02  max_consensus=1.344e-01  stopped=0/10
[12:58:14]   observer | cycle=2470  mean_rel_change=5.251e-02  max_consensus=1.249e-01  stopped=0/10
[12:58:15]   observer | cycle=2480  mean_rel_change=5.110e-02  max_consensus=1.252e-01  stopped=0/10
[12:58:15]   observer | cycle=2490  mean_rel_change=5.019e-02  max_consensus=1.275e-01  stopped=0/10
[12:58:15]   observer | cycle=2500  mean_rel_change=4.998e-02  max_consensus=1.346e-01  stopped=0/10
[12:58:15]   observer | cycle=2510  mean_rel_change=5.164e-02  max_consensus=1.265e-01  stopped=0/10
[12:58:15]   observer | cycle=2520  mean_rel_change=5.103e-02  max_consensus=1.326e-01  stopped=0/10
[12:58:16]   observer | cycle=2530  mean_rel_change=5.058e-02  max_consensus=1.299e-01  stopped=0/10
[12:58:16]   observer | cycle=2540  mean_rel_change=4.996e-02  max_consensus=1.285e-01  stopped=0/10
[12:58:16]   observer | cycle=2550  mean_rel_change=5.048e-02  max_consensus=1.256e-01  stopped=0/10
[12:58:16]   observer | cycle=2560  mean_rel_change=5.000e-02  max_consensus=1.258e-01  stopped=0/10
[12:58:16]   observer | cycle=2570  mean_rel_change=5.091e-02  max_consensus=1.328e-01  stopped=0/10
[12:58:17]   observer | cycle=2580  mean_rel_change=5.046e-02  max_consensus=1.355e-01  stopped=0/10
[12:58:17]   observer | cycle=2590  mean_rel_change=5.119e-02  max_consensus=1.341e-01  stopped=0/10
[12:58:17]   observer | cycle=2600  mean_rel_change=5.200e-02  max_consensus=1.273e-01  stopped=0/10
[12:58:17]   observer | cycle=2610  mean_rel_change=5.157e-02  max_consensus=1.279e-01  stopped=0/10
[12:58:17]   observer | cycle=2620  mean_rel_change=5.093e-02  max_consensus=1.251e-01  stopped=0/10
[12:58:18]   observer | cycle=2630  mean_rel_change=5.107e-02  max_consensus=1.521e-01  stopped=0/10
[12:58:18]   observer | cycle=2640  mean_rel_change=5.174e-02  max_consensus=1.323e-01  stopped=0/10
[12:58:18]   observer | cycle=2650  mean_rel_change=5.115e-02  max_consensus=1.357e-01  stopped=0/10
[12:58:18]   observer | cycle=2660  mean_rel_change=5.097e-02  max_consensus=1.244e-01  stopped=0/10
[12:58:18]   observer | cycle=2670  mean_rel_change=5.110e-02  max_consensus=1.320e-01  stopped=0/10
[12:58:19]   observer | cycle=2680  mean_rel_change=5.202e-02  max_consensus=1.371e-01  stopped=0/10
[12:58:19]   observer | cycle=2690  mean_rel_change=5.185e-02  max_consensus=1.226e-01  stopped=0/10
[12:58:19]   observer | cycle=2700  mean_rel_change=5.046e-02  max_consensus=1.238e-01  stopped=0/10
[12:58:19]   observer | cycle=2710  mean_rel_change=5.074e-02  max_consensus=1.277e-01  stopped=0/10
[12:58:20]   observer | cycle=2720  mean_rel_change=5.090e-02  max_consensus=1.366e-01  stopped=0/10
[12:58:20]   observer | cycle=2730  mean_rel_change=5.319e-02  max_consensus=1.390e-01  stopped=0/10
[12:58:20]   observer | cycle=2740  mean_rel_change=5.178e-02  max_consensus=1.221e-01  stopped=0/10
[12:58:20]   observer | cycle=2750  mean_rel_change=5.063e-02  max_consensus=1.275e-01  stopped=0/10
[12:58:20]   observer | cycle=2760  mean_rel_change=5.030e-02  max_consensus=1.276e-01  stopped=0/10
[12:58:21]   observer | cycle=2770  mean_rel_change=5.114e-02  max_consensus=1.238e-01  stopped=0/10
[12:58:21]   observer | cycle=2780  mean_rel_change=5.105e-02  max_consensus=1.310e-01  stopped=0/10
[12:58:21]   observer | cycle=2790  mean_rel_change=5.180e-02  max_consensus=1.292e-01  stopped=0/10
[12:58:21]   observer | cycle=2800  mean_rel_change=5.076e-02  max_consensus=1.198e-01  stopped=0/10
[12:58:21]   observer | cycle=2810  mean_rel_change=5.056e-02  max_consensus=1.272e-01  stopped=0/10
[12:58:22]   observer | cycle=2820  mean_rel_change=5.164e-02  max_consensus=1.221e-01  stopped=0/10
[12:58:22]   observer | cycle=2830  mean_rel_change=5.018e-02  max_consensus=1.309e-01  stopped=0/10
[12:58:22]   observer | cycle=2840  mean_rel_change=5.131e-02  max_consensus=1.268e-01  stopped=0/10
[12:58:22]   observer | cycle=2850  mean_rel_change=5.074e-02  max_consensus=1.236e-01  stopped=0/10
[12:58:22]   observer | cycle=2860  mean_rel_change=5.021e-02  max_consensus=1.237e-01  stopped=0/10
[12:58:23]   observer | cycle=2870  mean_rel_change=5.059e-02  max_consensus=1.217e-01  stopped=0/10
[12:58:23]   observer | cycle=2880  mean_rel_change=5.176e-02  max_consensus=1.440e-01  stopped=0/10
[12:58:23]   observer | cycle=2890  mean_rel_change=5.169e-02  max_consensus=1.255e-01  stopped=0/10
[12:58:23]   observer | cycle=2900  mean_rel_change=4.993e-02  max_consensus=1.262e-01  stopped=0/10
[12:58:23]   observer | cycle=2910  mean_rel_change=5.011e-02  max_consensus=1.240e-01  stopped=0/10
[12:58:24]   observer | cycle=2920  mean_rel_change=5.002e-02  max_consensus=1.216e-01  stopped=0/10
[12:58:24]   observer | cycle=2930  mean_rel_change=5.086e-02  max_consensus=1.274e-01  stopped=0/10
[12:58:24]   observer | cycle=2940  mean_rel_change=5.103e-02  max_consensus=1.226e-01  stopped=0/10
[12:58:24]   observer | cycle=2950  mean_rel_change=5.060e-02  max_consensus=1.237e-01  stopped=0/10
[12:58:24]   observer | cycle=2960  mean_rel_change=5.112e-02  max_consensus=1.230e-01  stopped=0/10
[12:58:24]   observer | cycle=2970  mean_rel_change=5.203e-02  max_consensus=1.326e-01  stopped=0/10
[12:58:25]   observer | cycle=2980  mean_rel_change=5.155e-02  max_consensus=1.283e-01  stopped=0/10
[12:58:25]   observer | cycle=2990  mean_rel_change=5.045e-02  max_consensus=1.267e-01  stopped=0/10
[12:58:25]   observer | cycle=3000  mean_rel_change=5.017e-02  max_consensus=1.257e-01  stopped=0/10
[12:58:25]   observer | cycle=3010  mean_rel_change=5.088e-02  max_consensus=1.289e-01  stopped=0/10
[12:58:25]   observer | cycle=3020  mean_rel_change=5.067e-02  max_consensus=1.295e-01  stopped=0/10
[12:58:26]   observer | cycle=3030  mean_rel_change=5.160e-02  max_consensus=1.293e-01  stopped=0/10
[12:58:26]   observer | cycle=3040  mean_rel_change=5.138e-02  max_consensus=1.217e-01  stopped=0/10
[12:58:26]   observer | cycle=3050  mean_rel_change=5.021e-02  max_consensus=1.311e-01  stopped=0/10
[12:58:26]   observer | cycle=3060  mean_rel_change=5.156e-02  max_consensus=1.270e-01  stopped=0/10
[12:58:26]   observer | cycle=3070  mean_rel_change=5.251e-02  max_consensus=1.292e-01  stopped=0/10
[12:58:27]   observer | cycle=3080  mean_rel_change=4.966e-02  max_consensus=1.308e-01  stopped=0/10
[12:58:27]   observer | cycle=3090  mean_rel_change=5.112e-02  max_consensus=1.198e-01  stopped=0/10
[12:58:27]   observer | cycle=3100  mean_rel_change=4.982e-02  max_consensus=1.281e-01  stopped=0/10
[12:58:27]   observer | cycle=3110  mean_rel_change=5.080e-02  max_consensus=1.218e-01  stopped=0/10
[12:58:27]   observer | cycle=3120  mean_rel_change=5.084e-02  max_consensus=1.457e-01  stopped=0/10
[12:58:27]   observer | cycle=3130  mean_rel_change=5.139e-02  max_consensus=1.238e-01  stopped=0/10
[12:58:28]   observer | cycle=3140  mean_rel_change=5.044e-02  max_consensus=1.240e-01  stopped=0/10
[12:58:28]   observer | cycle=3150  mean_rel_change=4.982e-02  max_consensus=1.299e-01  stopped=0/10
[12:58:28]   observer | cycle=3160  mean_rel_change=5.061e-02  max_consensus=1.289e-01  stopped=0/10
[12:58:28]   observer | cycle=3170  mean_rel_change=5.059e-02  max_consensus=1.237e-01  stopped=0/10
[12:58:28]   observer | cycle=3180  mean_rel_change=5.137e-02  max_consensus=1.228e-01  stopped=0/10
[12:58:29]   observer | cycle=3190  mean_rel_change=5.185e-02  max_consensus=1.227e-01  stopped=0/10
[12:58:29]   observer | cycle=3200  mean_rel_change=5.025e-02  max_consensus=1.250e-01  stopped=0/10
[12:58:29]   observer | cycle=3210  mean_rel_change=5.023e-02  max_consensus=1.230e-01  stopped=0/10
[12:58:29]   observer | cycle=3220  mean_rel_change=5.132e-02  max_consensus=1.434e-01  stopped=0/10
[12:58:29]   observer | cycle=3230  mean_rel_change=5.037e-02  max_consensus=1.312e-01  stopped=0/10
[12:58:30]   observer | cycle=3240  mean_rel_change=5.277e-02  max_consensus=1.358e-01  stopped=0/10
[12:58:30]   observer | cycle=3250  mean_rel_change=5.211e-02  max_consensus=1.281e-01  stopped=0/10
[12:58:30]   observer | cycle=3260  mean_rel_change=5.025e-02  max_consensus=1.312e-01  stopped=0/10
[12:58:30]   observer | cycle=3270  mean_rel_change=5.094e-02  max_consensus=1.260e-01  stopped=0/10
[12:58:30]   observer | cycle=3280  mean_rel_change=5.138e-02  max_consensus=1.328e-01  stopped=0/10
[12:58:31]   observer | cycle=3290  mean_rel_change=5.140e-02  max_consensus=1.241e-01  stopped=0/10
[12:58:31]   observer | cycle=3300  mean_rel_change=5.061e-02  max_consensus=1.235e-01  stopped=0/10
[12:58:31]   observer | cycle=3310  mean_rel_change=5.100e-02  max_consensus=1.325e-01  stopped=0/10
[12:58:31]   observer | cycle=3320  mean_rel_change=5.148e-02  max_consensus=1.287e-01  stopped=0/10
[12:58:31]   observer | cycle=3330  mean_rel_change=5.056e-02  max_consensus=1.210e-01  stopped=0/10
[12:58:31]   observer | cycle=3340  mean_rel_change=5.141e-02  max_consensus=1.331e-01  stopped=0/10
[12:58:32]   observer | cycle=3350  mean_rel_change=5.188e-02  max_consensus=1.232e-01  stopped=0/10
[12:58:32]   observer | cycle=3360  mean_rel_change=5.191e-02  max_consensus=1.328e-01  stopped=0/10
[12:58:32]   observer | cycle=3370  mean_rel_change=5.184e-02  max_consensus=1.365e-01  stopped=0/10
[12:58:32]   observer | cycle=3380  mean_rel_change=5.170e-02  max_consensus=1.383e-01  stopped=0/10
[12:58:32]   observer | cycle=3390  mean_rel_change=5.013e-02  max_consensus=1.212e-01  stopped=0/10
[12:58:33]   observer | cycle=3400  mean_rel_change=5.032e-02  max_consensus=1.320e-01  stopped=0/10
[12:58:33]   observer | cycle=3410  mean_rel_change=5.031e-02  max_consensus=1.219e-01  stopped=0/10
[12:58:33]   observer | cycle=3420  mean_rel_change=5.083e-02  max_consensus=1.233e-01  stopped=0/10
[12:58:33]   observer | cycle=3430  mean_rel_change=5.116e-02  max_consensus=1.253e-01  stopped=0/10
[12:58:33]   observer | cycle=3440  mean_rel_change=5.054e-02  max_consensus=1.205e-01  stopped=0/10
[12:58:33]   observer | cycle=3450  mean_rel_change=5.176e-02  max_consensus=1.251e-01  stopped=0/10
[12:58:34]   observer | cycle=3460  mean_rel_change=5.051e-02  max_consensus=1.256e-01  stopped=0/10
[12:58:34]   observer | cycle=3470  mean_rel_change=5.051e-02  max_consensus=1.312e-01  stopped=0/10
[12:58:34]   observer | cycle=3480  mean_rel_change=5.029e-02  max_consensus=1.228e-01  stopped=0/10
[12:58:34]   observer | cycle=3490  mean_rel_change=5.162e-02  max_consensus=1.252e-01  stopped=0/10
[12:58:34]   observer | cycle=3500  mean_rel_change=5.046e-02  max_consensus=1.281e-01  stopped=0/10
[12:58:35]   observer | cycle=3510  mean_rel_change=5.059e-02  max_consensus=1.291e-01  stopped=0/10
[12:58:35]   observer | cycle=3520  mean_rel_change=5.057e-02  max_consensus=1.334e-01  stopped=0/10
[12:58:35]   observer | cycle=3530  mean_rel_change=5.061e-02  max_consensus=1.223e-01  stopped=0/10
[12:58:35]   observer | cycle=3540  mean_rel_change=5.140e-02  max_consensus=1.340e-01  stopped=0/10
[12:58:35]   observer | cycle=3550  mean_rel_change=5.049e-02  max_consensus=1.301e-01  stopped=0/10
[12:58:35]   observer | cycle=3560  mean_rel_change=5.102e-02  max_consensus=1.254e-01  stopped=0/10
[12:58:36]   observer | cycle=3570  mean_rel_change=5.123e-02  max_consensus=1.251e-01  stopped=0/10
[12:58:36]   observer | cycle=3580  mean_rel_change=5.007e-02  max_consensus=1.224e-01  stopped=0/10
[12:58:36]   observer | cycle=3590  mean_rel_change=5.144e-02  max_consensus=1.270e-01  stopped=0/10
[12:58:36]   observer | cycle=3600  mean_rel_change=5.126e-02  max_consensus=1.301e-01  stopped=0/10
[12:58:36]   observer | cycle=3610  mean_rel_change=5.065e-02  max_consensus=1.254e-01  stopped=0/10
[12:58:36]   observer | cycle=3620  mean_rel_change=5.178e-02  max_consensus=1.294e-01  stopped=0/10
[12:58:37]   observer | cycle=3630  mean_rel_change=5.068e-02  max_consensus=1.207e-01  stopped=0/10
[12:58:37]   observer | cycle=3640  mean_rel_change=5.045e-02  max_consensus=1.275e-01  stopped=0/10
[12:58:37]   observer | cycle=3650  mean_rel_change=5.046e-02  max_consensus=1.260e-01  stopped=0/10
[12:58:37]   observer | cycle=3660  mean_rel_change=5.033e-02  max_consensus=1.243e-01  stopped=0/10
[12:58:37]   observer | cycle=3670  mean_rel_change=5.031e-02  max_consensus=1.251e-01  stopped=0/10
[12:58:37]   observer | cycle=3680  mean_rel_change=4.979e-02  max_consensus=1.294e-01  stopped=0/10
[12:58:38]   observer | cycle=3690  mean_rel_change=4.993e-02  max_consensus=1.233e-01  stopped=0/10
[12:58:38]   observer | cycle=3700  mean_rel_change=4.964e-02  max_consensus=1.242e-01  stopped=0/10
[12:58:38]   observer | cycle=3710  mean_rel_change=5.065e-02  max_consensus=1.252e-01  stopped=0/10
[12:58:38]   observer | cycle=3720  mean_rel_change=5.126e-02  max_consensus=1.305e-01  stopped=0/10
[12:58:38]   observer | cycle=3730  mean_rel_change=5.090e-02  max_consensus=1.255e-01  stopped=0/10
[12:58:39]   observer | cycle=3740  mean_rel_change=5.126e-02  max_consensus=1.348e-01  stopped=0/10
[12:58:39]   observer | cycle=3750  mean_rel_change=5.020e-02  max_consensus=1.271e-01  stopped=0/10
[12:58:39]   observer | cycle=3760  mean_rel_change=4.996e-02  max_consensus=1.203e-01  stopped=0/10
[12:58:39]   observer | cycle=3770  mean_rel_change=4.947e-02  max_consensus=1.230e-01  stopped=0/10
[12:58:39]   observer | cycle=3780  mean_rel_change=5.045e-02  max_consensus=1.252e-01  stopped=0/10
[12:58:40]   observer | cycle=3790  mean_rel_change=5.136e-02  max_consensus=1.291e-01  stopped=0/10
[12:58:40]   observer | cycle=3800  mean_rel_change=5.184e-02  max_consensus=1.252e-01  stopped=0/10
[12:58:40]   observer | cycle=3810  mean_rel_change=5.144e-02  max_consensus=1.289e-01  stopped=0/10
[12:58:40]   observer | cycle=3820  mean_rel_change=5.106e-02  max_consensus=1.225e-01  stopped=0/10
[12:58:40]   observer | cycle=3830  mean_rel_change=5.237e-02  max_consensus=1.284e-01  stopped=0/10
[12:58:40]   observer | cycle=3840  mean_rel_change=5.142e-02  max_consensus=1.200e-01  stopped=0/10
[12:58:41]   observer | cycle=3850  mean_rel_change=5.209e-02  max_consensus=1.263e-01  stopped=0/10
[12:58:41]   observer | cycle=3860  mean_rel_change=5.144e-02  max_consensus=1.241e-01  stopped=0/10
[12:58:41]   observer | cycle=3870  mean_rel_change=5.177e-02  max_consensus=1.327e-01  stopped=0/10
[12:58:41]   observer | cycle=3880  mean_rel_change=5.125e-02  max_consensus=1.324e-01  stopped=0/10
[12:58:41]   observer | cycle=3890  mean_rel_change=5.220e-02  max_consensus=1.414e-01  stopped=0/10
[12:58:42]   observer | cycle=3900  mean_rel_change=5.298e-02  max_consensus=1.374e-01  stopped=0/10
[12:58:42]   observer | cycle=3910  mean_rel_change=5.107e-02  max_consensus=1.208e-01  stopped=0/10
[12:58:42]   observer | cycle=3920  mean_rel_change=5.090e-02  max_consensus=1.230e-01  stopped=0/10
[12:58:42]   observer | cycle=3930  mean_rel_change=5.164e-02  max_consensus=1.278e-01  stopped=0/10
[12:58:42]   observer | cycle=3940  mean_rel_change=5.169e-02  max_consensus=1.271e-01  stopped=0/10
[12:58:43]   observer | cycle=3950  mean_rel_change=5.042e-02  max_consensus=1.250e-01  stopped=0/10
[12:58:43]   observer | cycle=3960  mean_rel_change=4.973e-02  max_consensus=1.238e-01  stopped=0/10
[12:58:43]   observer | cycle=3970  mean_rel_change=5.287e-02  max_consensus=1.336e-01  stopped=0/10
[12:58:43]   observer | cycle=3980  mean_rel_change=5.053e-02  max_consensus=1.424e-01  stopped=0/10
[12:58:43]   observer | cycle=3990  mean_rel_change=5.059e-02  max_consensus=1.298e-01  stopped=0/10
[12:58:44]   observer | cycle=4000  mean_rel_change=5.058e-02  max_consensus=1.287e-01  stopped=0/10
[12:58:44]   observer | cycle=4010  mean_rel_change=5.078e-02  max_consensus=1.233e-01  stopped=0/10
[12:58:44]   observer | cycle=4020  mean_rel_change=5.036e-02  max_consensus=1.244e-01  stopped=0/10
[12:58:44]   observer | cycle=4030  mean_rel_change=5.027e-02  max_consensus=1.241e-01  stopped=0/10
[12:58:44]   observer | cycle=4040  mean_rel_change=4.999e-02  max_consensus=1.313e-01  stopped=0/10
[12:58:44]   observer | cycle=4050  mean_rel_change=5.026e-02  max_consensus=1.220e-01  stopped=0/10
[12:58:45]   observer | cycle=4060  mean_rel_change=5.125e-02  max_consensus=1.401e-01  stopped=0/10
[12:58:45]   observer | cycle=4070  mean_rel_change=5.046e-02  max_consensus=1.231e-01  stopped=0/10
[12:58:45]   observer | cycle=4080  mean_rel_change=5.138e-02  max_consensus=1.281e-01  stopped=0/10
[12:58:45]   observer | cycle=4090  mean_rel_change=5.136e-02  max_consensus=1.399e-01  stopped=0/10
[12:58:45]   observer | cycle=4100  mean_rel_change=5.107e-02  max_consensus=1.234e-01  stopped=0/10
[12:58:46]   observer | cycle=4110  mean_rel_change=4.995e-02  max_consensus=1.225e-01  stopped=0/10
[12:58:46]   observer | cycle=4120  mean_rel_change=5.030e-02  max_consensus=1.270e-01  stopped=0/10
[12:58:46]   observer | cycle=4130  mean_rel_change=5.183e-02  max_consensus=1.252e-01  stopped=0/10
[12:58:46]   observer | cycle=4140  mean_rel_change=5.140e-02  max_consensus=1.239e-01  stopped=0/10
[12:58:46]   observer | cycle=4150  mean_rel_change=5.055e-02  max_consensus=1.298e-01  stopped=0/10
[12:58:47]   observer | cycle=4160  mean_rel_change=4.990e-02  max_consensus=1.261e-01  stopped=0/10
[12:58:47]   observer | cycle=4170  mean_rel_change=5.111e-02  max_consensus=1.281e-01  stopped=0/10
[12:58:47]   observer | cycle=4180  mean_rel_change=5.160e-02  max_consensus=1.253e-01  stopped=0/10
[12:58:47]   observer | cycle=4190  mean_rel_change=5.279e-02  max_consensus=1.418e-01  stopped=0/10
[12:58:47]   observer | cycle=4200  mean_rel_change=5.263e-02  max_consensus=1.292e-01  stopped=0/10
[12:58:48]   observer | cycle=4210  mean_rel_change=5.160e-02  max_consensus=1.245e-01  stopped=0/10
[12:58:48]   observer | cycle=4220  mean_rel_change=5.173e-02  max_consensus=1.454e-01  stopped=0/10
[12:58:48]   observer | cycle=4230  mean_rel_change=5.012e-02  max_consensus=1.217e-01  stopped=0/10
[12:58:48]   observer | cycle=4240  mean_rel_change=4.980e-02  max_consensus=1.279e-01  stopped=0/10
[12:58:48]   observer | cycle=4250  mean_rel_change=5.161e-02  max_consensus=1.225e-01  stopped=0/10
[12:58:48]   observer | cycle=4260  mean_rel_change=5.097e-02  max_consensus=1.308e-01  stopped=0/10
[12:58:49]   observer | cycle=4270  mean_rel_change=5.024e-02  max_consensus=1.213e-01  stopped=0/10
[12:58:49]   observer | cycle=4280  mean_rel_change=5.096e-02  max_consensus=1.363e-01  stopped=0/10
[12:58:49]   observer | cycle=4290  mean_rel_change=5.169e-02  max_consensus=1.289e-01  stopped=0/10
[12:58:49]   observer | cycle=4300  mean_rel_change=5.153e-02  max_consensus=1.281e-01  stopped=0/10
[12:58:49]   observer | cycle=4310  mean_rel_change=5.033e-02  max_consensus=1.297e-01  stopped=0/10
[12:58:50]   observer | cycle=4320  mean_rel_change=5.143e-02  max_consensus=1.239e-01  stopped=0/10
[12:58:50]   observer | cycle=4330  mean_rel_change=5.123e-02  max_consensus=1.295e-01  stopped=0/10
[12:58:50]   observer | cycle=4340  mean_rel_change=5.128e-02  max_consensus=1.264e-01  stopped=0/10
[12:58:50]   observer | cycle=4350  mean_rel_change=5.109e-02  max_consensus=1.238e-01  stopped=0/10
[12:58:50]   observer | cycle=4360  mean_rel_change=4.997e-02  max_consensus=1.199e-01  stopped=0/10
[12:58:51]   observer | cycle=4370  mean_rel_change=5.131e-02  max_consensus=1.265e-01  stopped=0/10
[12:58:51]   observer | cycle=4380  mean_rel_change=4.996e-02  max_consensus=1.255e-01  stopped=0/10
[12:58:51]   observer | cycle=4390  mean_rel_change=5.056e-02  max_consensus=1.191e-01  stopped=0/10
[12:58:51]   observer | cycle=4400  mean_rel_change=5.081e-02  max_consensus=1.362e-01  stopped=0/10
[12:58:51]   observer | cycle=4410  mean_rel_change=5.045e-02  max_consensus=1.267e-01  stopped=0/10
[12:58:51]   observer | cycle=4420  mean_rel_change=5.072e-02  max_consensus=1.292e-01  stopped=0/10
[12:58:52]   observer | cycle=4430  mean_rel_change=5.046e-02  max_consensus=1.257e-01  stopped=0/10
[12:58:52]   observer | cycle=4440  mean_rel_change=5.089e-02  max_consensus=1.429e-01  stopped=0/10
[12:58:52]   observer | cycle=4450  mean_rel_change=5.092e-02  max_consensus=1.190e-01  stopped=0/10
[12:58:52]   observer | cycle=4460  mean_rel_change=5.104e-02  max_consensus=1.365e-01  stopped=0/10
[12:58:52]   observer | cycle=4470  mean_rel_change=5.130e-02  max_consensus=1.300e-01  stopped=0/10
[12:58:53]   observer | cycle=4480  mean_rel_change=5.099e-02  max_consensus=1.322e-01  stopped=0/10
[12:58:53]   observer | cycle=4490  mean_rel_change=4.987e-02  max_consensus=1.215e-01  stopped=0/10
[12:58:53]   observer | cycle=4500  mean_rel_change=5.117e-02  max_consensus=1.232e-01  stopped=0/10
[12:58:53]   observer | cycle=4510  mean_rel_change=5.125e-02  max_consensus=1.331e-01  stopped=0/10
[12:58:53]   observer | cycle=4520  mean_rel_change=5.189e-02  max_consensus=1.314e-01  stopped=0/10
[12:58:53]   observer | cycle=4530  mean_rel_change=5.051e-02  max_consensus=1.341e-01  stopped=0/10
[12:58:53]   observer | cycle=4540  mean_rel_change=5.057e-02  max_consensus=1.213e-01  stopped=0/10
[12:58:54]   observer | cycle=4550  mean_rel_change=5.086e-02  max_consensus=1.242e-01  stopped=0/10
[12:58:54]   observer | cycle=4560  mean_rel_change=5.108e-02  max_consensus=1.267e-01  stopped=0/10
[12:58:54]   observer | cycle=4570  mean_rel_change=5.048e-02  max_consensus=1.309e-01  stopped=0/10
[12:58:54]   observer | cycle=4580  mean_rel_change=5.093e-02  max_consensus=1.221e-01  stopped=0/10
[12:58:54]   observer | cycle=4590  mean_rel_change=5.066e-02  max_consensus=1.232e-01  stopped=0/10
[12:58:54]   observer | cycle=4600  mean_rel_change=5.020e-02  max_consensus=1.231e-01  stopped=0/10
[12:58:55]   observer | cycle=4610  mean_rel_change=5.095e-02  max_consensus=1.209e-01  stopped=0/10
[12:58:55]   observer | cycle=4620  mean_rel_change=4.993e-02  max_consensus=1.237e-01  stopped=0/10
[12:58:55]   observer | cycle=4630  mean_rel_change=4.998e-02  max_consensus=1.283e-01  stopped=0/10
[12:58:55]   observer | cycle=4640  mean_rel_change=5.076e-02  max_consensus=1.211e-01  stopped=0/10
[12:58:55]   observer | cycle=4650  mean_rel_change=5.081e-02  max_consensus=1.207e-01  stopped=0/10
[12:58:56]   observer | cycle=4660  mean_rel_change=5.026e-02  max_consensus=1.293e-01  stopped=0/10
[12:58:56]   observer | cycle=4670  mean_rel_change=5.265e-02  max_consensus=1.333e-01  stopped=0/10
[12:58:56]   observer | cycle=4680  mean_rel_change=5.207e-02  max_consensus=1.277e-01  stopped=0/10
[12:58:56]   observer | cycle=4690  mean_rel_change=5.327e-02  max_consensus=1.377e-01  stopped=0/10
[12:58:56]   observer | cycle=4700  mean_rel_change=5.121e-02  max_consensus=1.234e-01  stopped=0/10
[12:58:56]   observer | cycle=4710  mean_rel_change=5.093e-02  max_consensus=1.247e-01  stopped=0/10
[12:58:57]   observer | cycle=4720  mean_rel_change=4.994e-02  max_consensus=1.264e-01  stopped=0/10
[12:58:57]   observer | cycle=4730  mean_rel_change=4.963e-02  max_consensus=1.266e-01  stopped=0/10
[12:58:57]   observer | cycle=4740  mean_rel_change=4.949e-02  max_consensus=1.194e-01  stopped=0/10
[12:58:57]   observer | cycle=4750  mean_rel_change=5.156e-02  max_consensus=1.295e-01  stopped=0/10
[12:58:57]   observer | cycle=4760  mean_rel_change=5.026e-02  max_consensus=1.249e-01  stopped=0/10
[12:58:57]   observer | cycle=4770  mean_rel_change=5.044e-02  max_consensus=1.273e-01  stopped=0/10
[12:58:58]   observer | cycle=4780  mean_rel_change=5.000e-02  max_consensus=1.328e-01  stopped=0/10
[12:58:58]   observer | cycle=4790  mean_rel_change=5.034e-02  max_consensus=1.301e-01  stopped=0/10
[12:58:58]   observer | cycle=4800  mean_rel_change=5.151e-02  max_consensus=1.267e-01  stopped=0/10
[12:58:58]   observer | cycle=4810  mean_rel_change=5.010e-02  max_consensus=1.226e-01  stopped=0/10
[12:58:58]   observer | cycle=4820  mean_rel_change=5.105e-02  max_consensus=1.311e-01  stopped=0/10
[12:58:59]   observer | cycle=4830  mean_rel_change=5.080e-02  max_consensus=1.230e-01  stopped=0/10
[12:58:59]   observer | cycle=4840  mean_rel_change=5.066e-02  max_consensus=1.321e-01  stopped=0/10
[12:58:59]   observer | cycle=4850  mean_rel_change=5.103e-02  max_consensus=1.267e-01  stopped=0/10
[12:58:59]   observer | cycle=4860  mean_rel_change=5.111e-02  max_consensus=1.226e-01  stopped=0/10
[12:58:59]   observer | cycle=4870  mean_rel_change=5.029e-02  max_consensus=1.209e-01  stopped=0/10
[12:58:59]   observer | cycle=4880  mean_rel_change=5.156e-02  max_consensus=1.249e-01  stopped=0/10
[12:59:00]   observer | cycle=4890  mean_rel_change=5.026e-02  max_consensus=1.254e-01  stopped=0/10
[12:59:00]   observer | cycle=4900  mean_rel_change=4.996e-02  max_consensus=1.269e-01  stopped=0/10
[12:59:00]   observer | cycle=4910  mean_rel_change=4.956e-02  max_consensus=1.188e-01  stopped=0/10
[12:59:00]   observer | cycle=4920  mean_rel_change=5.038e-02  max_consensus=1.240e-01  stopped=0/10
[12:59:00]   observer | cycle=4930  mean_rel_change=5.144e-02  max_consensus=1.317e-01  stopped=0/10
[12:59:00]   observer | cycle=4940  mean_rel_change=5.012e-02  max_consensus=1.246e-01  stopped=0/10
[12:59:01]   observer | cycle=4950  mean_rel_change=5.091e-02  max_consensus=1.292e-01  stopped=0/10
[12:59:01]   observer | cycle=4960  mean_rel_change=5.025e-02  max_consensus=1.223e-01  stopped=0/10
[12:59:01]   observer | cycle=4970  mean_rel_change=4.980e-02  max_consensus=1.247e-01  stopped=0/10
[12:59:01]   observer | cycle=4980  mean_rel_change=5.033e-02  max_consensus=1.322e-01  stopped=0/10
[12:59:01]   observer | cycle=4990  mean_rel_change=5.073e-02  max_consensus=1.410e-01  stopped=0/10
[12:59:01]   observer | cycle=4999  mean_rel_change=5.013e-02  max_consensus=1.289e-01  stopped=0/10
[12:59:01]      cdsim | Simulation finished after 5000 cycle(s)
[12:59:01]    fdr_svm | Node 0 test accuracy = 0.7954
[12:59:01]    fdr_svm | Node 1 test accuracy = 0.7978
[12:59:01]    fdr_svm | Node 2 test accuracy = 0.7950
[12:59:01]    fdr_svm | Node 3 test accuracy = 0.7964
[12:59:01]    fdr_svm | Node 4 test accuracy = 0.7960
[12:59:01]    fdr_svm | Node 5 test accuracy = 0.7957
[12:59:01]    fdr_svm | Node 6 test accuracy = 0.7961
[12:59:01]    fdr_svm | Node 7 test accuracy = 0.7945
[12:59:01]    fdr_svm | Node 8 test accuracy = 0.7948
[12:59:01]    fdr_svm | Node 9 test accuracy = 0.7941
[12:59:01]    fdr_svm | Average test accuracy across nodes = 0.7956
[12:59:01]    fdr_svm | Total communication = 21,798,400,000 bytes (21798.40 MB) over 10 nodes
[12:59:01]    fdr_svm | Node stop cycles: [None, None, None, None, None, None, None, None, None, None]
[12:59:01]       main | fdr_svm metrics ★ D:\LocalLLM\jobs\runs\950a9668-0013-41cb-be9b-752a6ac4b44e\work\results\fdr_full_2026-10-06\real-sim\fdr_svm_metrics.json
[12:59:01]       main | Done.
